build	Set up job	﻿2025-10-16T21:27:03.8731408Z Current runner version: '2.328.0'
build	Set up job	2025-10-16T21:27:03.8766977Z ##[group]Runner Image Provisioner
build	Set up job	2025-10-16T21:27:03.8768293Z Hosted Compute Agent
build	Set up job	2025-10-16T21:27:03.8769392Z Version: 20251013.424
build	Set up job	2025-10-16T21:27:03.8770430Z Commit: cfdd8bfed34d71a55b72df4d2e82343c3fc2bab3
build	Set up job	2025-10-16T21:27:03.8771571Z Build Date: 2025-10-13T20:22:23Z
build	Set up job	2025-10-16T21:27:03.8772631Z ##[endgroup]
build	Set up job	2025-10-16T21:27:03.8773459Z ##[group]Operating System
build	Set up job	2025-10-16T21:27:03.8774507Z Ubuntu
build	Set up job	2025-10-16T21:27:03.8775286Z 24.04.3
build	Set up job	2025-10-16T21:27:03.8776065Z LTS
build	Set up job	2025-10-16T21:27:03.8776949Z ##[endgroup]
build	Set up job	2025-10-16T21:27:03.8777866Z ##[group]Runner Image
build	Set up job	2025-10-16T21:27:03.8779005Z Image: ubuntu-24.04
build	Set up job	2025-10-16T21:27:03.8779879Z Version: 20251014.76.1
build	Set up job	2025-10-16T21:27:03.8781148Z Included Software: https://github.com/actions/runner-images/blob/ubuntu24/20251014.76/images/ubuntu/Ubuntu2404-Readme.md
build	Set up job	2025-10-16T21:27:03.8782474Z Image Release: https://github.com/actions/runner-images/releases/tag/ubuntu24%2F20251014.76
build	Set up job	2025-10-16T21:27:03.8783695Z ##[endgroup]
build	Set up job	2025-10-16T21:27:03.8784778Z ##[group]GITHUB_TOKEN Permissions
build	Set up job	2025-10-16T21:27:03.8786905Z Contents: read
build	Set up job	2025-10-16T21:27:03.8787470Z Metadata: read
build	Set up job	2025-10-16T21:27:03.8788001Z Packages: read
build	Set up job	2025-10-16T21:27:03.8788868Z ##[endgroup]
build	Set up job	2025-10-16T21:27:03.8790994Z Secret source: Actions
build	Set up job	2025-10-16T21:27:03.8791820Z Prepare workflow directory
build	Set up job	2025-10-16T21:27:03.9115030Z Prepare all required actions
build	Set up job	2025-10-16T21:27:03.9153522Z Getting action download info
build	Set up job	2025-10-16T21:27:04.3197761Z Download action repository 'actions/checkout@v4' (SHA:08eba0b27e820071cde6df949e0beb9ba4906955)
build	Set up job	2025-10-16T21:27:04.3918053Z Download action repository 'actions/setup-java@v4' (SHA:c5195efecf7bdfc987ee8bae7a71cb8b11521c00)
build	Set up job	2025-10-16T21:27:04.8399600Z Download action repository 'android-actions/setup-android@v3' (SHA:9fc6c4e9069bf8d3d10b2204b1fb8f6ef7065407)
build	Set up job	2025-10-16T21:27:05.0488436Z Download action repository 'dtolnay/rust-toolchain@stable' (SHA:5d458579430fc14a04a08a1e7d3694f545e91ce6)
build	Set up job	2025-10-16T21:27:05.2661333Z Download action repository 'actions/cache@v4' (SHA:0057852bfaa89a56745cba8c7296529d2fc39830)
build	Set up job	2025-10-16T21:27:05.4077265Z Download action repository 'actions/upload-artifact@v4' (SHA:ea165f8d65b6e75b540449e92b4886f43607fa02)
build	Set up job	2025-10-16T21:27:05.7556162Z Complete job name: build
build	Checkout	﻿2025-10-16T21:27:05.8421462Z ##[group]Run actions/checkout@v4
build	Checkout	2025-10-16T21:27:05.8423190Z with:
build	Checkout	2025-10-16T21:27:05.8424579Z   submodules: true
build	Checkout	2025-10-16T21:27:05.8426289Z   repository: ekwator/truth-android-client
build	Checkout	2025-10-16T21:27:05.8429030Z   token: ***
build	Checkout	2025-10-16T21:27:05.8430713Z   ssh-strict: true
build	Checkout	2025-10-16T21:27:05.8432189Z   ssh-user: git
build	Checkout	2025-10-16T21:27:05.8433696Z   persist-credentials: true
build	Checkout	2025-10-16T21:27:05.8435334Z   clean: true
build	Checkout	2025-10-16T21:27:05.8436817Z   sparse-checkout-cone-mode: true
build	Checkout	2025-10-16T21:27:05.8438836Z   fetch-depth: 1
build	Checkout	2025-10-16T21:27:05.8440281Z   fetch-tags: false
build	Checkout	2025-10-16T21:27:05.8441673Z   show-progress: true
build	Checkout	2025-10-16T21:27:05.8442564Z   lfs: false
build	Checkout	2025-10-16T21:27:05.8443405Z   set-safe-directory: true
build	Checkout	2025-10-16T21:27:05.8444823Z ##[endgroup]
build	Checkout	2025-10-16T21:27:05.9610911Z Syncing repository: ekwator/truth-android-client
build	Checkout	2025-10-16T21:27:05.9614707Z ##[group]Getting Git version info
build	Checkout	2025-10-16T21:27:05.9616986Z Working directory is '/home/runner/work/truth-android-client/truth-android-client'
build	Checkout	2025-10-16T21:27:05.9619633Z [command]/usr/bin/git version
build	Checkout	2025-10-16T21:27:05.9640162Z git version 2.51.0
build	Checkout	2025-10-16T21:27:05.9669340Z ##[endgroup]
build	Checkout	2025-10-16T21:27:05.9686859Z Temporarily overriding HOME='/home/runner/work/_temp/d317cab7-5d60-4110-a8f2-55beca52cd96' before making global git config changes
build	Checkout	2025-10-16T21:27:05.9691759Z Adding repository directory to the temporary git global config as a safe directory
build	Checkout	2025-10-16T21:27:05.9702812Z [command]/usr/bin/git config --global --add safe.directory /home/runner/work/truth-android-client/truth-android-client
build	Checkout	2025-10-16T21:27:05.9740653Z Deleting the contents of '/home/runner/work/truth-android-client/truth-android-client'
build	Checkout	2025-10-16T21:27:05.9745032Z ##[group]Initializing the repository
build	Checkout	2025-10-16T21:27:05.9749974Z [command]/usr/bin/git init /home/runner/work/truth-android-client/truth-android-client
build	Checkout	2025-10-16T21:27:05.9806899Z hint: Using 'master' as the name for the initial branch. This default branch name
build	Checkout	2025-10-16T21:27:05.9810679Z hint: is subject to change. To configure the initial branch name to use in all
build	Checkout	2025-10-16T21:27:05.9813960Z hint: of your new repositories, which will suppress this warning, call:
build	Checkout	2025-10-16T21:27:05.9816311Z hint:
build	Checkout	2025-10-16T21:27:05.9817908Z hint: 	git config --global init.defaultBranch <name>
build	Checkout	2025-10-16T21:27:05.9820287Z hint:
build	Checkout	2025-10-16T21:27:05.9822196Z hint: Names commonly chosen instead of 'master' are 'main', 'trunk' and
build	Checkout	2025-10-16T21:27:05.9825288Z hint: 'development'. The just-created branch can be renamed via this command:
build	Checkout	2025-10-16T21:27:05.9827836Z hint:
build	Checkout	2025-10-16T21:27:05.9829420Z hint: 	git branch -m <name>
build	Checkout	2025-10-16T21:27:05.9831136Z hint:
build	Checkout	2025-10-16T21:27:05.9901323Z hint: Disable this message with "git config set advice.defaultBranchName false"
build	Checkout	2025-10-16T21:27:05.9905586Z Initialized empty Git repository in /home/runner/work/truth-android-client/truth-android-client/.git/
build	Checkout	2025-10-16T21:27:05.9911486Z [command]/usr/bin/git remote add origin https://github.com/ekwator/truth-android-client
build	Checkout	2025-10-16T21:27:05.9916987Z ##[endgroup]
build	Checkout	2025-10-16T21:27:05.9919531Z ##[group]Disabling automatic garbage collection
build	Checkout	2025-10-16T21:27:05.9921543Z [command]/usr/bin/git config --local gc.auto 0
build	Checkout	2025-10-16T21:27:05.9925859Z ##[endgroup]
build	Checkout	2025-10-16T21:27:05.9928010Z ##[group]Setting up auth
build	Checkout	2025-10-16T21:27:05.9930457Z [command]/usr/bin/git config --local --name-only --get-regexp core\.sshCommand
build	Checkout	2025-10-16T21:27:05.9947469Z [command]/usr/bin/git submodule foreach --recursive sh -c "git config --local --name-only --get-regexp 'core\.sshCommand' && git config --local --unset-all 'core.sshCommand' || :"
build	Checkout	2025-10-16T21:27:06.0215626Z [command]/usr/bin/git config --local --name-only --get-regexp http\.https\:\/\/github\.com\/\.extraheader
build	Checkout	2025-10-16T21:27:06.0246952Z [command]/usr/bin/git submodule foreach --recursive sh -c "git config --local --name-only --get-regexp 'http\.https\:\/\/github\.com\/\.extraheader' && git config --local --unset-all 'http.https://github.com/.extraheader' || :"
build	Checkout	2025-10-16T21:27:06.0472615Z [command]/usr/bin/git config --local http.https://github.com/.extraheader AUTHORIZATION: basic ***
build	Checkout	2025-10-16T21:27:06.0507785Z ##[endgroup]
build	Checkout	2025-10-16T21:27:06.0510102Z ##[group]Fetching the repository
build	Checkout	2025-10-16T21:27:06.0526915Z [command]/usr/bin/git -c protocol.version=2 fetch --no-tags --prune --no-recurse-submodules --depth=1 origin +6e47d7010c53fda98404d01b543f6fcb1d25c1af:refs/remotes/origin/release/ci-build-run
build	Checkout	2025-10-16T21:27:06.2443717Z From https://github.com/ekwator/truth-android-client
build	Checkout	2025-10-16T21:27:06.2446098Z  * [new ref]         6e47d7010c53fda98404d01b543f6fcb1d25c1af -> origin/release/ci-build-run
build	Checkout	2025-10-16T21:27:06.2477928Z ##[endgroup]
build	Checkout	2025-10-16T21:27:06.2480444Z ##[group]Determining the checkout info
build	Checkout	2025-10-16T21:27:06.2482940Z ##[endgroup]
build	Checkout	2025-10-16T21:27:06.2486051Z [command]/usr/bin/git sparse-checkout disable
build	Checkout	2025-10-16T21:27:06.2526162Z [command]/usr/bin/git config --local --unset-all extensions.worktreeConfig
build	Checkout	2025-10-16T21:27:06.2556109Z ##[group]Checking out the ref
build	Checkout	2025-10-16T21:27:06.2560439Z [command]/usr/bin/git checkout --progress --force -B release/ci-build-run refs/remotes/origin/release/ci-build-run
build	Checkout	2025-10-16T21:27:06.2643789Z Switched to a new branch 'release/ci-build-run'
build	Checkout	2025-10-16T21:27:06.2646710Z branch 'release/ci-build-run' set up to track 'origin/release/ci-build-run'.
build	Checkout	2025-10-16T21:27:06.2654044Z ##[endgroup]
build	Checkout	2025-10-16T21:27:06.2656275Z ##[group]Setting up auth for fetching submodules
build	Checkout	2025-10-16T21:27:06.2659568Z [command]/usr/bin/git config --global http.https://github.com/.extraheader AUTHORIZATION: basic ***
build	Checkout	2025-10-16T21:27:06.2693434Z [command]/usr/bin/git config --global --unset-all url.https://github.com/.insteadOf
build	Checkout	2025-10-16T21:27:06.2722472Z [command]/usr/bin/git config --global --add url.https://github.com/.insteadOf git@github.com:
build	Checkout	2025-10-16T21:27:06.2753055Z [command]/usr/bin/git config --global --add url.https://github.com/.insteadOf org-3940389@github.com:
build	Checkout	2025-10-16T21:27:06.2780340Z ##[endgroup]
build	Checkout	2025-10-16T21:27:06.2781603Z ##[group]Fetching submodules
build	Checkout	2025-10-16T21:27:06.2782949Z [command]/usr/bin/git submodule sync
build	Checkout	2025-10-16T21:27:06.3014775Z [command]/usr/bin/git -c protocol.version=2 submodule update --init --force --depth=1
build	Checkout	2025-10-16T21:27:06.3250170Z [command]/usr/bin/git submodule foreach git config --local gc.auto 0
build	Checkout	2025-10-16T21:27:06.3489980Z ##[endgroup]
build	Checkout	2025-10-16T21:27:06.3492298Z ##[group]Persisting credentials for submodules
build	Checkout	2025-10-16T21:27:06.3497371Z [command]/usr/bin/git submodule foreach --recursive sh -c "git config --local --name-only --get-regexp 'url\.https\:\/\/github\.com\/\.insteadOf' && git config --local --unset-all 'url.https://github.com/.insteadOf' || :"
build	Checkout	2025-10-16T21:27:06.3736872Z [command]/usr/bin/git submodule foreach sh -c "git config --local 'http.https://github.com/.extraheader' 'AUTHORIZATION: basic ***' && git config --local --show-origin --name-only --get-regexp remote.origin.url"
build	Checkout	2025-10-16T21:27:06.3972310Z [command]/usr/bin/git submodule foreach git config --local --add 'url.https://github.com/.insteadOf' 'git@github.com:'
build	Checkout	2025-10-16T21:27:06.4189729Z [command]/usr/bin/git submodule foreach git config --local --add 'url.https://github.com/.insteadOf' 'org-3940389@github.com:'
build	Checkout	2025-10-16T21:27:06.4401624Z ##[endgroup]
build	Checkout	2025-10-16T21:27:06.4436251Z [command]/usr/bin/git log -1 --format=%H
build	Checkout	2025-10-16T21:27:06.4458449Z 6e47d7010c53fda98404d01b543f6fcb1d25c1af
build	Setup Java	﻿2025-10-16T21:27:06.4755077Z ##[group]Run actions/setup-java@v4
build	Setup Java	2025-10-16T21:27:06.4756026Z with:
build	Setup Java	2025-10-16T21:27:06.4756709Z   distribution: temurin
build	Setup Java	2025-10-16T21:27:06.4757512Z   java-version: 17
build	Setup Java	2025-10-16T21:27:06.4758260Z   java-package: jdk
build	Setup Java	2025-10-16T21:27:06.4759260Z   check-latest: false
build	Setup Java	2025-10-16T21:27:06.4760047Z   server-id: github
build	Setup Java	2025-10-16T21:27:06.4760856Z   server-username: GITHUB_ACTOR
build	Setup Java	2025-10-16T21:27:06.4761755Z   server-password: GITHUB_TOKEN
build	Setup Java	2025-10-16T21:27:06.4762662Z   overwrite-settings: true
build	Setup Java	2025-10-16T21:27:06.4763496Z   job-status: success
build	Setup Java	2025-10-16T21:27:06.4764569Z   token: ***
build	Setup Java	2025-10-16T21:27:06.4765266Z ##[endgroup]
build	Setup Java	2025-10-16T21:27:06.6802685Z ##[group]Installed distributions
build	Setup Java	2025-10-16T21:27:06.7155252Z Resolved Java 17.0.16+8 from tool-cache
build	Setup Java	2025-10-16T21:27:06.7157099Z Setting Java 17.0.16+8 as the default
build	Setup Java	2025-10-16T21:27:06.7169921Z Creating toolchains.xml for JDK version 17 from temurin
build	Setup Java	2025-10-16T21:27:06.7245850Z Writing to /home/runner/.m2/toolchains.xml
build	Setup Java	2025-10-16T21:27:06.7246387Z 
build	Setup Java	2025-10-16T21:27:06.7246711Z Java configuration:
build	Setup Java	2025-10-16T21:27:06.7247418Z   Distribution: temurin
build	Setup Java	2025-10-16T21:27:06.7247971Z   Version: 17.0.16+8
build	Setup Java	2025-10-16T21:27:06.7253252Z   Path: /opt/hostedtoolcache/Java_Temurin-Hotspot_jdk/17.0.16-8/x64
build	Setup Java	2025-10-16T21:27:06.7253984Z 
build	Setup Java	2025-10-16T21:27:06.7254631Z ##[endgroup]
build	Setup Java	2025-10-16T21:27:06.7276082Z Creating settings.xml with server-id: github
build	Setup Java	2025-10-16T21:27:06.7277209Z Writing to /home/runner/.m2/settings.xml
build	Setup Android SDK	﻿2025-10-16T21:27:06.7393275Z ##[group]Run android-actions/setup-android@v3
build	Setup Android SDK	2025-10-16T21:27:06.7393695Z with:
build	Setup Android SDK	2025-10-16T21:27:06.7394133Z   packages: platform-tools
build	Setup Android SDK	platforms;android-34
build	Setup Android SDK	build-tools;35.0.0
build	Setup Android SDK	ndk;26.1.10909125
build	Setup Android SDK	
build	Setup Android SDK	2025-10-16T21:27:06.7394660Z   cmdline-tools-version: 12266719
build	Setup Android SDK	2025-10-16T21:27:06.7395016Z   accept-android-sdk-licenses: true
build	Setup Android SDK	2025-10-16T21:27:06.7395400Z   log-accepted-android-sdk-licenses: true
build	Setup Android SDK	2025-10-16T21:27:06.7395737Z env:
build	Setup Android SDK	2025-10-16T21:27:06.7396111Z   JAVA_HOME: /opt/hostedtoolcache/Java_Temurin-Hotspot_jdk/17.0.16-8/x64
build	Setup Android SDK	2025-10-16T21:27:06.7396679Z   JAVA_HOME_17_X64: /opt/hostedtoolcache/Java_Temurin-Hotspot_jdk/17.0.16-8/x64
build	Setup Android SDK	2025-10-16T21:27:06.7397126Z ##[endgroup]
build	Setup Android SDK	2025-10-16T21:27:06.8709037Z Found preinstalled sdkmanager in /usr/local/lib/android/sdk/cmdline-tools/latest with following source.properties:
build	Setup Android SDK	2025-10-16T21:27:06.8710801Z Pkg.Revision=12.0
build	Setup Android SDK	2025-10-16T21:27:06.8711841Z Pkg.Path=cmdline-tools;12.0
build	Setup Android SDK	2025-10-16T21:27:06.8712530Z Pkg.Desc=Android SDK Command-line Tools
build	Setup Android SDK	2025-10-16T21:27:06.8712914Z 
build	Setup Android SDK	2025-10-16T21:27:06.8713132Z Wrong version in preinstalled sdkmanager
build	Setup Android SDK	2025-10-16T21:27:06.8714253Z Downloading commandline tools from https://dl.google.com/android/repository/commandlinetools-linux-12266719_latest.zip
build	Setup Android SDK	2025-10-16T21:27:07.9580290Z [command]/usr/bin/unzip -o -q /home/runner/work/_temp/d72bef9f-415a-460b-b87f-83ae6b6bf2b0
build	Setup Android SDK	2025-10-16T21:27:09.0614576Z Accepting Android SDK licenses
build	Setup Android SDK	2025-10-16T21:27:09.0621198Z [command]/usr/local/lib/android/sdk/cmdline-tools/16.0/bin/sdkmanager --licenses
build	Setup Android SDK	2025-10-16T21:27:14.4312714Z Loading local repository...                                                     
build	Setup Android SDK	2025-10-16T21:27:14.4313571Z [=========                              ] 25% Loading local repository...       
build	Setup Android SDK	2025-10-16T21:27:15.9942695Z [=========                              ] 25% Fetch remote repository...        
build	Setup Android SDK	2025-10-16T21:27:16.3867348Z [==========                             ] 26% Fetch remote repository...        
build	Setup Android SDK	2025-10-16T21:27:16.3881261Z [============                           ] 31% Fetch remote repository...        
build	Setup Android SDK	2025-10-16T21:27:16.3980598Z [============                           ] 32% Fetch remote repository...        
build	Setup Android SDK	2025-10-16T21:27:16.3985179Z [=============                          ] 33% Fetch remote repository...        
build	Setup Android SDK	2025-10-16T21:27:16.4402038Z [=============                          ] 35% Fetch remote repository...        
build	Setup Android SDK	2025-10-16T21:27:16.4413834Z [==============                         ] 36% Fetch remote repository...        
build	Setup Android SDK	2025-10-16T21:27:16.4576070Z [==============                         ] 37% Fetch remote repository...        
build	Setup Android SDK	2025-10-16T21:27:16.4591591Z [===============                        ] 38% Fetch remote repository...        
build	Setup Android SDK	2025-10-16T21:27:16.4698136Z [===============                        ] 39% Fetch remote repository...        
build	Setup Android SDK	2025-10-16T21:27:16.4746439Z [================                       ] 40% Fetch remote repository...        
build	Setup Android SDK	2025-10-16T21:27:16.4837327Z [================                       ] 41% Fetch remote repository...        
build	Setup Android SDK	2025-10-16T21:27:16.4838928Z [================                       ] 42% Fetch remote repository...        
build	Setup Android SDK	2025-10-16T21:27:16.4984658Z [=================                      ] 44% Fetch remote repository...        
build	Setup Android SDK	2025-10-16T21:27:16.4985958Z [=================                      ] 45% Fetch remote repository...        
build	Setup Android SDK	2025-10-16T21:27:16.6151528Z [==================                     ] 46% Fetch remote repository...        
build	Setup Android SDK	2025-10-16T21:27:16.6152792Z [==================                     ] 47% Fetch remote repository...        
build	Setup Android SDK	2025-10-16T21:27:16.6558566Z [===================                    ] 48% Fetch remote repository...        
build	Setup Android SDK	2025-10-16T21:27:16.6560524Z [===================                    ] 49% Fetch remote repository...        
build	Setup Android SDK	2025-10-16T21:27:16.6842348Z [====================                   ] 50% Fetch remote repository...        
build	Setup Android SDK	2025-10-16T21:27:16.6843089Z [====================                   ] 51% Fetch remote repository...        
build	Setup Android SDK	2025-10-16T21:27:16.7162338Z [====================                   ] 53% Fetch remote repository...        
build	Setup Android SDK	2025-10-16T21:27:16.7170529Z [=====================                  ] 54% Fetch remote repository...        
build	Setup Android SDK	2025-10-16T21:27:16.7294827Z [=====================                  ] 55% Fetch remote repository...        
build	Setup Android SDK	2025-10-16T21:27:16.7295503Z [======================                 ] 56% Fetch remote repository...        
build	Setup Android SDK	2025-10-16T21:27:16.7420350Z [======================                 ] 57% Fetch remote repository...        
build	Setup Android SDK	2025-10-16T21:27:16.7451265Z [=======================                ] 58% Fetch remote repository...        
build	Setup Android SDK	2025-10-16T21:27:16.7576047Z [=======================                ] 59% Fetch remote repository...        
build	Setup Android SDK	2025-10-16T21:27:16.7580822Z [========================               ] 60% Fetch remote repository...        
build	Setup Android SDK	2025-10-16T21:27:16.7740697Z [========================               ] 61% Fetch remote repository...        
build	Setup Android SDK	2025-10-16T21:27:16.7745900Z [=========================              ] 63% Fetch remote repository...        
build	Setup Android SDK	2025-10-16T21:27:16.7843039Z [=========================              ] 64% Fetch remote repository...        
build	Setup Android SDK	2025-10-16T21:27:16.7868028Z [=========================              ] 65% Fetch remote repository...        
build	Setup Android SDK	2025-10-16T21:27:16.7938421Z [==========================             ] 66% Fetch remote repository...        
build	Setup Android SDK	2025-10-16T21:27:16.7944792Z [==========================             ] 67% Fetch remote repository...        
build	Setup Android SDK	2025-10-16T21:27:16.8061531Z [===========================            ] 68% Fetch remote repository...        
build	Setup Android SDK	2025-10-16T21:27:16.8066827Z [===========================            ] 69% Fetch remote repository...        
build	Setup Android SDK	2025-10-16T21:27:16.8164972Z [============================           ] 70% Fetch remote repository...        
build	Setup Android SDK	2025-10-16T21:27:16.8181792Z [============================           ] 72% Fetch remote repository...        
build	Setup Android SDK	2025-10-16T21:27:16.8533026Z [=============================          ] 73% Fetch remote repository...        
build	Setup Android SDK	2025-10-16T21:27:16.8535990Z [=============================          ] 74% Fetch remote repository...        
build	Setup Android SDK	2025-10-16T21:27:16.8669493Z [=============================          ] 75% Fetch remote repository...        
build	Setup Android SDK	2025-10-16T21:27:16.8805665Z [=============================          ] 75% Computing updates...              
build	Setup Android SDK	2025-10-16T21:27:16.8806712Z [=======================================] 100% Computing updates...             
build	Setup Android SDK	2025-10-16T21:27:16.9983537Z 6 of 7 SDK package licenses not accepted.
build	Setup Android SDK	2025-10-16T21:27:16.9986575Z Review licenses that have not been accepted (y/N)? 
build	Setup Android SDK	2025-10-16T21:27:16.9987580Z 1/6: License android-googletv-license:
build	Setup Android SDK	2025-10-16T21:27:16.9988322Z ---------------------------------------
build	Setup Android SDK	2025-10-16T21:27:16.9995678Z Terms and Conditions
build	Setup Android SDK	2025-10-16T21:27:16.9997308Z 
build	Setup Android SDK	2025-10-16T21:27:17.0000530Z This is the Google TV Add-on for the Android Software Development Kit License Agreement.
build	Setup Android SDK	2025-10-16T21:27:17.0001121Z 
build	Setup Android SDK	2025-10-16T21:27:17.0001247Z 1. Introduction
build	Setup Android SDK	2025-10-16T21:27:17.0001453Z 
build	Setup Android SDK	2025-10-16T21:27:17.0003575Z 1.1 The Google TV Add-on for the Android Software Development Kit (referred to in this License Agreement as the "Google TV Add-on" and specifically including the Android system files, packaged APIs, and Google APIs add-ons) is licensed to you subject to the terms of this License Agreement. This License Agreement forms a legally binding contract between you and Google in relation to your use of the Google TV Add-on.
build	Setup Android SDK	2025-10-16T21:27:17.0005898Z 
build	Setup Android SDK	2025-10-16T21:27:17.0006696Z 1.2 "Google" means Google Inc., a Delaware corporation with principal place of business at 1600 Amphitheatre Parkway, Mountain View, CA 94043, United States.
build	Setup Android SDK	2025-10-16T21:27:17.0007622Z 
build	Setup Android SDK	2025-10-16T21:27:17.0007779Z 2. Accepting this License Agreement
build	Setup Android SDK	2025-10-16T21:27:17.0008076Z 
build	Setup Android SDK	2025-10-16T21:27:17.0009038Z 2.1 In order to use the Google TV Add-on, you must first agree to this License Agreement. You may not use the Google TV Add-on if you do not accept this License Agreement.
build	Setup Android SDK	2025-10-16T21:27:17.0010298Z 
build	Setup Android SDK	2025-10-16T21:27:17.0010492Z 2.2 You can accept this License Agreement by:
build	Setup Android SDK	2025-10-16T21:27:17.0010809Z 
build	Setup Android SDK	2025-10-16T21:27:17.0011261Z (A) clicking to accept or agree to this License Agreement, where this option is made available to you; or
build	Setup Android SDK	2025-10-16T21:27:17.0011877Z 
build	Setup Android SDK	2025-10-16T21:27:17.0012652Z (B) by actually using the Google TV Add-on. In this case, you agree that use of the Google TV Add-on constitutes acceptance of the License Agreement from that point onwards.
build	Setup Android SDK	2025-10-16T21:27:17.0013579Z 
build	Setup Android SDK	2025-10-16T21:27:17.0014979Z 2.3 You may not use the Google TV Add-on and may not accept the Licensing Agreement if you are a person barred from receiving the Google TV Add-on under the laws of the United States or other countries including the country in which you are resident or from which you use the Google TV Add-on.
build	Setup Android SDK	2025-10-16T21:27:17.0016965Z 
build	Setup Android SDK	2025-10-16T21:27:17.0019066Z 2.4 If you are agreeing to be bound by this License Agreement on behalf of your employer or other entity, you represent and warrant that you have full legal authority to bind your employer or such entity to this License Agreement. If you do not have the requisite authority, you may not accept the Licensing Agreement or use the Google TV Add-on on behalf of your employer or other entity.
build	Setup Android SDK	2025-10-16T21:27:17.0021118Z 
build	Setup Android SDK	2025-10-16T21:27:17.0021289Z 3. Google TV Add-on License from Google
build	Setup Android SDK	2025-10-16T21:27:17.0021602Z 
build	Setup Android SDK	2025-10-16T21:27:17.0022788Z 3.1 Subject to the terms of this License Agreement, Google grants you a limited, worldwide, royalty-free, non- assignable and non-exclusive license to use the Google TV Add-on solely to develop applications to run on the Google TV platform.
build	Setup Android SDK	2025-10-16T21:27:17.0024127Z 
build	Setup Android SDK	2025-10-16T21:27:17.0026240Z 3.2 You agree that Google or third parties own all legal right, title and interest in and to the Google TV Add-on, including any Intellectual Property Rights that subsist in the Google TV Add-on. "Intellectual Property Rights" means any and all rights under patent law, copyright law, trade secret law, trademark law, and any and all other proprietary rights. Google reserves all rights not expressly granted to you.
build	Setup Android SDK	2025-10-16T21:27:17.0028500Z 
build	Setup Android SDK	2025-10-16T21:27:17.0031832Z 3.3 Except to the extent required by applicable third party licenses, you may not copy (except for backup purposes), modify, adapt, redistribute, decompile, reverse engineer, disassemble, or create derivative works of the Google TV Add-on or any part of the Google TV Add-on. Except to the extent required by applicable third party licenses, you may not load any part of the Google TV Add-on onto a mobile handset, television, or any other hardware device except a personal computer, combine any part of the Google TV Add-on with other software, or distribute any software or device incorporating a part of the Google TV Add-on.
build	Setup Android SDK	2025-10-16T21:27:17.0035228Z 
build	Setup Android SDK	2025-10-16T21:27:17.0036353Z 3.4 Use, reproduction and distribution of components of the Google TV Add-on licensed under an open source software license are governed solely by the terms of that open source software license and not this License Agreement.
build	Setup Android SDK	2025-10-16T21:27:17.0037614Z 
build	Setup Android SDK	2025-10-16T21:27:17.0040150Z 3.5 You agree that the form and nature of the Google TV Add-on that Google provides may change without prior notice to you and that future versions of the Google TV Add-on may be incompatible with applications developed on previous versions of the Google TV Add-on. You agree that Google may stop (permanently or temporarily) providing the Google TV Add-on (or any features within the Google TV Add-on) to you or to users generally at Google's sole discretion, without prior notice to you.
build	Setup Android SDK	2025-10-16T21:27:17.0042710Z 
build	Setup Android SDK	2025-10-16T21:27:17.0044384Z 3.6 Nothing in this License Agreement gives you a right to use any of Google's or it’s licensors’ trade names, trademarks, service marks, logos, domain names, or other distinctive brand features.
build	Setup Android SDK	2025-10-16T21:27:17.0045499Z 
build	Setup Android SDK	2025-10-16T21:27:17.0046426Z 3.7 You agree that you will not remove, obscure, or alter any proprietary rights notices (including copyright and trademark notices) that may be affixed to or contained within the Google TV Add-on.
build	Setup Android SDK	2025-10-16T21:27:17.0047779Z 
build	Setup Android SDK	2025-10-16T21:27:17.0047983Z 4. Use of the Google TV Add-on by You
build	Setup Android SDK	2025-10-16T21:27:17.0048271Z 
build	Setup Android SDK	2025-10-16T21:27:17.0088856Z 4.1 Google agrees that it obtains no right, title or interest from you (or your licensors) under this License Agreement in or to any software applications that you develop using the Google TV Add-on, including any intellectual property rights that subsist in those applications.
build	Setup Android SDK	2025-10-16T21:27:17.0091699Z 
build	Setup Android SDK	2025-10-16T21:27:17.0103306Z 4.2 You agree to use the Google TV Add-on and write applications only for purposes that are permitted by (a) this License Agreement and (b) any applicable law, regulation or generally accepted practices or guidelines in the relevant jurisdictions (including any laws regarding the export of data or software to and from the United States or other relevant countries).
build	Setup Android SDK	2025-10-16T21:27:17.0125364Z 
build	Setup Android SDK	2025-10-16T21:27:17.0129752Z 4.3 You agree that if you use the Google TV Add-on to develop applications for general public users, you will protect the privacy and legal rights of those users. If the users provide you with user names, passwords, or other login information or personal information, your must make the users aware that the information will be available to your application, and you must provide legally adequate privacy notice and protection for those users. If your application stores personal or sensitive information provided by users, it must do so securely. If the user provides your application with Google Account information, your application may only use that information to access the user's Google Account when, and for the limited purposes for which, the user has given you explicit permission to do so.
build	Setup Android SDK	2025-10-16T21:27:17.0133997Z 
build	Setup Android SDK	2025-10-16T21:27:17.0136178Z 4.4 You agree that you will not engage in any activity with the Google TV Add-on, including the development or distribution of an application, that interferes with, disrupts, damages, or accesses in an unauthorized manner the servers, networks, or other properties or services of any third party including, but not limited to, Google, Multichannel Video Program Distributors or any mobile communications carrier.
build	Setup Android SDK	2025-10-16T21:27:17.0138446Z 
build	Setup Android SDK	2025-10-16T21:27:17.0150294Z 4.5 You agree that you are solely responsible for (and that Google has no responsibility to you or to any third party for) any data, content, or resources that you create, transmit or display through the Google TV platform and/or applications for the Google TV platform, and for the consequences of your actions (including any loss or damage which Google may suffer) by doing so.
build	Setup Android SDK	2025-10-16T21:27:17.0152407Z 
build	Setup Android SDK	2025-10-16T21:27:17.0154460Z 4.6 You agree that you are solely responsible for (and that Google has no responsibility to you or to any third party for) any breach of your obligations under this License Agreement, any applicable third party contract or Terms of Service, or any applicable law or regulation, and for the consequences (including any loss or damage which Google or any third party may suffer) of any such breach.
build	Setup Android SDK	2025-10-16T21:27:17.0156667Z 
build	Setup Android SDK	2025-10-16T21:27:17.0156826Z 5. Your Developer Credentials
build	Setup Android SDK	2025-10-16T21:27:17.0157088Z 
build	Setup Android SDK	2025-10-16T21:27:17.0158531Z 5.1 You agree that you are responsible for maintaining the confidentiality of any developer credentials that may be issued to you by Google or which you may choose yourself and that you will be solely responsible for all applications that are developed under your developer credentials.
build	Setup Android SDK	2025-10-16T21:27:17.0160352Z 
build	Setup Android SDK	2025-10-16T21:27:17.0160507Z 6. Privacy and Information
build	Setup Android SDK	2025-10-16T21:27:17.0160753Z 
build	Setup Android SDK	2025-10-16T21:27:17.0163347Z 6.1 In order to continually innovate and improve the Google TV Add-on, Google may collect certain usage statistics from the software including but not limited to a unique identifier, associated IP address, version number of the software, and information on which tools and/or services in the Google TV Add-on are being used and how they are being used. Before any of this information is collected, the Google TV Add-on will notify you and seek your consent. If you withhold consent, the information will not be collected.
build	Setup Android SDK	2025-10-16T21:27:17.0166373Z 
build	Setup Android SDK	2025-10-16T21:27:17.0167067Z 6.2 The data collected is examined in the aggregate to improve the Google TV Add-on and is maintained in accordance with Google's Privacy Policy.
build	Setup Android SDK	2025-10-16T21:27:17.0167901Z 
build	Setup Android SDK	2025-10-16T21:27:17.0168135Z 7. Third Party Applications for the Google TV Platform
build	Setup Android SDK	2025-10-16T21:27:17.0168519Z 
build	Setup Android SDK	2025-10-16T21:27:17.0171851Z 7.1 If you use the Google TV Add-on to run applications developed by a third party or that access data, content or resources provided by a third party, you agree that Google is not responsible for those applications, data, content, or resources. You understand that all data, content or resources which you may access through such third party applications are the sole responsibility of the person from which they originated and that Google is not liable for any loss or damage that you may experience as a result of the use or access of any of those third party applications, data, content, or resources.
build	Setup Android SDK	2025-10-16T21:27:17.0175370Z 
build	Setup Android SDK	2025-10-16T21:27:17.0177840Z 7.2 You should be aware the data, content, and resources presented to you through such a third party application may be protected by intellectual property rights which are owned by the providers (or by other persons or companies on their behalf). You may not modify, rent, lease, loan, sell, distribute or create derivative works based on these data, content, or resources (either in whole or in part) unless you have been specifically given permission to do so by the relevant owners.
build	Setup Android SDK	2025-10-16T21:27:17.0188336Z 
build	Setup Android SDK	2025-10-16T21:27:17.0190762Z 7.3 You acknowledge that your use of such third party applications, data, content, or resources may be subject to separate terms between you and the relevant third party. In that case, this License Agreement does not affect your legal relationship with these third parties.
build	Setup Android SDK	2025-10-16T21:27:17.0192330Z 
build	Setup Android SDK	2025-10-16T21:27:17.0192466Z 8. Using Google TV APIs
build	Setup Android SDK	2025-10-16T21:27:17.0192698Z 
build	Setup Android SDK	2025-10-16T21:27:17.0196958Z 8.1 If you use any Google TV API to retrieve data from Google, you acknowledge that the data (“Google TV API Content”) may be protected by intellectual property rights which are owned by Google or those parties that provide the data (or by other persons or companies on their behalf). Your use of any such API may be subject to additional Terms of Service. You may not modify, rent, lease, loan, sell, distribute or create derivative works based on this data (either in whole or in part) unless allowed by the relevant Terms of Service. Some portions of the Google TV API Content are licensed to Google by third parties, including but not limited to Tribune Media Services
build	Setup Android SDK	2025-10-16T21:27:17.0201275Z 
build	Setup Android SDK	2025-10-16T21:27:17.0202521Z 8.2 If you use any API to retrieve a user's data from Google, you acknowledge and agree that you shall retrieve data only with the user's explicit consent and only when, and for the limited purposes for which, the user has given you permission to do so.
build	Setup Android SDK	2025-10-16T21:27:17.0203349Z 
build	Setup Android SDK	2025-10-16T21:27:17.0203604Z 8.3 Except as explicitly permitted in Section 3 (Google TV Add-on License from Google), you must:
build	Setup Android SDK	2025-10-16T21:27:17.0203940Z 
build	Setup Android SDK	2025-10-16T21:27:17.0204436Z (a) not modify nor format the Google TV API Content except to the extent reasonably and technically necessary to optimize the display such Google TV API Content in your application;
build	Setup Android SDK	2025-10-16T21:27:17.0205000Z 
build	Setup Android SDK	2025-10-16T21:27:17.0205539Z (b) not edit the Google TV API Content in a manner that renders the Google TV API Content inaccurate of alters its inherent meaning (provided that displaying excerpts will not violate the foregoing); or
build	Setup Android SDK	2025-10-16T21:27:17.0206168Z 
build	Setup Android SDK	2025-10-16T21:27:17.0206416Z (c) not create any commercial audience measurement tool or service using the Google TV API Content
build	Setup Android SDK	2025-10-16T21:27:17.0206762Z 
build	Setup Android SDK	2025-10-16T21:27:17.0206856Z 9. Terminating this License Agreement
build	Setup Android SDK	2025-10-16T21:27:17.0207261Z 
build	Setup Android SDK	2025-10-16T21:27:17.0207543Z 9.1 This License Agreement will continue to apply until terminated by either you or Google as set out below.
build	Setup Android SDK	2025-10-16T21:27:17.0207903Z 
build	Setup Android SDK	2025-10-16T21:27:17.0208267Z 9.2 If you want to terminate this License Agreement, you may do so by ceasing your use of the Google TV Add-on and any relevant developer credentials.
build	Setup Android SDK	2025-10-16T21:27:17.0208969Z 
build	Setup Android SDK	2025-10-16T21:27:17.0209143Z 9.3 Google may at any time, terminate this License Agreement with you if:
build	Setup Android SDK	2025-10-16T21:27:17.0209390Z 
build	Setup Android SDK	2025-10-16T21:27:17.0209540Z (A) you have breached any provision of this License Agreement; or
build	Setup Android SDK	2025-10-16T21:27:17.0209776Z 
build	Setup Android SDK	2025-10-16T21:27:17.0209870Z (B) Google is required to do so by law; or
build	Setup Android SDK	2025-10-16T21:27:17.0210038Z 
build	Setup Android SDK	2025-10-16T21:27:17.0210579Z (C) the partner with whom Google offered certain parts of Google TV Add-on (such as APIs) to you has terminated its relationship with Google or ceased to offer certain parts of the Google TV Add-on to you; or
build	Setup Android SDK	2025-10-16T21:27:17.0211359Z 
build	Setup Android SDK	2025-10-16T21:27:17.0212230Z (D) Google decides to no longer providing the Google TV Add-on or certain parts of the Google TV Add-on to users in the country in which you are resident or from which you use the service, or the provision of the Google TV Add-on or certain Google TV Add-on services to you by Google is, in Google's sole discretion, no longer commercially viable.
build	Setup Android SDK	2025-10-16T21:27:17.0213179Z 
build	Setup Android SDK	2025-10-16T21:27:17.0214388Z 9.4 When this License Agreement comes to an end, all of the legal rights, obligations and liabilities that you and Google have benefited from, been subject to (or which have accrued over time whilst this License Agreement has been in force) or which are expressed to continue indefinitely, shall be unaffected by this cessation, and the provisions of paragraph 14.7 shall continue to apply to such rights, obligations and liabilities indefinitely.
build	Setup Android SDK	2025-10-16T21:27:17.0215678Z 
build	Setup Android SDK	2025-10-16T21:27:17.0215760Z 10. DISCLAIMER OF WARRANTIES
build	Setup Android SDK	2025-10-16T21:27:17.0215900Z 
build	Setup Android SDK	2025-10-16T21:27:17.0216408Z 10.1 YOU EXPRESSLY UNDERSTAND AND AGREE THAT YOUR USE OF THE GOOGLE TV ADD-ON IS AT YOUR SOLE RISK AND THAT THE GOOGLE TV ADD-ON IS PROVIDED "AS IS" AND "AS AVAILABLE" WITHOUT WARRANTY OF ANY KIND FROM GOOGLE.
build	Setup Android SDK	2025-10-16T21:27:17.0216978Z 
build	Setup Android SDK	2025-10-16T21:27:17.0217720Z 10.2 YOUR USE OF THE GOOGLE TV ADD-ON AND ANY MATERIAL DOWNLOADED OR OTHERWISE OBTAINED THROUGH THE USE OF THE GOOGLE TV ADD-ON IS AT YOUR OWN DISCRETION AND RISK AND YOU ARE SOLELY RESPONSIBLE FOR ANY DAMAGE TO YOUR COMPUTER SYSTEM OR OTHER DEVICE OR LOSS OF DATA THAT RESULTS FROM SUCH USE.
build	Setup Android SDK	2025-10-16T21:27:17.0218544Z 
build	Setup Android SDK	2025-10-16T21:27:17.0219501Z 10.3 GOOGLE FURTHER EXPRESSLY DISCLAIMS ALL WARRANTIES AND CONDITIONS OF ANY KIND, WHETHER EXPRESS OR IMPLIED, INCLUDING, BUT NOT LIMITED TO THE IMPLIED WARRANTIES AND CONDITIONS OF MERCHANTABILITY, FITNESS FOR A PARTICULAR PURPOSE AND NON-INFRINGEMENT.
build	Setup Android SDK	2025-10-16T21:27:17.0220314Z 
build	Setup Android SDK	2025-10-16T21:27:17.0220395Z 11. LIMITATION OF LIABILITY
build	Setup Android SDK	2025-10-16T21:27:17.0220529Z 
build	Setup Android SDK	2025-10-16T21:27:17.0221743Z 11.1 YOU EXPRESSLY UNDERSTAND AND AGREE THAT GOOGLE, ITS SUBSIDIARIES AND AFFILIATES, AND ITS LICENSORS SHALL NOT BE LIABLE TO YOU UNDER ANY THEORY OF LIABILITY FOR ANY DIRECT, INDIRECT, INCIDENTAL, SPECIAL CONSEQUENTIAL OR EXEMPLARY DAMAGES THAT MAY BE INCURRED BY YOU, INCLUDING ANY LOSS OF DATA, WHETHER OR NOT GOOGLE OR ITS REPRESENTATIVES HAVE BEEN ADVISED OF OR SHOULD HAVE BEEN AWARE OF THE POSSIBILITY OF ANY SUCH LOSSES ARISING.
build	Setup Android SDK	2025-10-16T21:27:17.0223021Z 
build	Setup Android SDK	2025-10-16T21:27:17.0223091Z 12. Indemnification
build	Setup Android SDK	2025-10-16T21:27:17.0223376Z 
build	Setup Android SDK	2025-10-16T21:27:17.0225431Z 12.1 To the maximum extent permitted by law, you agree to defend, indemnify and hold harmless Google, its affiliates and their respective directors, officers, employees and agents from and against any and all claims, actions, suits or proceedings, as well as any and all losses, liabilities, damages, costs and expenses (including reasonable attorneys fees) arising out of or accruing from (a) your use of the Google TV Add-on, (b) any application you develop on the Google TV Add-on that infringes any copyright, trademark, trade secret, trade dress, patent or other intellectual property right of any person or defames any person or violates their rights of publicity or privacy, and (c) any non-compliance by you with this License Agreement.
build	Setup Android SDK	2025-10-16T21:27:17.0227740Z 
build	Setup Android SDK	2025-10-16T21:27:17.0227828Z 13. Changes to the License Agreement
build	Setup Android SDK	2025-10-16T21:27:17.0227995Z 
build	Setup Android SDK	2025-10-16T21:27:17.0228261Z 13.1 Google may make changes to the License Agreement as it distributes new versions of the Google TV Add-on.
build	Setup Android SDK	2025-10-16T21:27:17.0228778Z 
build	Setup Android SDK	2025-10-16T21:27:17.0228873Z 14. General Legal Terms
build	Setup Android SDK	2025-10-16T21:27:17.0228996Z 
build	Setup Android SDK	2025-10-16T21:27:17.0229896Z 14.1 This License Agreement constitute the whole legal agreement between you and Google and govern your use of the Google TV Add-on (excluding any services which Google may provide to you under a separate written agreement), and completely replace any prior agreements between you and Google in relation to the Google TV Add-on.
build	Setup Android SDK	2025-10-16T21:27:17.0231021Z 
build	Setup Android SDK	2025-10-16T21:27:17.0231855Z 14.2 You agree that if Google does not exercise or enforce any legal right or remedy which is contained in this License Agreement (or which Google has the benefit of under any applicable law), this will not be taken to be a formal waiver of Google's rights and that those rights or remedies will still be available to Google.
build	Setup Android SDK	2025-10-16T21:27:17.0232769Z 
build	Setup Android SDK	2025-10-16T21:27:17.0233714Z 14.3 If any court of law, having the jurisdiction to decide on this matter, rules that any provision of this License Agreement is invalid, then that provision will be removed from this License Agreement without affecting the rest of this License Agreement. The remaining provisions of this License Agreement will continue to be valid and enforceable.
build	Setup Android SDK	2025-10-16T21:27:17.0234733Z 
build	Setup Android SDK	2025-10-16T21:27:17.0236492Z 14.4 You acknowledge and agree that Google’s API data licensors and each member of the group of companies of which Google is the parent shall be third party beneficiaries to this License Agreement and that such other companies shall be entitled to directly enforce, and rely upon, any provision of this License Agreement that confers a benefit on (or rights in favor of) them. Other than this, no other person or company shall be third party beneficiaries to this License Agreement.
build	Setup Android SDK	2025-10-16T21:27:17.0237886Z 
build	Setup Android SDK	2025-10-16T21:27:17.0238838Z 14.5 EXPORT RESTRICTIONS. THE GOOGLE TV ADD-ON IS SUBJECT TO UNITED STATES EXPORT LAWS AND REGULATIONS. YOU MUST COMPLY WITH ALL DOMESTIC AND INTERNATIONAL EXPORT LAWS AND REGULATIONS THAT APPLY TO THE GOOGLE TV ADD-ON. THESE LAWS INCLUDE RESTRICTIONS ON DESTINATIONS, END USERS AND END USE.
build	Setup Android SDK	2025-10-16T21:27:17.0239715Z 
build	Setup Android SDK	2025-10-16T21:27:17.0240661Z 14.6 The rights granted in this License Agreement may not be assigned or transferred by either you or Google without the prior written approval of the other party. Neither you nor Google shall be permitted to delegate their responsibilities or obligations under this License Agreement without the prior written approval of the other party.
build	Setup Android SDK	2025-10-16T21:27:17.0241691Z 
build	Setup Android SDK	2025-10-16T21:27:17.0243250Z 14.7 This License Agreement, and your relationship with Google under this License Agreement, shall be governed by the laws of the State of California without regard to its conflict of laws provisions. You and Google agree to submit to the exclusive jurisdiction of the courts located within the county of Santa Clara, California to resolve any legal matter arising from this License Agreement. Notwithstanding this, you agree that Google shall still be allowed to apply for injunctive remedies (or an equivalent type of urgent legal relief) in any jurisdiction.
build	Setup Android SDK	2025-10-16T21:27:17.0244905Z 
build	Setup Android SDK	2025-10-16T21:27:17.0244909Z 
build	Setup Android SDK	2025-10-16T21:27:17.0244979Z August 15, 2011
build	Setup Android SDK	2025-10-16T21:27:17.0245167Z ---------------------------------------
build	Setup Android SDK	2025-10-16T21:27:17.0245400Z Accept? (y/N): 
build	Setup Android SDK	2025-10-16T21:27:17.0245614Z 2/6: License android-googlexr-license:
build	Setup Android SDK	2025-10-16T21:27:17.0245906Z ---------------------------------------
build	Setup Android SDK	2025-10-16T21:27:17.0246894Z To get started with the Android XR Emulator System Image SDK, you must agree to the following terms and conditions. As described below, please note that this is a preview, emulated version of the Android XR OS, subject to change, that you use at your own risk.
build	Setup Android SDK	2025-10-16T21:27:17.0247658Z 
build	Setup Android SDK	2025-10-16T21:27:17.0247809Z This is the Android XR Emulator System Image SDK License Agreement
build	Setup Android SDK	2025-10-16T21:27:17.0248046Z 
build	Setup Android SDK	2025-10-16T21:27:17.0248113Z 1. Introduction
build	Setup Android SDK	2025-10-16T21:27:17.0248221Z 
build	Setup Android SDK	2025-10-16T21:27:17.0249644Z 1.1 The Android Android XR Emulator System Image SDK (referred to in the License Agreement as the "SDK" and specifically including the Android system files,, packaged APIs, library files (if and when they are made available), and Google applications and APIs add-ons) is licensed to you subject to the terms of the License Agreement. The License Agreement forms a legally binding contract between you and Google in relation to your use of the SDK.
build	Setup Android SDK	2025-10-16T21:27:17.0251097Z 
build	Setup Android SDK	2025-10-16T21:27:17.0251701Z 1.2 "Android" means the Android software stack for devices, as made available under the Android Open Source Project, which is located at the following URL: https://source.android.com/, as updated from time to time.
build	Setup Android SDK	2025-10-16T21:27:17.0252354Z 
build	Setup Android SDK	2025-10-16T21:27:17.0252916Z 1.3 "Google" means Google LLC, organized under the laws of the State of Delaware, USA, and operating under the laws of the USA with principal place of business at 1600 Amphitheatre Parkway, Mountain View, CA 94043, USA.
build	Setup Android SDK	2025-10-16T21:27:17.0253548Z 
build	Setup Android SDK	2025-10-16T21:27:17.0253637Z 2. Accepting this License Agreement
build	Setup Android SDK	2025-10-16T21:27:17.0253805Z 
build	Setup Android SDK	2025-10-16T21:27:17.0254134Z 2.1 In order to use the SDK, you must first agree to the License Agreement. You may not use the SDK if you do not accept the License Agreement.
build	Setup Android SDK	2025-10-16T21:27:17.0254551Z 
build	Setup Android SDK	2025-10-16T21:27:17.0254800Z 2.2 By clicking to accept and/or using this SDK, you hereby agree to the terms of the License Agreement.
build	Setup Android SDK	2025-10-16T21:27:17.0255132Z 
build	Setup Android SDK	2025-10-16T21:27:17.0255770Z 2.3 You may not use the SDK and may not accept the License Agreement if you are a person barred from receiving the SDK under the laws of the United States or other countries, including the country in which you are resident or from which you use the SDK.
build	Setup Android SDK	2025-10-16T21:27:17.0256491Z 
build	Setup Android SDK	2025-10-16T21:27:17.0257452Z 2.4 If you are agreeing to be bound by the License Agreement on behalf of your employer or other entity, you represent and warrant that you have full legal authority to bind your employer or such entity to the License Agreement. If you do not have the requisite authority, you may not accept the License Agreement or use the SDK on behalf of your employer or other entity.
build	Setup Android SDK	2025-10-16T21:27:17.0258498Z 
build	Setup Android SDK	2025-10-16T21:27:17.0258575Z 3. SDK License from Google
build	Setup Android SDK	2025-10-16T21:27:17.0258862Z 
build	Setup Android SDK	2025-10-16T21:27:17.0259497Z 3.1 Subject to the terms of the License Agreement, Google grants you a limited, worldwide, royalty-free, non-assignable, non-exclusive, and non-sublicensable license to use the SDK solely to develop applications for Android XR.
build	Setup Android SDK	2025-10-16T21:27:17.0260207Z 
build	Setup Android SDK	2025-10-16T21:27:17.0260777Z 3.2 You may not use this SDK to develop applications for other platforms or to develop another SDK. You are of course free to develop applications for other platforms provided that this SDK is not used for that purpose.
build	Setup Android SDK	2025-10-16T21:27:17.0261434Z 
build	Setup Android SDK	2025-10-16T21:27:17.0262488Z 3.3 You agree that Google or third parties own all legal right, title and interest in and to the SDK, including any Intellectual Property Rights that subsist in the SDK. "Intellectual Property Rights" means any and all rights under patent law, copyright law, trade secret law, trademark law, and any and all other proprietary rights. Google reserves all rights not expressly granted to you.
build	Setup Android SDK	2025-10-16T21:27:17.0263634Z 
build	Setup Android SDK	2025-10-16T21:27:17.0265164Z 3.4 You may not use the SDK for any purpose not expressly permitted by the License Agreement. Except to the extent required by applicable third party licenses, you may not (a) copy (except for backup purposes), modify, adapt, redistribute, decompile, reverse engineer, disassemble, or create derivative works of the SDK or any part of the SDK; or (b) load any part of the SDK onto a mobile handset or any other hardware device except a personal computer, combine any part of the SDK with other software, or distribute any software or device incorporating a part of the SDK.
build	Setup Android SDK	2025-10-16T21:27:17.0266958Z 
build	Setup Android SDK	2025-10-16T21:27:17.0268098Z 3.5 Use, reproduction and distribution of components of the SDK licensed under an open source software license are governed solely by the terms of that open source software license and not the License Agreement. You agree to remain a licensee in good standing in regard to such open source software licenses under all the rights granted and to refrain from any actions that may terminate, suspend, or breach such rights.
build	Setup Android SDK	2025-10-16T21:27:17.0269793Z 
build	Setup Android SDK	2025-10-16T21:27:17.0270950Z 3.6 You agree that the form and nature of the SDK that Google provides may change without prior notice to you and that future versions of the SDK may be incompatible with applications developed on previous versions of the SDK. You agree that Google may stop (permanently or temporarily) providing the SDK (or any features within the SDK) to you or to users generally at Google's sole discretion, without prior notice to you.
build	Setup Android SDK	2025-10-16T21:27:17.0272165Z 
build	Setup Android SDK	2025-10-16T21:27:17.0272611Z 3.7 Nothing in the License Agreement gives you a right to use any of Google's trade names, trademarks, service marks, logos, domain names, or other distinctive brand features.
build	Setup Android SDK	2025-10-16T21:27:17.0273131Z 
build	Setup Android SDK	2025-10-16T21:27:17.0273613Z 3.8 You agree that you will not remove, obscure, or alter any proprietary rights notices (including copyright and trademark notices) that may be affixed to or contained within the SDK.
build	Setup Android SDK	2025-10-16T21:27:17.0274187Z 
build	Setup Android SDK	2025-10-16T21:27:17.0274262Z 4. Use of the SDK by You
build	Setup Android SDK	2025-10-16T21:27:17.0274388Z 
build	Setup Android SDK	2025-10-16T21:27:17.0275093Z 4.1 Google agrees that it obtains no right, title or interest from you (or your licensors) under the License Agreement in or to any software applications that you develop using the SDK, including any intellectual property rights that subsist in those applications.
build	Setup Android SDK	2025-10-16T21:27:17.0275874Z 
build	Setup Android SDK	2025-10-16T21:27:17.0276834Z 4.2 You agree to use the SDK and write applications only for purposes that are permitted by (a) the License Agreement and (b) any applicable law, regulation or generally accepted practices or guidelines in the relevant jurisdictions (including any laws regarding the export of data or software to and from the United States or other relevant countries).
build	Setup Android SDK	2025-10-16T21:27:17.0277867Z 
build	Setup Android SDK	2025-10-16T21:27:17.0280332Z 4.3 You agree that if you use the SDK to develop applications for general public users, you will protect the privacy and legal rights of those users. If the users provide you with user names, passwords, or other login information or personal information, you must make the users aware that the information will be available to your application, and you must provide legally adequate privacy notice and protection for those users. If your application stores personal or sensitive information provided by users, it must do so securely. If the user provides your application with Google Account information, your application may only use that information to access the user's Google Account when, and for the limited purposes for which, the user has given you permission to do so.
build	Setup Android SDK	2025-10-16T21:27:17.0282594Z 
build	Setup Android SDK	2025-10-16T21:27:17.0283560Z 4.4 You agree that you will not engage in any activity with the SDK, including the development or distribution of an application, that interferes with, disrupts, damages, or accesses in an unauthorized manner the servers, networks, or other properties or services of any third party including, but not limited to, Google or any mobile communications carrier.
build	Setup Android SDK	2025-10-16T21:27:17.0284615Z 
build	Setup Android SDK	2025-10-16T21:27:17.0285543Z 4.5 You agree that you are solely responsible for (and that Google has no responsibility to you or to any third party for) any data, content, or resources that you create, transmit or display through Android and/or applications for Android, and for the consequences of your actions (including any loss or damage which Google may suffer) by doing so.
build	Setup Android SDK	2025-10-16T21:27:17.0286703Z 
build	Setup Android SDK	2025-10-16T21:27:17.0287754Z 4.6 You agree that you are solely responsible for (and that Google has no responsibility to you or to any third party for) any breach of your obligations under the License Agreement, any applicable third party contract or Terms of Service, or any applicable law or regulation, and for the consequences (including any loss or damage which Google or any third party may suffer) of any such breach.
build	Setup Android SDK	2025-10-16T21:27:17.0289089Z 
build	Setup Android SDK	2025-10-16T21:27:17.0289889Z 4.7 The SDK is in development, and your testing and feedback are an important part of the development process. By using the SDK, you acknowledge that implementation of some features are still under development and that you should not rely on the SDK having the full functionality of a stable release.
build	Setup Android SDK	2025-10-16T21:27:17.0290928Z 
build	Setup Android SDK	2025-10-16T21:27:17.0291018Z 5. Your Developer Credentials
build	Setup Android SDK	2025-10-16T21:27:17.0291162Z 
build	Setup Android SDK	2025-10-16T21:27:17.0291925Z 5.1 You agree that you are responsible for maintaining the confidentiality of any developer credentials that may be issued to you by Google or which you may choose yourself and that you will be solely responsible for all applications that are developed under your developer credentials.
build	Setup Android SDK	2025-10-16T21:27:17.0292772Z 
build	Setup Android SDK	2025-10-16T21:27:17.0292852Z 6. Privacy and Information
build	Setup Android SDK	2025-10-16T21:27:17.0292988Z 
build	Setup Android SDK	2025-10-16T21:27:17.0294296Z 6.1 In order to continually innovate and improve the SDK, Google may collect certain usage statistics from the software including but not limited to a unique identifier, associated IP address, version number of the software, and information on which tools and/or services in the SDK are being used and how they are being used. Before any of this information is collected, the SDK will notify you and seek your consent. If you withhold consent, the information will not be collected.
build	Setup Android SDK	2025-10-16T21:27:17.0295676Z 
build	Setup Android SDK	2025-10-16T21:27:17.0296235Z 6.2 The data collected is examined in the aggregate to improve the SDK and is maintained in accordance with Google's Privacy Policy, which is located at the following URL: https://policies.google.com/privacy
build	Setup Android SDK	2025-10-16T21:27:17.0296862Z 
build	Setup Android SDK	2025-10-16T21:27:17.0297105Z 6.3 Anonymized and aggregated sets of the data may be shared with Google partners to improve the SDK.
build	Setup Android SDK	2025-10-16T21:27:17.0297453Z 
build	Setup Android SDK	2025-10-16T21:27:17.0297537Z 7. Third Party Applications
build	Setup Android SDK	2025-10-16T21:27:17.0297673Z 
build	Setup Android SDK	2025-10-16T21:27:17.0299410Z 7.1 If you use the SDK to run applications developed by a third party or that access data, content or resources provided by a third party, you agree that Google is not responsible for those applications, data, content, or resources. You understand that all data, content or resources which you may access through such third party applications are the sole responsibility of the person from which they originated and that Google is not liable for any loss or damage that you may experience as a result of the use or access of any of those third party applications, data, content, or resources.
build	Setup Android SDK	2025-10-16T21:27:17.0301097Z 
build	Setup Android SDK	2025-10-16T21:27:17.0302610Z 7.2 You should be aware that the data, content, and resources presented to you through such a third party application may be protected by intellectual property rights which are owned by the providers (or by other persons or companies on their behalf). You may not modify, rent, lease, loan, sell, distribute or create derivative works based on these data, content, or resources (either in whole or in part) unless you have been specifically given permission to do so by the relevant owners.
build	Setup Android SDK	2025-10-16T21:27:17.0304021Z 
build	Setup Android SDK	2025-10-16T21:27:17.0304737Z 7.3 You acknowledge that your use of such third party applications, data, content, or resources may be subject to separate terms between you and the relevant third party. In that case, the License Agreement does not affect your legal relationship with these third parties.
build	Setup Android SDK	2025-10-16T21:27:17.0305691Z 
build	Setup Android SDK	2025-10-16T21:27:17.0305764Z 8. Using Android APIs
build	Setup Android SDK	2025-10-16T21:27:17.0305895Z 
build	Setup Android SDK	2025-10-16T21:27:17.0305970Z 8.1 Google Data APIs
build	Setup Android SDK	2025-10-16T21:27:17.0306086Z 
build	Setup Android SDK	2025-10-16T21:27:17.0307414Z 8.1.1 If you use any API to retrieve data from Google, you acknowledge that the data may be protected by intellectual property rights which are owned by Google or those parties that provide the data (or by other persons or companies on their behalf). Your use of any such API may be subject to additional Terms of Service. You may not modify, rent, lease, loan, sell, distribute or create derivative works based on this data (either in whole or in part) unless allowed by the relevant Terms of Service.
build	Setup Android SDK	2025-10-16T21:27:17.0308927Z 
build	Setup Android SDK	2025-10-16T21:27:17.0311435Z 8.1.2 If you use any API to retrieve a user's data from Google, you acknowledge and agree that you shall retrieve data only with the user's explicit consent and only when, and for the limited purposes for which, the user has given you permission to do so. If you use the Android Recognition Service API, documented at the following URL: https://developer.android.com/reference/android/speech/RecognitionService, as updated from time to time, you acknowledge that the use of the API is subject to the Data Processing Addendum for Products where Google is a Data Processor, which is located at the following URL: https://privacy.google.com/businesses/gdprprocessorterms/, as updated from time to time. By clicking to accept, you hereby agree to the terms of the Data Processing Addendum for Products where Google is a Data Processor.
build	Setup Android SDK	2025-10-16T21:27:17.0314863Z 
build	Setup Android SDK	2025-10-16T21:27:17.0315787Z 9. Terminating this License Agreement
build	Setup Android SDK	2025-10-16T21:27:17.0316091Z 
build	Setup Android SDK	2025-10-16T21:27:17.0316512Z 9.1 The License Agreement will continue to apply until terminated by either you or Google as set out below.
build	Setup Android SDK	2025-10-16T21:27:17.0317163Z 
build	Setup Android SDK	2025-10-16T21:27:17.0317747Z 9.2 If you want to terminate the License Agreement, you may do so by ceasing your use of the SDK and any relevant developer credentials.
build	Setup Android SDK	2025-10-16T21:27:17.0318447Z 
build	Setup Android SDK	2025-10-16T21:27:17.0321703Z 9.3 Google may at any time, terminate the License Agreement with you if: (A) you have breached any provision of the License Agreement; or (B) Google is required to do so by law; or (C) the partner with whom Google offered certain parts of SDK (such as APIs) to you has terminated its relationship with Google or ceased to offer certain parts of the SDK to you; or (D) Google decides to no longer provide the SDK or certain parts of the SDK to users in the country in which you are resident or from which you use the service, or the provision of the SDK or certain SDK services to you by Google is, in Google's sole discretion, no longer commercially viable.
build	Setup Android SDK	2025-10-16T21:27:17.0324928Z 
build	Setup Android SDK	2025-10-16T21:27:17.0327123Z 9.4 When the License Agreement comes to an end, all of the legal rights, obligations and liabilities that you and Google have benefited from, been subject to (or which have accrued over time whilst the License Agreement has been in force) or which are expressed to continue indefinitely, shall be unaffected by this cessation, and the provisions of paragraph 14.7 shall continue to apply to such rights, obligations and liabilities indefinitely.
build	Setup Android SDK	2025-10-16T21:27:17.0329657Z 
build	Setup Android SDK	2025-10-16T21:27:17.0329799Z 10. DISCLAIMER OF WARRANTIES
build	Setup Android SDK	2025-10-16T21:27:17.0330049Z 
build	Setup Android SDK	2025-10-16T21:27:17.0330794Z 10.1 YOU EXPRESSLY UNDERSTAND AND AGREE THAT YOUR USE OF THE SDK IS AT YOUR SOLE RISK AND THAT THE SDK IS PROVIDED "AS IS" AND "AS AVAILABLE" WITHOUT WARRANTY OF ANY KIND FROM GOOGLE.
build	Setup Android SDK	2025-10-16T21:27:17.0331671Z 
build	Setup Android SDK	2025-10-16T21:27:17.0332883Z 10.2 YOUR USE OF THE SDK AND ANY MATERIAL DOWNLOADED OR OTHERWISE OBTAINED THROUGH THE USE OF THE SDK IS AT YOUR OWN DISCRETION AND RISK AND YOU ARE SOLELY RESPONSIBLE FOR ANY DAMAGE TO YOUR COMPUTER SYSTEM OR OTHER DEVICE OR LOSS OF DATA THAT RESULTS FROM SUCH USE.
build	Setup Android SDK	2025-10-16T21:27:17.0334374Z 
build	Setup Android SDK	2025-10-16T21:27:17.0335928Z 10.3 GOOGLE FURTHER EXPRESSLY DISCLAIMS ALL WARRANTIES AND CONDITIONS OF ANY KIND, WHETHER EXPRESS OR IMPLIED, INCLUDING, BUT NOT LIMITED TO THE IMPLIED WARRANTIES AND CONDITIONS OF MERCHANTABILITY, FITNESS FOR A PARTICULAR PURPOSE AND NON-INFRINGEMENT.
build	Setup Android SDK	2025-10-16T21:27:17.0337436Z 
build	Setup Android SDK	2025-10-16T21:27:17.0337570Z 11. LIMITATION OF LIABILITY
build	Setup Android SDK	2025-10-16T21:27:17.0337813Z 
build	Setup Android SDK	2025-10-16T21:27:17.0340198Z 11.1 YOU EXPRESSLY UNDERSTAND AND AGREE THAT GOOGLE, ITS SUBSIDIARIES AND AFFILIATES, AND ITS LICENSORS SHALL NOT BE LIABLE TO YOU UNDER ANY THEORY OF LIABILITY FOR ANY DIRECT, INDIRECT, INCIDENTAL, SPECIAL, CONSEQUENTIAL OR EXEMPLARY DAMAGES THAT MAY BE INCURRED BY YOU, INCLUDING ANY LOSS OF DATA, WHETHER OR NOT GOOGLE OR ITS REPRESENTATIVES HAVE BEEN ADVISED OF OR SHOULD HAVE BEEN AWARE OF THE POSSIBILITY OF ANY SUCH LOSSES ARISING.
build	Setup Android SDK	2025-10-16T21:27:17.0342761Z 
build	Setup Android SDK	2025-10-16T21:27:17.0342890Z 12. Indemnification
build	Setup Android SDK	2025-10-16T21:27:17.0343081Z 
build	Setup Android SDK	2025-10-16T21:27:17.0346734Z 12.1 To the maximum extent permitted by law, you agree to defend, indemnify and hold harmless Google, its affiliates and their respective directors, officers, employees and agents from and against any and all claims, actions, suits or proceedings, as well as any and all losses, liabilities, damages, costs and expenses (including reasonable attorneys fees) arising out of or accruing from (a) your use of the SDK, (b) any application you develop on the SDK that infringes any copyright, trademark, trade secret, trade dress, patent or other intellectual property right of any person or defames any person or violates their rights of publicity or privacy, and (c) any non-compliance by you with the License Agreement.
build	Setup Android SDK	2025-10-16T21:27:17.0350847Z 
build	Setup Android SDK	2025-10-16T21:27:17.0351000Z 13. Changes to the License Agreement
build	Setup Android SDK	2025-10-16T21:27:17.0351290Z 
build	Setup Android SDK	2025-10-16T21:27:17.0352434Z 13.1 Google may make changes to the License Agreement as it distributes new versions of the SDK. When these changes are made, Google will make a new version of the License Agreement available on the website where the SDK is made available.
build	Setup Android SDK	2025-10-16T21:27:17.0353742Z 
build	Setup Android SDK	2025-10-16T21:27:17.0353876Z 14. General Legal Terms
build	Setup Android SDK	2025-10-16T21:27:17.0354085Z 
build	Setup Android SDK	2025-10-16T21:27:17.0355636Z 14.1 The License Agreement constitutes the whole legal agreement between you and Google and governs your use of the SDK (excluding any services which Google may provide to you under a separate written agreement), and completely replaces any prior agreements between you and Google in relation to the SDK.
build	Setup Android SDK	2025-10-16T21:27:17.0357346Z 
build	Setup Android SDK	2025-10-16T21:27:17.0359051Z 14.2 You agree that if Google does not exercise or enforce any legal right or remedy which is contained in the License Agreement (or which Google has the benefit of under any applicable law), this will not be taken to be a formal waiver of Google's rights and that those rights or remedies will still be available to Google.
build	Setup Android SDK	2025-10-16T21:27:17.0360757Z 
build	Setup Android SDK	2025-10-16T21:27:17.0362490Z 14.3 If any court of law, having the jurisdiction to decide on this matter, rules that any provision of the License Agreement is invalid, then that provision will be removed from the License Agreement without affecting the rest of the License Agreement. The remaining provisions of the License Agreement will continue to be valid and enforceable.
build	Setup Android SDK	2025-10-16T21:27:17.0364391Z 
build	Setup Android SDK	2025-10-16T21:27:17.0366598Z 14.4 You acknowledge and agree that each member of the group of companies of which Google is the parent shall be third party beneficiaries to the License Agreement and that such other companies shall be entitled to directly enforce, and rely upon, any provision of the License Agreement that confers a benefit on (or rights in favor of) them. Other than this, no other person or company shall be third party beneficiaries to the License Agreement.
build	Setup Android SDK	2025-10-16T21:27:17.0369112Z 
build	Setup Android SDK	2025-10-16T21:27:17.0370430Z 14.5 EXPORT RESTRICTIONS. THE SDK IS SUBJECT TO UNITED STATES EXPORT LAWS AND REGULATIONS. YOU MUST COMPLY WITH ALL DOMESTIC AND INTERNATIONAL EXPORT LAWS AND REGULATIONS THAT APPLY TO THE SDK. THESE LAWS INCLUDE RESTRICTIONS ON DESTINATIONS, END USERS AND END USE.
build	Setup Android SDK	2025-10-16T21:27:17.0372067Z 
build	Setup Android SDK	2025-10-16T21:27:17.0373791Z 14.6 The rights granted in the License Agreement may not be assigned or transferred by either you or Google without the prior written approval of the other party. Neither you nor Google shall be permitted to delegate their responsibilities or obligations under the License Agreement without the prior written approval of the other party.
build	Setup Android SDK	2025-10-16T21:27:17.0375670Z 
build	Setup Android SDK	2025-10-16T21:27:17.0378470Z 14.7 The License Agreement, and your relationship with Google under the License Agreement, shall be governed by the laws of the State of California without regard to its conflict of laws provisions. You and Google agree to submit to the exclusive jurisdiction of the courts located within the county of Santa Clara, California to resolve any legal matter arising from the License Agreement. Notwithstanding this, you agree that Google shall still be allowed to apply for injunctive remedies (or an equivalent type of urgent legal relief) in any jurisdiction.
build	Setup Android SDK	2025-10-16T21:27:17.0381863Z ---------------------------------------
build	Setup Android SDK	2025-10-16T21:27:17.0382251Z Accept? (y/N): 
build	Setup Android SDK	2025-10-16T21:27:17.0382600Z 3/6: License android-sdk-arm-dbt-license:
build	Setup Android SDK	2025-10-16T21:27:17.0383025Z ---------------------------------------
build	Setup Android SDK	2025-10-16T21:27:17.0383406Z Terms and Conditions
build	Setup Android SDK	2025-10-16T21:27:17.0383606Z 
build	Setup Android SDK	2025-10-16T21:27:17.0383850Z This is the Android Software Development Kit License Agreement
build	Setup Android SDK	2025-10-16T21:27:17.0384241Z 
build	Setup Android SDK	2025-10-16T21:27:17.0384356Z 1. Introduction
build	Setup Android SDK	2025-10-16T21:27:17.0384582Z 
build	Setup Android SDK	2025-10-16T21:27:17.0386444Z 1.1 The Android Software Development Kit (referred to in the License Agreement as the "SDK" and specifically including the Android system files, packaged APIs, and Google APIs add-ons) is licensed to you subject to the terms of the License Agreement. The License Agreement forms a legally binding contract between you and Google in relation to your use of the SDK.
build	Setup Android SDK	2025-10-16T21:27:17.0388442Z 
build	Setup Android SDK	2025-10-16T21:27:17.0389630Z 1.2 "Android" means the Android software stack for devices, as made available under the Android Open Source Project, which is located at the following URL: http://source.android.com/, as updated from time to time.
build	Setup Android SDK	2025-10-16T21:27:17.0390829Z 
build	Setup Android SDK	2025-10-16T21:27:17.0392634Z 1.3 A "compatible implementation" means any Android device that (i) complies with the Android Compatibility Definition document, which can be found at the Android compatibility website (http://source.android.com/compatibility) and which may be updated from time to time; and (ii) successfully passes the Android Compatibility Test Suite (CTS).
build	Setup Android SDK	2025-10-16T21:27:17.0394574Z 
build	Setup Android SDK	2025-10-16T21:27:17.0395325Z 1.4 "Google" means Google Inc., a Delaware corporation with principal place of business at 1600 Amphitheatre Parkway, Mountain View, CA 94043, United States.
build	Setup Android SDK	2025-10-16T21:27:17.0396246Z 
build	Setup Android SDK	2025-10-16T21:27:17.0396253Z 
build	Setup Android SDK	2025-10-16T21:27:17.0396402Z 2. Accepting the License Agreement
build	Setup Android SDK	2025-10-16T21:27:17.0396676Z 
build	Setup Android SDK	2025-10-16T21:27:17.0397284Z 2.1 In order to use the SDK, you must first agree to the License Agreement. You may not use the SDK if you do not accept the License Agreement.
build	Setup Android SDK	2025-10-16T21:27:17.0398042Z 
build	Setup Android SDK	2025-10-16T21:27:17.0398361Z 2.2 By clicking to accept, you hereby agree to the terms of the License Agreement.
build	Setup Android SDK	2025-10-16T21:27:17.0398980Z 
build	Setup Android SDK	2025-10-16T21:27:17.0400194Z 2.3 You may not use the SDK and may not accept the License Agreement if you are a person barred from receiving the SDK under the laws of the United States or other countries, including the country in which you are resident or from which you use the SDK.
build	Setup Android SDK	2025-10-16T21:27:17.0401527Z 
build	Setup Android SDK	2025-10-16T21:27:17.0403338Z 2.4 If you are agreeing to be bound by the License Agreement on behalf of your employer or other entity, you represent and warrant that you have full legal authority to bind your employer or such entity to the License Agreement. If you do not have the requisite authority, you may not accept the License Agreement or use the SDK on behalf of your employer or other entity.
build	Setup Android SDK	2025-10-16T21:27:17.0405434Z 
build	Setup Android SDK	2025-10-16T21:27:17.0405442Z 
build	Setup Android SDK	2025-10-16T21:27:17.0405578Z 3. SDK License from Google
build	Setup Android SDK	2025-10-16T21:27:17.0405811Z 
build	Setup Android SDK	2025-10-16T21:27:17.0407106Z 3.1 Subject to the terms of the License Agreement, Google grants you a limited, worldwide, royalty-free, non-assignable, non-exclusive, and non-sublicensable license to use the SDK solely to develop applications for compatible implementations of Android.
build	Setup Android SDK	2025-10-16T21:27:17.0408560Z 
build	Setup Android SDK	2025-10-16T21:27:17.0410399Z 3.2 You may not use this SDK to develop applications for other platforms (including non-compatible implementations of Android) or to develop another SDK. You are of course free to develop applications for other platforms, including non-compatible implementations of Android, provided that this SDK is not used for that purpose.
build	Setup Android SDK	2025-10-16T21:27:17.0412414Z 
build	Setup Android SDK	2025-10-16T21:27:17.0414368Z 3.3 You agree that Google or third parties own all legal right, title and interest in and to the SDK, including any Intellectual Property Rights that subsist in the SDK. "Intellectual Property Rights" means any and all rights under patent law, copyright law, trade secret law, trademark law, and any and all other proprietary rights. Google reserves all rights not expressly granted to you.
build	Setup Android SDK	2025-10-16T21:27:17.0416481Z 
build	Setup Android SDK	2025-10-16T21:27:17.0418164Z 3.4 You may not use the SDK for any purpose not expressly permitted by the License Agreement. Except to the extent required by applicable third party licenses, you may not copy (except for backup purposes), modify, adapt, redistribute, decompile, reverse engineer, disassemble, or create derivative works of the SDK or any part of the SDK.
build	Setup Android SDK	2025-10-16T21:27:17.0420258Z 
build	Setup Android SDK	2025-10-16T21:27:17.0421284Z 3.5 Use, reproduction and distribution of components of the SDK licensed under an open source software license are governed solely by the terms of that open source software license and not the License Agreement.
build	Setup Android SDK	2025-10-16T21:27:17.0422496Z 
build	Setup Android SDK	2025-10-16T21:27:17.0424585Z 3.6 You agree that the form and nature of the SDK that Google provides may change without prior notice to you and that future versions of the SDK may be incompatible with applications developed on previous versions of the SDK. You agree that Google may stop (permanently or temporarily) providing the SDK (or any features within the SDK) to you or to users generally at Google's sole discretion, without prior notice to you.
build	Setup Android SDK	2025-10-16T21:27:17.0426707Z 
build	Setup Android SDK	2025-10-16T21:27:17.0427441Z 3.7 Nothing in the License Agreement gives you a right to use any of Google's trade names, trademarks, service marks, logos, domain names, or other distinctive brand features.
build	Setup Android SDK	2025-10-16T21:27:17.0428373Z 
build	Setup Android SDK	2025-10-16T21:27:17.0429331Z 3.8 You agree that you will not remove, obscure, or alter any proprietary rights notices (including copyright and trademark notices) that may be affixed to or contained within the SDK.
build	Setup Android SDK	2025-10-16T21:27:17.0430282Z 
build	Setup Android SDK	2025-10-16T21:27:17.0430288Z 
build	Setup Android SDK	2025-10-16T21:27:17.0430398Z 4. Use of the SDK by You
build	Setup Android SDK	2025-10-16T21:27:17.0430585Z 
build	Setup Android SDK	2025-10-16T21:27:17.0431761Z 4.1 Google agrees that it obtains no right, title or interest from you (or your licensors) under the License Agreement in or to any software applications that you develop using the SDK, including any intellectual property rights that subsist in those applications.
build	Setup Android SDK	2025-10-16T21:27:17.0433080Z 
build	Setup Android SDK	2025-10-16T21:27:17.0434055Z 4.2 You agree to use the SDK and write applications only for purposes that are permitted by (a) the License Agreement and (b) any applicable law, regulation or generally accepted practices or guidelines in the relevant jurisdictions (including any laws regarding the export of data or software to and from the United States or other relevant countries).
build	Setup Android SDK	2025-10-16T21:27:17.0435098Z 
build	Setup Android SDK	2025-10-16T21:27:17.0437930Z 4.3 You agree that if you use the SDK to develop applications for general public users, you will protect the privacy and legal rights of those users. If the users provide you with user names, passwords, or other login information or personal information, you must make the users aware that the information will be available to your application, and you must provide legally adequate privacy notice and protection for those users. If your application stores personal or sensitive information provided by users, it must do so securely. If the user provides your application with Google Account information, your application may only use that information to access the user's Google Account when, and for the limited purposes for which, the user has given you permission to do so.
build	Setup Android SDK	2025-10-16T21:27:17.0440648Z 
build	Setup Android SDK	2025-10-16T21:27:17.0441630Z 4.4 You agree that you will not engage in any activity with the SDK, including the development or distribution of an application, that interferes with, disrupts, damages, or accesses in an unauthorized manner the servers, networks, or other properties or services of any third party including, but not limited to, Google or any mobile communications carrier.
build	Setup Android SDK	2025-10-16T21:27:17.0443040Z 
build	Setup Android SDK	2025-10-16T21:27:17.0443977Z 4.5 You agree that you are solely responsible for (and that Google has no responsibility to you or to any third party for) any data, content, or resources that you create, transmit or display through Android and/or applications for Android, and for the consequences of your actions (including any loss or damage which Google may suffer) by doing so.
build	Setup Android SDK	2025-10-16T21:27:17.0444987Z 
build	Setup Android SDK	2025-10-16T21:27:17.0446034Z 4.6 You agree that you are solely responsible for (and that Google has no responsibility to you or to any third party for) any breach of your obligations under the License Agreement, any applicable third party contract or Terms of Service, or any applicable law or regulation, and for the consequences (including any loss or damage which Google or any third party may suffer) of any such breach.
build	Setup Android SDK	2025-10-16T21:27:17.0447171Z 
build	Setup Android SDK	2025-10-16T21:27:17.0448795Z 4.7 This software enables the execution of intellectual property owned by Arm Limited. You agree that your use of the software, that allows execution of ARM Instruction Set Architecture (“ISA”) compliant executables for application development and debug only on x86 desktop, laptop, customer on-premise servers, and customer-procured cloud-based environments.
build	Setup Android SDK	2025-10-16T21:27:17.0449914Z 
build	Setup Android SDK	2025-10-16T21:27:17.0450008Z 5. Your Developer Credentials
build	Setup Android SDK	2025-10-16T21:27:17.0450156Z 
build	Setup Android SDK	2025-10-16T21:27:17.0450918Z 5.1 You agree that you are responsible for maintaining the confidentiality of any developer credentials that may be issued to you by Google or which you may choose yourself and that you will be solely responsible for all applications that are developed under your developer credentials.
build	Setup Android SDK	2025-10-16T21:27:17.0451770Z 
build	Setup Android SDK	2025-10-16T21:27:17.0451849Z 6. Privacy and Information
build	Setup Android SDK	2025-10-16T21:27:17.0451983Z 
build	Setup Android SDK	2025-10-16T21:27:17.0453402Z 6.1 In order to continually innovate and improve the SDK, Google may collect certain usage statistics from the software including but not limited to a unique identifier, associated IP address, version number of the software, and information on which tools and/or services in the SDK are being used and how they are being used. Before any of this information is collected, the SDK will notify you and seek your consent. If you withhold consent, the information will not be collected.
build	Setup Android SDK	2025-10-16T21:27:17.0454931Z 
build	Setup Android SDK	2025-10-16T21:27:17.0455267Z 6.2 The data collected is examined in the aggregate to improve the SDK and is maintained in accordance with Google's Privacy Policy.
build	Setup Android SDK	2025-10-16T21:27:17.0455678Z 
build	Setup Android SDK	2025-10-16T21:27:17.0455683Z 
build	Setup Android SDK	2025-10-16T21:27:17.0455763Z 7. Third Party Applications
build	Setup Android SDK	2025-10-16T21:27:17.0455906Z 
build	Setup Android SDK	2025-10-16T21:27:17.0457514Z 7.1 If you use the SDK to run applications developed by a third party or that access data, content or resources provided by a third party, you agree that Google is not responsible for those applications, data, content, or resources. You understand that all data, content or resources which you may access through such third party applications are the sole responsibility of the person from which they originated and that Google is not liable for any loss or damage that you may experience as a result of the use or access of any of those third party applications, data, content, or resources.
build	Setup Android SDK	2025-10-16T21:27:17.0459538Z 
build	Setup Android SDK	2025-10-16T21:27:17.0460851Z 7.2 You should be aware the data, content, and resources presented to you through such a third party application may be protected by intellectual property rights which are owned by the providers (or by other persons or companies on their behalf). You may not modify, rent, lease, loan, sell, distribute or create derivative works based on these data, content, or resources (either in whole or in part) unless you have been specifically given permission to do so by the relevant owners.
build	Setup Android SDK	2025-10-16T21:27:17.0462240Z 
build	Setup Android SDK	2025-10-16T21:27:17.0462959Z 7.3 You acknowledge that your use of such third party applications, data, content, or resources may be subject to separate terms between you and the relevant third party. In that case, the License Agreement does not affect your legal relationship with these third parties.
build	Setup Android SDK	2025-10-16T21:27:17.0463882Z 
build	Setup Android SDK	2025-10-16T21:27:17.0463886Z 
build	Setup Android SDK	2025-10-16T21:27:17.0463963Z 8. Using Android APIs
build	Setup Android SDK	2025-10-16T21:27:17.0464082Z 
build	Setup Android SDK	2025-10-16T21:27:17.0464152Z 8.1 Google Data APIs
build	Setup Android SDK	2025-10-16T21:27:17.0464280Z 
build	Setup Android SDK	2025-10-16T21:27:17.0465610Z 8.1.1 If you use any API to retrieve data from Google, you acknowledge that the data may be protected by intellectual property rights which are owned by Google or those parties that provide the data (or by other persons or companies on their behalf). Your use of any such API may be subject to additional Terms of Service. You may not modify, rent, lease, loan, sell, distribute or create derivative works based on this data (either in whole or in part) unless allowed by the relevant Terms of Service.
build	Setup Android SDK	2025-10-16T21:27:17.0467504Z 
build	Setup Android SDK	2025-10-16T21:27:17.0470852Z 8.1.2 If you use any API to retrieve a user's data from Google, you acknowledge and agree that you shall retrieve data only with the user's explicit consent and only when, and for the limited purposes for which, the user has given you permission to do so. If you use the Android Recognition Service API, documented at the following URL: https://developer.android.com/reference/android/speech/RecognitionService, as updated from time to time, you acknowledge that the use of the API is subject to the Data Processing Addendum for Products where Google is a Data Processor, which is located at the following URL: https://privacy.google.com/businesses/gdprprocessorterms/, as updated from time to time. By clicking to accept, you hereby agree to the terms of the Data Processing Addendum for Products where Google is a Data Processor.
build	Setup Android SDK	2025-10-16T21:27:17.0473306Z 
build	Setup Android SDK	2025-10-16T21:27:17.0473312Z 
build	Setup Android SDK	2025-10-16T21:27:17.0473405Z 9. Terminating the License Agreement
build	Setup Android SDK	2025-10-16T21:27:17.0473619Z 
build	Setup Android SDK	2025-10-16T21:27:17.0473892Z 9.1 The License Agreement will continue to apply until terminated by either you or Google as set out below.
build	Setup Android SDK	2025-10-16T21:27:17.0474254Z 
build	Setup Android SDK	2025-10-16T21:27:17.0474585Z 9.2 If you want to terminate the License Agreement, you may do so by ceasing your use of the SDK and any relevant developer credentials.
build	Setup Android SDK	2025-10-16T21:27:17.0474995Z 
build	Setup Android SDK	2025-10-16T21:27:17.0476685Z 9.3 Google may at any time, terminate the License Agreement with you if: (A) you have breached any provision of the License Agreement; or (B) Google is required to do so by law; or (C) the partner with whom Google offered certain parts of SDK (such as APIs) to you has terminated its relationship with Google or ceased to offer certain parts of the SDK to you; or (D) Google decides to no longer provide the SDK or certain parts of the SDK to users in the country in which you are resident or from which you use the service, or the provision of the SDK or certain SDK services to you by Google is, in Google's sole discretion, no longer commercially viable.
build	Setup Android SDK	2025-10-16T21:27:17.0478424Z 
build	Setup Android SDK	2025-10-16T21:27:17.0479879Z 9.4 When the License Agreement comes to an end, all of the legal rights, obligations and liabilities that you and Google have benefited from, been subject to (or which have accrued over time whilst the License Agreement has been in force) or which are expressed to continue indefinitely, shall be unaffected by this cessation, and the provisions of paragraph 14.7 shall continue to apply to such rights, obligations and liabilities indefinitely.
build	Setup Android SDK	2025-10-16T21:27:17.0481382Z 
build	Setup Android SDK	2025-10-16T21:27:17.0481388Z 
build	Setup Android SDK	2025-10-16T21:27:17.0481471Z 10. DISCLAIMER OF WARRANTIES
build	Setup Android SDK	2025-10-16T21:27:17.0481623Z 
build	Setup Android SDK	2025-10-16T21:27:17.0482053Z 10.1 YOU EXPRESSLY UNDERSTAND AND AGREE THAT YOUR USE OF THE SDK IS AT YOUR SOLE RISK AND THAT THE SDK IS PROVIDED "AS IS" AND "AS AVAILABLE" WITHOUT WARRANTY OF ANY KIND FROM GOOGLE.
build	Setup Android SDK	2025-10-16T21:27:17.0482565Z 
build	Setup Android SDK	2025-10-16T21:27:17.0483247Z 10.2 YOUR USE OF THE SDK AND ANY MATERIAL DOWNLOADED OR OTHERWISE OBTAINED THROUGH THE USE OF THE SDK IS AT YOUR OWN DISCRETION AND RISK AND YOU ARE SOLELY RESPONSIBLE FOR ANY DAMAGE TO YOUR COMPUTER SYSTEM OR OTHER DEVICE OR LOSS OF DATA THAT RESULTS FROM SUCH USE.
build	Setup Android SDK	2025-10-16T21:27:17.0484107Z 
build	Setup Android SDK	2025-10-16T21:27:17.0484808Z 10.3 GOOGLE FURTHER EXPRESSLY DISCLAIMS ALL WARRANTIES AND CONDITIONS OF ANY KIND, WHETHER EXPRESS OR IMPLIED, INCLUDING, BUT NOT LIMITED TO THE IMPLIED WARRANTIES AND CONDITIONS OF MERCHANTABILITY, FITNESS FOR A PARTICULAR PURPOSE AND NON-INFRINGEMENT.
build	Setup Android SDK	2025-10-16T21:27:17.0485592Z 
build	Setup Android SDK	2025-10-16T21:27:17.0485596Z 
build	Setup Android SDK	2025-10-16T21:27:17.0485673Z 11. LIMITATION OF LIABILITY
build	Setup Android SDK	2025-10-16T21:27:17.0485811Z 
build	Setup Android SDK	2025-10-16T21:27:17.0487001Z 11.1 YOU EXPRESSLY UNDERSTAND AND AGREE THAT GOOGLE, ITS SUBSIDIARIES AND AFFILIATES, AND ITS LICENSORS SHALL NOT BE LIABLE TO YOU UNDER ANY THEORY OF LIABILITY FOR ANY DIRECT, INDIRECT, INCIDENTAL, SPECIAL, CONSEQUENTIAL OR EXEMPLARY DAMAGES THAT MAY BE INCURRED BY YOU, INCLUDING ANY LOSS OF DATA, WHETHER OR NOT GOOGLE OR ITS REPRESENTATIVES HAVE BEEN ADVISED OF OR SHOULD HAVE BEEN AWARE OF THE POSSIBILITY OF ANY SUCH LOSSES ARISING.
build	Setup Android SDK	2025-10-16T21:27:17.0488265Z 
build	Setup Android SDK	2025-10-16T21:27:17.0488274Z 
build	Setup Android SDK	2025-10-16T21:27:17.0488343Z 12. Indemnification
build	Setup Android SDK	2025-10-16T21:27:17.0488452Z 
build	Setup Android SDK	2025-10-16T21:27:17.0490556Z 12.1 To the maximum extent permitted by law, you agree to defend, indemnify and hold harmless Google, its affiliates and their respective directors, officers, employees and agents from and against any and all claims, actions, suits or proceedings, as well as any and all losses, liabilities, damages, costs and expenses (including reasonable attorneys fees) arising out of or accruing from (a) your use of the SDK, (b) any application you develop on the SDK that infringes any copyright, trademark, trade secret, trade dress, patent or other intellectual property right of any person or defames any person or violates their rights of publicity or privacy, and (c) any non-compliance by you with the License Agreement.
build	Setup Android SDK	2025-10-16T21:27:17.0492698Z 
build	Setup Android SDK	2025-10-16T21:27:17.0492702Z 
build	Setup Android SDK	2025-10-16T21:27:17.0492791Z 13. Changes to the License Agreement
build	Setup Android SDK	2025-10-16T21:27:17.0492954Z 
build	Setup Android SDK	2025-10-16T21:27:17.0493564Z 13.1 Google may make changes to the License Agreement as it distributes new versions of the SDK. When these changes are made, Google will make a new version of the License Agreement available on the website where the SDK is made available.
build	Setup Android SDK	2025-10-16T21:27:17.0494266Z 
build	Setup Android SDK	2025-10-16T21:27:17.0494270Z 
build	Setup Android SDK	2025-10-16T21:27:17.0494341Z 14. General Legal Terms
build	Setup Android SDK	2025-10-16T21:27:17.0494460Z 
build	Setup Android SDK	2025-10-16T21:27:17.0495693Z 14.1 The License Agreement constitutes the whole legal agreement between you and Google and governs your use of the SDK (excluding any services which Google may provide to you under a separate written agreement), and completely replaces any prior agreements between you and Google in relation to the SDK.
build	Setup Android SDK	2025-10-16T21:27:17.0496684Z 
build	Setup Android SDK	2025-10-16T21:27:17.0497514Z 14.2 You agree that if Google does not exercise or enforce any legal right or remedy which is contained in the License Agreement (or which Google has the benefit of under any applicable law), this will not be taken to be a formal waiver of Google's rights and that those rights or remedies will still be available to Google.
build	Setup Android SDK	2025-10-16T21:27:17.0498419Z 
build	Setup Android SDK	2025-10-16T21:27:17.0499736Z 14.3 If any court of law, having the jurisdiction to decide on this matter, rules that any provision of the License Agreement is invalid, then that provision will be removed from the License Agreement without affecting the rest of the License Agreement. The remaining provisions of the License Agreement will continue to be valid and enforceable.
build	Setup Android SDK	2025-10-16T21:27:17.0500762Z 
build	Setup Android SDK	2025-10-16T21:27:17.0501950Z 14.4 You acknowledge and agree that each member of the group of companies of which Google is the parent shall be third party beneficiaries to the License Agreement and that such other companies shall be entitled to directly enforce, and rely upon, any provision of the License Agreement that confers a benefit on (or rights in favor of) them. Other than this, no other person or company shall be third party beneficiaries to the License Agreement.
build	Setup Android SDK	2025-10-16T21:27:17.0503354Z 
build	Setup Android SDK	2025-10-16T21:27:17.0504067Z 14.5 EXPORT RESTRICTIONS. THE SDK IS SUBJECT TO UNITED STATES EXPORT LAWS AND REGULATIONS. YOU MUST COMPLY WITH ALL DOMESTIC AND INTERNATIONAL EXPORT LAWS AND REGULATIONS THAT APPLY TO THE SDK. THESE LAWS INCLUDE RESTRICTIONS ON DESTINATIONS, END USERS AND END USE.
build	Setup Android SDK	2025-10-16T21:27:17.0504861Z 
build	Setup Android SDK	2025-10-16T21:27:17.0505799Z 14.6 The rights granted in the License Agreement may not be assigned or transferred by either you or Google without the prior written approval of the other party. Neither you nor Google shall be permitted to delegate their responsibilities or obligations under the License Agreement without the prior written approval of the other party.
build	Setup Android SDK	2025-10-16T21:27:17.0506803Z 
build	Setup Android SDK	2025-10-16T21:27:17.0508347Z 14.7 The License Agreement, and your relationship with Google under the License Agreement, shall be governed by the laws of the State of California without regard to its conflict of laws provisions. You and Google agree to submit to the exclusive jurisdiction of the courts located within the county of Santa Clara, California to resolve any legal matter arising from the License Agreement. Notwithstanding this, you agree that Google shall still be allowed to apply for injunctive remedies (or an equivalent type of urgent legal relief) in any jurisdiction.
build	Setup Android SDK	2025-10-16T21:27:17.0510092Z 
build	Setup Android SDK	2025-10-16T21:27:17.0510097Z 
build	Setup Android SDK	2025-10-16T21:27:17.0510167Z January 16, 2019
build	Setup Android SDK	2025-10-16T21:27:17.0510359Z ---------------------------------------
build	Setup Android SDK	2025-10-16T21:27:17.0510588Z Accept? (y/N): 
build	Setup Android SDK	2025-10-16T21:27:17.0510791Z 4/6: License android-sdk-preview-license:
build	Setup Android SDK	2025-10-16T21:27:17.0511050Z ---------------------------------------
build	Setup Android SDK	2025-10-16T21:27:17.0512227Z To get started with the Android SDK Preview, you must agree to the following terms and conditions. As described below, please note that this is a preview version of the Android SDK, subject to change, that you use at your own risk. The Android SDK Preview is not a stable release, and may contain errors and defects that can result in serious damage to your computer systems, devices and data.
build	Setup Android SDK	2025-10-16T21:27:17.0513339Z 
build	Setup Android SDK	2025-10-16T21:27:17.0513514Z This is the Android SDK Preview License Agreement (the "License Agreement").
build	Setup Android SDK	2025-10-16T21:27:17.0513781Z 
build	Setup Android SDK	2025-10-16T21:27:17.0513854Z 1. Introduction
build	Setup Android SDK	2025-10-16T21:27:17.0513954Z 
build	Setup Android SDK	2025-10-16T21:27:17.0515401Z 1.1 The Android SDK Preview (referred to in the License Agreement as the “Preview” and specifically including the Android system files, packaged APIs, and Preview library files, if and when they are made available) is licensed to you subject to the terms of the License Agreement. The License Agreement forms a legally binding contract between you and Google in relation to your use of the Preview.
build	Setup Android SDK	2025-10-16T21:27:17.0516572Z 
build	Setup Android SDK	2025-10-16T21:27:17.0517143Z 1.2 "Android" means the Android software stack for devices, as made available under the Android Open Source Project, which is located at the following URL: http://source.android.com/, as updated from time to time.
build	Setup Android SDK	2025-10-16T21:27:17.0517792Z 
build	Setup Android SDK	2025-10-16T21:27:17.0518197Z 1.3 "Google" means Google Inc., a Delaware corporation with principal place of business at 1600 Amphitheatre Parkway, Mountain View, CA 94043, United States.
build	Setup Android SDK	2025-10-16T21:27:17.0519036Z 
build	Setup Android SDK	2025-10-16T21:27:17.0519137Z 2. Accepting the License Agreement
build	Setup Android SDK	2025-10-16T21:27:17.0519294Z 
build	Setup Android SDK	2025-10-16T21:27:17.0519655Z 2.1 In order to use the Preview, you must first agree to the License Agreement. You may not use the Preview if you do not accept the License Agreement.
build	Setup Android SDK	2025-10-16T21:27:17.0520097Z 
build	Setup Android SDK	2025-10-16T21:27:17.0520349Z 2.2 By clicking to accept and/or using the Preview, you hereby agree to the terms of the License Agreement.
build	Setup Android SDK	2025-10-16T21:27:17.0520685Z 
build	Setup Android SDK	2025-10-16T21:27:17.0521367Z 2.3 You may not use the Preview and may not accept the License Agreement if you are a person barred from receiving the Preview under the laws of the United States or other countries including the country in which you are resident or from which you use the Preview.
build	Setup Android SDK	2025-10-16T21:27:17.0522257Z 
build	Setup Android SDK	2025-10-16T21:27:17.0523431Z 2.4 If you will use the Preview internally within your company or organization you agree to be bound by the License Agreement on behalf of your employer or other entity, and you represent and warrant that you have full legal authority to bind your employer or such entity to the License Agreement. If you do not have the requisite authority, you may not accept the License Agreement or use the Preview on behalf of your employer or other entity.
build	Setup Android SDK	2025-10-16T21:27:17.0525015Z 
build	Setup Android SDK	2025-10-16T21:27:17.0525170Z 3. Preview License from Google
build	Setup Android SDK	2025-10-16T21:27:17.0525425Z 
build	Setup Android SDK	2025-10-16T21:27:17.0526576Z 3.1 Subject to the terms of the License Agreement, Google grants you a royalty-free, non-assignable, non-exclusive, non-sublicensable, limited, revocable license to use the Preview, personally or internally within your company or organization, solely to develop applications to run on the Android platform.
build	Setup Android SDK	2025-10-16T21:27:17.0527528Z 
build	Setup Android SDK	2025-10-16T21:27:17.0528829Z 3.2 You agree that Google or third parties owns all legal right, title and interest in and to the Preview, including any Intellectual Property Rights that subsist in the Preview. "Intellectual Property Rights" means any and all rights under patent law, copyright law, trade secret law, trademark law, and any and all other proprietary rights. Google reserves all rights not expressly granted to you.
build	Setup Android SDK	2025-10-16T21:27:17.0530016Z 
build	Setup Android SDK	2025-10-16T21:27:17.0531656Z 3.3 You may not use the Preview for any purpose not expressly permitted by the License Agreement. Except to the extent required by applicable third party licenses, you may not: (a) copy (except for backup purposes), modify, adapt, redistribute, decompile, reverse engineer, disassemble, or create derivative works of the Preview or any part of the Preview; or (b) load any part of the Preview onto a mobile handset or any other hardware device except a personal computer, combine any part of the Preview with other software, or distribute any software or device incorporating a part of the Preview.
build	Setup Android SDK	2025-10-16T21:27:17.0533362Z 
build	Setup Android SDK	2025-10-16T21:27:17.0534032Z 3.4 You agree that you will not take any actions that may cause or result in the fragmentation of Android, including but not limited to distributing, participating in the creation of, or promoting in any way a software development kit derived from the Preview.
build	Setup Android SDK	2025-10-16T21:27:17.0534795Z 
build	Setup Android SDK	2025-10-16T21:27:17.0535951Z 3.5 Use, reproduction and distribution of components of the Preview licensed under an open source software license are governed solely by the terms of that open source software license and not the License Agreement. You agree to remain a licensee in good standing in regard to such open source software licenses under all the rights granted and to refrain from any actions that may terminate, suspend, or breach such rights.
build	Setup Android SDK	2025-10-16T21:27:17.0537724Z 
build	Setup Android SDK	2025-10-16T21:27:17.0539176Z 3.6 You agree that the form and nature of the Preview that Google provides may change without prior notice to you and that future versions of the Preview may be incompatible with applications developed on previous versions of the Preview. You agree that Google may stop (permanently or temporarily) providing the Preview (or any features within the Preview) to you or to users generally at Google's sole discretion, without prior notice to you.
build	Setup Android SDK	2025-10-16T21:27:17.0540682Z 
build	Setup Android SDK	2025-10-16T21:27:17.0541130Z 3.7 Nothing in the License Agreement gives you a right to use any of Google's trade names, trademarks, service marks, logos, domain names, or other distinctive brand features.
build	Setup Android SDK	2025-10-16T21:27:17.0541654Z 
build	Setup Android SDK	2025-10-16T21:27:17.0542156Z 3.8 You agree that you will not remove, obscure, or alter any proprietary rights notices (including copyright and trademark notices) that may be affixed to or contained within the Preview.
build	Setup Android SDK	2025-10-16T21:27:17.0542731Z 
build	Setup Android SDK	2025-10-16T21:27:17.0542812Z 4. Use of the Preview by You
build	Setup Android SDK	2025-10-16T21:27:17.0542960Z 
build	Setup Android SDK	2025-10-16T21:27:17.0543782Z 4.1 Google agrees that nothing in the License Agreement gives Google any right, title or interest from you (or your licensors) under the License Agreement in or to any software applications that you develop using the Preview, including any intellectual property rights that subsist in those applications.
build	Setup Android SDK	2025-10-16T21:27:17.0544819Z 
build	Setup Android SDK	2025-10-16T21:27:17.0545809Z 4.2 You agree to use the Preview and write applications only for purposes that are permitted by (a) the License Agreement, and (b) any applicable law, regulation or generally accepted practices or guidelines in the relevant jurisdictions (including any laws regarding the export of data or software to and from the United States or other relevant countries).
build	Setup Android SDK	2025-10-16T21:27:17.0546864Z 
build	Setup Android SDK	2025-10-16T21:27:17.0549080Z 4.3 You agree that if you use the Preview to develop applications, you will protect the privacy and legal rights of users. If users provide you with user names, passwords, or other login information or personal information, you must make the users aware that the information will be available to your application, and you must provide legally adequate privacy notice and protection for those users. If your application stores personal or sensitive information provided by users, it must do so securely. If users provide you with Google Account information, your application may only use that information to access the user's Google Account when, and for the limited purposes for which, each user has given you permission to do so.
build	Setup Android SDK	2025-10-16T21:27:17.0551193Z 
build	Setup Android SDK	2025-10-16T21:27:17.0552002Z 4.4 You agree that you will not engage in any activity with the Preview, including the development or distribution of an application, that interferes with, disrupts, damages, or accesses in an unauthorized manner the servers, networks, or other properties or services of Google or any third party.
build	Setup Android SDK	2025-10-16T21:27:17.0552967Z 
build	Setup Android SDK	2025-10-16T21:27:17.0554587Z 4.5 You agree that you are solely responsible for (and that Google has no responsibility to you or to any third party for) any data, content, or resources that you create, transmit or display through Android and/or applications for Android, and for the consequences of your actions (including any loss or damage which Google may suffer) by doing so.
build	Setup Android SDK	2025-10-16T21:27:17.0556474Z 
build	Setup Android SDK	2025-10-16T21:27:17.0558521Z 4.6 You agree that you are solely responsible for (and that Google has no responsibility to you or to any third party for) any breach of your obligations under the License Agreement, any applicable third party contract or Terms of Service, or any applicable law or regulation, and for the consequences (including any loss or damage which Google or any third party may suffer) of any such breach.
build	Setup Android SDK	2025-10-16T21:27:17.0560776Z 
build	Setup Android SDK	2025-10-16T21:27:17.0563148Z 4.7 The Preview is in development, and your testing and feedback are an important part of the development process. By using the Preview, you acknowledge that implementation of some features are still under development and that you should not rely on the Preview having the full functionality of a stable release. You agree not to publicly distribute or ship any application using this Preview as this Preview will no longer be supported after the official Android SDK is released.
build	Setup Android SDK	2025-10-16T21:27:17.0565700Z 
build	Setup Android SDK	2025-10-16T21:27:17.0566057Z 5. Your Developer Credentials
build	Setup Android SDK	2025-10-16T21:27:17.0566325Z 
build	Setup Android SDK	2025-10-16T21:27:17.0567756Z 5.1 You agree that you are responsible for maintaining the confidentiality of any developer credentials that may be issued to you by Google or which you may choose yourself and that you will be solely responsible for all applications that are developed under your developer credentials.
build	Setup Android SDK	2025-10-16T21:27:17.0569562Z 
build	Setup Android SDK	2025-10-16T21:27:17.0569718Z 6. Privacy and Information
build	Setup Android SDK	2025-10-16T21:27:17.0569964Z 
build	Setup Android SDK	2025-10-16T21:27:17.0572394Z 6.1 In order to continually innovate and improve the Preview, Google may collect certain usage statistics from the software including but not limited to a unique identifier, associated IP address, version number of the software, and information on which tools and/or services in the Preview are being used and how they are being used. Before any of this information is collected, the Preview will notify you and seek your consent. If you withhold consent, the information will not be collected.
build	Setup Android SDK	2025-10-16T21:27:17.0574592Z 
build	Setup Android SDK	2025-10-16T21:27:17.0575132Z 6.2 The data collected is examined in the aggregate to improve the Preview and is maintained in accordance with Google's Privacy Policy located at http://www.google.com/policies/privacy/.
build	Setup Android SDK	2025-10-16T21:27:17.0575741Z 
build	Setup Android SDK	2025-10-16T21:27:17.0575832Z 7. Third Party Applications
build	Setup Android SDK	2025-10-16T21:27:17.0575978Z 
build	Setup Android SDK	2025-10-16T21:27:17.0577602Z 7.1 If you use the Preview to run applications developed by a third party or that access data, content or resources provided by a third party, you agree that Google is not responsible for those applications, data, content, or resources. You understand that all data, content or resources which you may access through such third party applications are the sole responsibility of the person from which they originated and that Google is not liable for any loss or damage that you may experience as a result of the use or access of any of those third party applications, data, content, or resources.
build	Setup Android SDK	2025-10-16T21:27:17.0579580Z 
build	Setup Android SDK	2025-10-16T21:27:17.0580899Z 7.2 You should be aware the data, content, and resources presented to you through such a third party application may be protected by intellectual property rights which are owned by the providers (or by other persons or companies on their behalf). You may not modify, rent, lease, loan, sell, distribute or create derivative works based on these data, content, or resources (either in whole or in part) unless you have been specifically given permission to do so by the relevant owners.
build	Setup Android SDK	2025-10-16T21:27:17.0582277Z 
build	Setup Android SDK	2025-10-16T21:27:17.0582719Z 7.3 You acknowledge that your use of such third party applications, data, content, or resources may be subject to separate terms between you and the relevant third party.
build	Setup Android SDK	2025-10-16T21:27:17.0583242Z 
build	Setup Android SDK	2025-10-16T21:27:17.0583318Z 8. Using Google APIs
build	Setup Android SDK	2025-10-16T21:27:17.0583441Z 
build	Setup Android SDK	2025-10-16T21:27:17.0583512Z 8.1 Google APIs
build	Setup Android SDK	2025-10-16T21:27:17.0583615Z 
build	Setup Android SDK	2025-10-16T21:27:17.0584942Z 8.1.1 If you use any API to retrieve data from Google, you acknowledge that the data may be protected by intellectual property rights which are owned by Google or those parties that provide the data (or by other persons or companies on their behalf). Your use of any such API may be subject to additional Terms of Service. You may not modify, rent, lease, loan, sell, distribute or create derivative works based on this data (either in whole or in part) unless allowed by the relevant Terms of Service.
build	Setup Android SDK	2025-10-16T21:27:17.0586338Z 
build	Setup Android SDK	2025-10-16T21:27:17.0586974Z 8.1.2 If you use any API to retrieve a user's data from Google, you acknowledge and agree that you shall retrieve data only with the user's explicit consent and only when, and for the limited purposes for which, the user has given you permission to do so.
build	Setup Android SDK	2025-10-16T21:27:17.0587704Z 
build	Setup Android SDK	2025-10-16T21:27:17.0587789Z 9. Terminating the License Agreement
build	Setup Android SDK	2025-10-16T21:27:17.0587955Z 
build	Setup Android SDK	2025-10-16T21:27:17.0588222Z 9.1 the License Agreement will continue to apply until terminated by either you or Google as set out below.
build	Setup Android SDK	2025-10-16T21:27:17.0588967Z 
build	Setup Android SDK	2025-10-16T21:27:17.0589306Z 9.2 If you want to terminate the License Agreement, you may do so by ceasing your use of the Preview and any relevant developer credentials.
build	Setup Android SDK	2025-10-16T21:27:17.0589716Z 
build	Setup Android SDK	2025-10-16T21:27:17.0589968Z 9.3 Google may at any time, terminate the License Agreement, with or without cause, upon notice to you.
build	Setup Android SDK	2025-10-16T21:27:17.0590294Z 
build	Setup Android SDK	2025-10-16T21:27:17.0591178Z 9.4 The License Agreement will automatically terminate without notice or other action upon the earlier of: (A) when Google ceases to provide the Preview or certain parts of the Preview to users in the country in which you are resident or from which you use the service; and (B) Google issues a final release version of the Android SDK.
build	Setup Android SDK	2025-10-16T21:27:17.0592141Z 
build	Setup Android SDK	2025-10-16T21:27:17.0592772Z 9.5 When the License Agreement is terminated, the license granted to you in the License Agreement will terminate, you will immediately cease all use of the Preview, and the provisions of paragraphs 10, 11, 12 and 14 shall survive indefinitely.
build	Setup Android SDK	2025-10-16T21:27:17.0593630Z 
build	Setup Android SDK	2025-10-16T21:27:17.0593696Z 10. DISCLAIMERS
build	Setup Android SDK	2025-10-16T21:27:17.0593800Z 
build	Setup Android SDK	2025-10-16T21:27:17.0594263Z 10.1 YOU EXPRESSLY UNDERSTAND AND AGREE THAT YOUR USE OF THE PREVIEW IS AT YOUR SOLE RISK AND THAT THE PREVIEW IS PROVIDED "AS IS" AND "AS AVAILABLE" WITHOUT WARRANTY OF ANY KIND FROM GOOGLE.
build	Setup Android SDK	2025-10-16T21:27:17.0594800Z 
build	Setup Android SDK	2025-10-16T21:27:17.0596324Z 10.2 YOUR USE OF THE PREVIEW AND ANY MATERIAL DOWNLOADED OR OTHERWISE OBTAINED THROUGH THE USE OF THE PREVIEW IS AT YOUR OWN DISCRETION AND RISK AND YOU ARE SOLELY RESPONSIBLE FOR ANY DAMAGE TO YOUR COMPUTER SYSTEM OR OTHER DEVICE OR LOSS OF DATA THAT RESULTS FROM SUCH USE. WITHOUT LIMITING THE FOREGOING, YOU UNDERSTAND THAT THE PREVIEW IS NOT A STABLE RELEASE AND MAY CONTAIN ERRORS, DEFECTS AND SECURITY VULNERABILITIES THAT CAN RESULT IN SIGNIFICANT DAMAGE, INCLUDING THE COMPLETE, IRRECOVERABLE LOSS OF USE OF YOUR COMPUTER SYSTEM OR OTHER DEVICE.
build	Setup Android SDK	2025-10-16T21:27:17.0597924Z 
build	Setup Android SDK	2025-10-16T21:27:17.0598784Z 10.3 GOOGLE FURTHER EXPRESSLY DISCLAIMS ALL WARRANTIES AND CONDITIONS OF ANY KIND, WHETHER EXPRESS OR IMPLIED, INCLUDING, BUT NOT LIMITED TO THE IMPLIED WARRANTIES AND CONDITIONS OF MERCHANTABILITY, FITNESS FOR A PARTICULAR PURPOSE AND NON-INFRINGEMENT.
build	Setup Android SDK	2025-10-16T21:27:17.0599733Z 
build	Setup Android SDK	2025-10-16T21:27:17.0599818Z 11. LIMITATION OF LIABILITY
build	Setup Android SDK	2025-10-16T21:27:17.0599955Z 
build	Setup Android SDK	2025-10-16T21:27:17.0601154Z 11.1 YOU EXPRESSLY UNDERSTAND AND AGREE THAT GOOGLE, ITS SUBSIDIARIES AND AFFILIATES, AND ITS LICENSORS SHALL NOT BE LIABLE TO YOU UNDER ANY THEORY OF LIABILITY FOR ANY DIRECT, INDIRECT, INCIDENTAL, SPECIAL, CONSEQUENTIAL OR EXEMPLARY DAMAGES THAT MAY BE INCURRED BY YOU, INCLUDING ANY LOSS OF DATA, WHETHER OR NOT GOOGLE OR ITS REPRESENTATIVES HAVE BEEN ADVISED OF OR SHOULD HAVE BEEN AWARE OF THE POSSIBILITY OF ANY SUCH LOSSES ARISING.
build	Setup Android SDK	2025-10-16T21:27:17.0602417Z 
build	Setup Android SDK	2025-10-16T21:27:17.0602486Z 12. Indemnification
build	Setup Android SDK	2025-10-16T21:27:17.0602602Z 
build	Setup Android SDK	2025-10-16T21:27:17.0605023Z 12.1 To the maximum extent permitted by law, you agree to defend, indemnify and hold harmless Google, its affiliates and their respective directors, officers, employees and agents from and against any and all claims, actions, suits or proceedings, as well as any and all losses, liabilities, damages, costs and expenses (including reasonable attorneys’ fees) arising out of or accruing from (a) your use of the Preview, (b) any application you develop on the Preview that infringes any Intellectual Property Rights of any person or defames any person or violates their rights of publicity or privacy, and (c) any non-compliance by you of the License Agreement.
build	Setup Android SDK	2025-10-16T21:27:17.0606926Z 
build	Setup Android SDK	2025-10-16T21:27:17.0607012Z 13. Changes to the License Agreement
build	Setup Android SDK	2025-10-16T21:27:17.0607171Z 
build	Setup Android SDK	2025-10-16T21:27:17.0607819Z 13.1 Google may make changes to the License Agreement as it distributes new versions of the Preview. When these changes are made, Google will make a new version of the License Agreement available on the website where the Preview is made available.
build	Setup Android SDK	2025-10-16T21:27:17.0608928Z 
build	Setup Android SDK	2025-10-16T21:27:17.0609054Z 14. General Legal Terms
build	Setup Android SDK	2025-10-16T21:27:17.0609217Z 
build	Setup Android SDK	2025-10-16T21:27:17.0610074Z 14.1 the License Agreement constitutes the whole legal agreement between you and Google and governs your use of the Preview (excluding any services which Google may provide to you under a separate written agreement), and completely replaces any prior agreements between you and Google in relation to the Preview.
build	Setup Android SDK	2025-10-16T21:27:17.0611018Z 
build	Setup Android SDK	2025-10-16T21:27:17.0611848Z 14.2 You agree that if Google does not exercise or enforce any legal right or remedy which is contained in the License Agreement (or which Google has the benefit of under any applicable law), this will not be taken to be a formal waiver of Google's rights and that those rights or remedies will still be available to Google.
build	Setup Android SDK	2025-10-16T21:27:17.0612877Z 
build	Setup Android SDK	2025-10-16T21:27:17.0613812Z 14.3 If any court of law, having the jurisdiction to decide on this matter, rules that any provision of the License Agreement is invalid, then that provision will be removed from the License Agreement without affecting the rest of the License Agreement. The remaining provisions of the License Agreement will continue to be valid and enforceable.
build	Setup Android SDK	2025-10-16T21:27:17.0614828Z 
build	Setup Android SDK	2025-10-16T21:27:17.0616034Z 14.4 You acknowledge and agree that each member of the group of companies of which Google is the parent shall be third party beneficiaries to the License Agreement and that such other companies shall be entitled to directly enforce, and rely upon, any provision of the License Agreement that confers a benefit on (or rights in favor of) them. Other than this, no other person or company shall be third party beneficiaries to the License Agreement.
build	Setup Android SDK	2025-10-16T21:27:17.0617321Z 
build	Setup Android SDK	2025-10-16T21:27:17.0618071Z 14.5 EXPORT RESTRICTIONS. THE PREVIEW IS SUBJECT TO UNITED STATES EXPORT LAWS AND REGULATIONS. YOU MUST COMPLY WITH ALL DOMESTIC AND INTERNATIONAL EXPORT LAWS AND REGULATIONS THAT APPLY TO THE PREVIEW. THESE LAWS INCLUDE RESTRICTIONS ON DESTINATIONS, END USERS AND END USE.
build	Setup Android SDK	2025-10-16T21:27:17.0619137Z 
build	Setup Android SDK	2025-10-16T21:27:17.0620138Z 14.6 The License Agreement may not be assigned or transferred by you without the prior written approval of Google, and any attempted assignment without such approval will be void. You shall not delegate your responsibilities or obligations under the License Agreement without the prior written approval of Google.
build	Setup Android SDK	2025-10-16T21:27:17.0621094Z 
build	Setup Android SDK	2025-10-16T21:27:17.0622643Z 14.7 The License Agreement, and your relationship with Google under the License Agreement, shall be governed by the laws of the State of California without regard to its conflict of laws provisions. You and Google agree to submit to the exclusive jurisdiction of the courts located within the county of Santa Clara, California to resolve any legal matter arising from the License Agreement. Notwithstanding this, you agree that Google shall still be allowed to apply for injunctive remedies (or an equivalent type of urgent legal relief) in any jurisdiction.
build	Setup Android SDK	2025-10-16T21:27:17.0624280Z 
build	Setup Android SDK	2025-10-16T21:27:17.0624347Z June 2014.
build	Setup Android SDK	2025-10-16T21:27:17.0624519Z ---------------------------------------
build	Setup Android SDK	2025-10-16T21:27:17.0624776Z Accept? (y/N): 
build	Setup Android SDK	2025-10-16T21:27:17.0624976Z 5/6: License google-gdk-license:
build	Setup Android SDK	2025-10-16T21:27:17.0625193Z ---------------------------------------
build	Setup Android SDK	2025-10-16T21:27:17.0625504Z This is a Developer Preview of the GDK that is subject to change.
build	Setup Android SDK	2025-10-16T21:27:17.0625740Z 
build	Setup Android SDK	2025-10-16T21:27:17.0625811Z Terms and Conditions
build	Setup Android SDK	2025-10-16T21:27:17.0625938Z 
build	Setup Android SDK	2025-10-16T21:27:17.0626049Z This is the Glass Development Kit License Agreement.
build	Setup Android SDK	2025-10-16T21:27:17.0626247Z 
build	Setup Android SDK	2025-10-16T21:27:17.0626314Z 1. Introduction
build	Setup Android SDK	2025-10-16T21:27:17.0626422Z 
build	Setup Android SDK	2025-10-16T21:27:17.0627471Z 1.1 The Glass Development Kit (referred to in this License Agreement as the "GDK" and specifically including the Android system files, packaged APIs, and GDK library files, if and when they are made available) is licensed to you subject to the terms of this License Agreement. This License Agreement forms a legally binding contract between you and Google in relation to your use of the GDK.
build	Setup Android SDK	2025-10-16T21:27:17.0628871Z 
build	Setup Android SDK	2025-10-16T21:27:17.0629069Z 1.2 "Glass" means Glass devices and the Glass software stack for use on Glass devices.
build	Setup Android SDK	2025-10-16T21:27:17.0629356Z 
build	Setup Android SDK	2025-10-16T21:27:17.0629360Z 
build	Setup Android SDK	2025-10-16T21:27:17.0629936Z 1.3 "Android" means the Android software stack for devices, as made available under the Android Open Source Project, which is located at the following URL: http://source.android.com/, as updated from time to time.
build	Setup Android SDK	2025-10-16T21:27:17.0630577Z 
build	Setup Android SDK	2025-10-16T21:27:17.0630983Z 1.4 "Google" means Google Inc., a Delaware corporation with principal place of business at 1600 Amphitheatre Parkway, Mountain View, CA 94043, United States.
build	Setup Android SDK	2025-10-16T21:27:17.0631475Z 
build	Setup Android SDK	2025-10-16T21:27:17.0631558Z 2. Accepting this License Agreement
build	Setup Android SDK	2025-10-16T21:27:17.0631861Z 
build	Setup Android SDK	2025-10-16T21:27:17.0632200Z 2.1 In order to use the GDK, you must first agree to this License Agreement. You may not use the GDK if you do not accept this License Agreement.
build	Setup Android SDK	2025-10-16T21:27:17.0632619Z 
build	Setup Android SDK	2025-10-16T21:27:17.0632807Z 2.2 By clicking to accept, you hereby agree to the terms of this License Agreement.
build	Setup Android SDK	2025-10-16T21:27:17.0633086Z 
build	Setup Android SDK	2025-10-16T21:27:17.0633719Z 2.3 You may not use the GDK and may not accept the License Agreement if you are a person barred from receiving the GDK under the laws of the United States or other countries including the country in which you are resident or from which you use the GDK.
build	Setup Android SDK	2025-10-16T21:27:17.0634432Z 
build	Setup Android SDK	2025-10-16T21:27:17.0635406Z 2.4 If you are agreeing to be bound by this License Agreement on behalf of your employer or other entity, you represent and warrant that you have full legal authority to bind your employer or such entity to this License Agreement. If you do not have the requisite authority, you may not accept the License Agreement or use the GDK on behalf of your employer or other entity.
build	Setup Android SDK	2025-10-16T21:27:17.0636451Z 
build	Setup Android SDK	2025-10-16T21:27:17.0636532Z 3. GDK License from Google
build	Setup Android SDK	2025-10-16T21:27:17.0636665Z 
build	Setup Android SDK	2025-10-16T21:27:17.0637325Z 3.1 Subject to the terms of this License Agreement, Google grants you a limited, worldwide, royalty-free, non-assignable and non-exclusive license to use the GDK solely to develop applications to run on the Glass platform for Glass devices.
build	Setup Android SDK	2025-10-16T21:27:17.0638056Z 
build	Setup Android SDK	2025-10-16T21:27:17.0639243Z 3.2 You agree that Google or third parties own all legal right, title and interest in and to the GDK, including any Intellectual Property Rights that subsist in the GDK. "Intellectual Property Rights" means any and all rights under patent law, copyright law, trade secret law, trademark law, and any and all other proprietary rights. Google reserves all rights not expressly granted to you.
build	Setup Android SDK	2025-10-16T21:27:17.0640379Z 
build	Setup Android SDK	2025-10-16T21:27:17.0642058Z 3.3 You may not use the GDK for any purpose not expressly permitted by this License Agreement. Except to the extent required by applicable third party licenses, you may not: (a) copy (except for backup purposes), modify, adapt, redistribute, decompile, reverse engineer, disassemble, or create derivative works of the GDK or any part of the GDK; or (b) load any part of the GDK onto a mobile handset or wearable computing device or any other hardware device except a Glass device personal computer, combine any part of the GDK with other software, or distribute any software or device incorporating a part of the GDK.
build	Setup Android SDK	2025-10-16T21:27:17.0643792Z 
build	Setup Android SDK	2025-10-16T21:27:17.0644452Z 3.4 You agree that you will not take any actions that may cause or result in the fragmentation of Glass, including but not limited to distributing, participating in the creation of, or promoting in any way a software development kit derived from the GDK.
build	Setup Android SDK	2025-10-16T21:27:17.0645188Z 
build	Setup Android SDK	2025-10-16T21:27:17.0645756Z 3.5 Use, reproduction and distribution of components of the GDK licensed under an open source software license are governed solely by the terms of that open source software license and not this License Agreement.
build	Setup Android SDK	2025-10-16T21:27:17.0646397Z 
build	Setup Android SDK	2025-10-16T21:27:17.0647645Z 3.6 You agree that the form and nature of the GDK that Google provides may change without prior notice to you and that future versions of the GDK may be incompatible with applications developed on previous versions of the GDK. You agree that Google may stop (permanently or temporarily) providing the GDK (or any features within the GDK) to you or to users generally at Google's sole discretion, without prior notice to you.
build	Setup Android SDK	2025-10-16T21:27:17.0648961Z 
build	Setup Android SDK	2025-10-16T21:27:17.0649405Z 3.7 Nothing in this License Agreement gives you a right to use any of Google's trade names, trademarks, service marks, logos, domain names, or other distinctive brand features.
build	Setup Android SDK	2025-10-16T21:27:17.0649933Z 
build	Setup Android SDK	2025-10-16T21:27:17.0650415Z 3.8 You agree that you will not remove, obscure, or alter any proprietary rights notices (including copyright and trademark notices) that may be affixed to or contained within the GDK.
build	Setup Android SDK	2025-10-16T21:27:17.0651080Z 
build	Setup Android SDK	2025-10-16T21:27:17.0651084Z 
build	Setup Android SDK	2025-10-16T21:27:17.0652084Z 3.9 Your use of any Android system files, packaged APIs, or other components of the GDK which are part of the Android Software Development Kit is subject to the terms of the Android Software Development Kit License Agreement located at http://developer.android.com/sdk/terms.html. These terms are hereby incorporated by reference into this License Agreement.
build	Setup Android SDK	2025-10-16T21:27:17.0653146Z 
build	Setup Android SDK	2025-10-16T21:27:17.0653219Z 4. Use of the GDK by You
build	Setup Android SDK	2025-10-16T21:27:17.0653346Z 
build	Setup Android SDK	2025-10-16T21:27:17.0654052Z 4.1 Google agrees that it obtains no right, title or interest from you (or your licensors) under this License Agreement in or to any software applications that you develop using the GDK, including any intellectual property rights that subsist in those applications.
build	Setup Android SDK	2025-10-16T21:27:17.0654843Z 
build	Setup Android SDK	2025-10-16T21:27:17.0656313Z 4.2 You agree to use the GDK and write applications only for purposes that are permitted by (a) this License Agreement, (b) the Glass Platform Developer Policies (located at https://developers.google.com/glass/policies, and hereby incorporated into this License Agreement by reference), and (c) any applicable law, regulation or generally accepted practices or guidelines in the relevant jurisdictions (including any laws regarding the export of data or software to and from the United States or other relevant countries).
build	Setup Android SDK	2025-10-16T21:27:17.0657858Z 
build	Setup Android SDK	2025-10-16T21:27:17.0660656Z 4.3 You agree that if you use the GDK to develop applications for general public users, you will protect the privacy and legal rights of those users. If the users provide you with user names, passwords, or other login information or personal information, you must make the users aware that the information will be available to your application, and you must provide legally adequate privacy notice and protection for those users. If your application stores personal or sensitive information provided by users, it must do so securely. If the user provides your application with Google Account information, your application may only use that information to access the user's Google Account when, and for the limited purposes for which, the user has given you permission to do so.
build	Setup Android SDK	2025-10-16T21:27:17.0663870Z 
build	Setup Android SDK	2025-10-16T21:27:17.0664772Z 4.4 You agree that you will not engage in any activity with the GDK, including the development or distribution of an application, that interferes with, disrupts, damages, or accesses in an unauthorized manner the servers, networks, or other properties or services of any third party including, but not limited to, Google.
build	Setup Android SDK	2025-10-16T21:27:17.0665721Z 
build	Setup Android SDK	2025-10-16T21:27:17.0666632Z 4.5 You agree that you are solely responsible for (and that Google has no responsibility to you or to any third party for) any data, content, or resources that you create, transmit or display through Glass and/or applications for Glass, and for the consequences of your actions (including any loss or damage which Google may suffer) by doing so.
build	Setup Android SDK	2025-10-16T21:27:17.0667616Z 
build	Setup Android SDK	2025-10-16T21:27:17.0668824Z 4.6 You agree that you are solely responsible for (and that Google has no responsibility to you or to any third party for) any breach of your obligations under this License Agreement, any applicable third party contract or Terms of Service, or any applicable law or regulation, and for the consequences (including any loss or damage which Google or any third party may suffer) of any such breach.
build	Setup Android SDK	2025-10-16T21:27:17.0670140Z 
build	Setup Android SDK	2025-10-16T21:27:17.0670144Z 
build	Setup Android SDK	2025-10-16T21:27:17.0671161Z 4.7 The GDK is in development, and your testing and feedback are an important part of the development process. By using the GDK, you acknowledge that implementation of some features are still under development and that you should not rely on the GDK, Glass devices, Glass system software, Google Mirror API, or Glass services having the full functionality of a stable release.
build	Setup Android SDK	2025-10-16T21:27:17.0672260Z 
build	Setup Android SDK	2025-10-16T21:27:17.0672445Z 5. Your Developer Credentials
build	Setup Android SDK	2025-10-16T21:27:17.0672603Z 
build	Setup Android SDK	2025-10-16T21:27:17.0673374Z 5.1 You agree that you are responsible for maintaining the confidentiality of any developer credentials that may be issued to you by Google or which you may choose yourself and that you will be solely responsible for all applications that are developed under your developer credentials.
build	Setup Android SDK	2025-10-16T21:27:17.0674220Z 
build	Setup Android SDK	2025-10-16T21:27:17.0674307Z 6. Privacy and Information
build	Setup Android SDK	2025-10-16T21:27:17.0674439Z 
build	Setup Android SDK	2025-10-16T21:27:17.0674444Z 
build	Setup Android SDK	2025-10-16T21:27:17.0675747Z 6.1 In order to continually innovate and improve the GDK, Google may collect certain usage statistics from the software including but not limited to a unique identifier, associated IP address, version number of the software, and information on which tools and/or services in the GDK are being used and how they are being used. Before any of this information is collected, the GDK will notify you and seek your consent. If you withhold consent, the information will not be collected.
build	Setup Android SDK	2025-10-16T21:27:17.0677129Z 
build	Setup Android SDK	2025-10-16T21:27:17.0677458Z 6.2 The data collected is examined in the aggregate to improve the GDK and is maintained in accordance with Google's Privacy Policy.
build	Setup Android SDK	2025-10-16T21:27:17.0677874Z 
build	Setup Android SDK	2025-10-16T21:27:17.0677954Z 7. Third Party Applications
build	Setup Android SDK	2025-10-16T21:27:17.0678091Z 
build	Setup Android SDK	2025-10-16T21:27:17.0679910Z 7.1 If you use the GDK to run applications developed by a third party or that access data, content or resources provided by a third party, you agree that Google is not responsible for those applications, data, content, or resources. You understand that all data, content or resources which you may access through such third party applications are the sole responsibility of the person from which they originated and that Google is not liable for any loss or damage that you may experience as a result of the use or access of any of those third party applications, data, content, or resources.
build	Setup Android SDK	2025-10-16T21:27:17.0681593Z 
build	Setup Android SDK	2025-10-16T21:27:17.0683141Z 7.2 You should be aware the data, content, and resources presented to you through such a third party application may be protected by intellectual property rights which are owned by the providers (or by other persons or companies on their behalf). You may not modify, rent, lease, loan, sell, distribute or create derivative works based on these data, content, or resources (either in whole or in part) unless you have been specifically given permission to do so by the relevant owners.
build	Setup Android SDK	2025-10-16T21:27:17.0708375Z 
build	Setup Android SDK	2025-10-16T21:27:17.0709847Z 7.3 You acknowledge that your use of such third party applications, data, content, or resources may be subject to separate terms between you and the relevant third party. In that case, this License Agreement does not affect your legal relationship with these third parties.
build	Setup Android SDK	2025-10-16T21:27:17.0711231Z 
build	Setup Android SDK	2025-10-16T21:27:17.0711364Z 8. Using Google APIs
build	Setup Android SDK	2025-10-16T21:27:17.0711567Z 
build	Setup Android SDK	2025-10-16T21:27:17.0711696Z 8.1 Google APIs
build	Setup Android SDK	2025-10-16T21:27:17.0711873Z 
build	Setup Android SDK	2025-10-16T21:27:17.0714220Z 8.1.1 If you use any API to retrieve data from Google, you acknowledge that the data may be protected by intellectual property rights which are owned by Google or those parties that provide the data (or by other persons or companies on their behalf). Your use of any such API may be subject to additional Terms of Service. You may not modify, rent, lease, loan, sell, distribute or create derivative works based on this data (either in whole or in part) unless allowed by the relevant Terms of Service.
build	Setup Android SDK	2025-10-16T21:27:17.0717045Z 
build	Setup Android SDK	2025-10-16T21:27:17.0718234Z 8.1.2 If you use any API to retrieve a user's data from Google, you acknowledge and agree that you shall retrieve data only with the user's explicit consent and only when, and for the limited purposes for which, the user has given you permission to do so.
build	Setup Android SDK	2025-10-16T21:27:17.0719823Z 
build	Setup Android SDK	2025-10-16T21:27:17.0719994Z 9. Terminating this License Agreement
build	Setup Android SDK	2025-10-16T21:27:17.0720304Z 
build	Setup Android SDK	2025-10-16T21:27:17.0720809Z 9.1 This License Agreement will continue to apply until terminated by either you or Google as set out below.
build	Setup Android SDK	2025-10-16T21:27:17.0721708Z 
build	Setup Android SDK	2025-10-16T21:27:17.0722283Z 9.2 If you want to terminate this License Agreement, you may do so by ceasing your use of the GDK and any relevant developer credentials.
build	Setup Android SDK	2025-10-16T21:27:17.0723036Z 
build	Setup Android SDK	2025-10-16T21:27:17.0725138Z 9.3 Google may at any time, terminate this License Agreement with you if: (A) you have breached any provision of this License Agreement; or (B) Google is required to do so by law; or (C) the partner with whom Google offered certain parts of GDK (such as APIs) to you has terminated its relationship with Google or ceased to offer certain parts of the GDK to you; or (D) Google decides to no longer provide the GDK or certain parts of the GDK to users in the country in which you are resident or from which you use the service, or the provision of the GDK or certain GDK services to you by Google is, in Google's sole discretion, no longer commercially viable.
build	Setup Android SDK	2025-10-16T21:27:17.0726913Z 
build	Setup Android SDK	2025-10-16T21:27:17.0728136Z 9.4 When this License Agreement comes to an end, all of the legal rights, obligations and liabilities that you and Google have benefited from, been subject to (or which have accrued over time whilst this License Agreement has been in force) or which are expressed to continue indefinitely, shall be unaffected by this cessation, and the provisions of paragraph 14.7 shall continue to apply to such rights, obligations and liabilities indefinitely.
build	Setup Android SDK	2025-10-16T21:27:17.0729719Z 
build	Setup Android SDK	2025-10-16T21:27:17.0729812Z 10. DISCLAIMER OF WARRANTIES
build	Setup Android SDK	2025-10-16T21:27:17.0729959Z 
build	Setup Android SDK	2025-10-16T21:27:17.0730399Z 10.1 YOU EXPRESSLY UNDERSTAND AND AGREE THAT YOUR USE OF THE GDK IS AT YOUR SOLE RISK AND THAT THE GDK IS PROVIDED "AS IS" AND "AS AVAILABLE" WITHOUT WARRANTY OF ANY KIND FROM GOOGLE.
build	Setup Android SDK	2025-10-16T21:27:17.0730916Z 
build	Setup Android SDK	2025-10-16T21:27:17.0731595Z 10.2 YOUR USE OF THE GDK AND ANY MATERIAL DOWNLOADED OR OTHERWISE OBTAINED THROUGH THE USE OF THE GDK IS AT YOUR OWN DISCRETION AND RISK AND YOU ARE SOLELY RESPONSIBLE FOR ANY DAMAGE TO YOUR COMPUTER SYSTEM OR OTHER DEVICE OR LOSS OF DATA THAT RESULTS FROM SUCH USE.
build	Setup Android SDK	2025-10-16T21:27:17.0732372Z 
build	Setup Android SDK	2025-10-16T21:27:17.0733077Z 10.3 GOOGLE FURTHER EXPRESSLY DISCLAIMS ALL WARRANTIES AND CONDITIONS OF ANY KIND, WHETHER EXPRESS OR IMPLIED, INCLUDING, BUT NOT LIMITED TO THE IMPLIED WARRANTIES AND CONDITIONS OF MERCHANTABILITY, FITNESS FOR A PARTICULAR PURPOSE AND NON-INFRINGEMENT.
build	Setup Android SDK	2025-10-16T21:27:17.0733860Z 
build	Setup Android SDK	2025-10-16T21:27:17.0733948Z 11. LIMITATION OF LIABILITY
build	Setup Android SDK	2025-10-16T21:27:17.0734084Z 
build	Setup Android SDK	2025-10-16T21:27:17.0735284Z 11.1 YOU EXPRESSLY UNDERSTAND AND AGREE THAT GOOGLE, ITS SUBSIDIARIES AND AFFILIATES, AND ITS LICENSORS SHALL NOT BE LIABLE TO YOU UNDER ANY THEORY OF LIABILITY FOR ANY DIRECT, INDIRECT, INCIDENTAL, SPECIAL, CONSEQUENTIAL OR EXEMPLARY DAMAGES THAT MAY BE INCURRED BY YOU, INCLUDING ANY LOSS OF DATA, WHETHER OR NOT GOOGLE OR ITS REPRESENTATIVES HAVE BEEN ADVISED OF OR SHOULD HAVE BEEN AWARE OF THE POSSIBILITY OF ANY SUCH LOSSES ARISING.
build	Setup Android SDK	2025-10-16T21:27:17.0736548Z 
build	Setup Android SDK	2025-10-16T21:27:17.0736619Z 12. Indemnification
build	Setup Android SDK	2025-10-16T21:27:17.0736728Z 
build	Setup Android SDK	2025-10-16T21:27:17.0738875Z 12.1 To the maximum extent permitted by law, you agree to defend, indemnify and hold harmless Google, its affiliates and their respective directors, officers, employees and agents from and against any and all claims, actions, suits or proceedings, as well as any and all losses, liabilities, damages, costs and expenses (including reasonable attorneys fees) arising out of or accruing from (a) your use of the GDK, (b) any application you develop on the GDK that infringes any copyright, trademark, trade secret, trade dress, patent or other intellectual property right of any person or defames any person or violates their rights of publicity or privacy, and (c) any non-compliance by you with this License Agreement.
build	Setup Android SDK	2025-10-16T21:27:17.0741506Z 
build	Setup Android SDK	2025-10-16T21:27:17.0741613Z 13. Changes to the License Agreement
build	Setup Android SDK	2025-10-16T21:27:17.0741782Z 
build	Setup Android SDK	2025-10-16T21:27:17.0742401Z 13.1 Google may make changes to the License Agreement as it distributes new versions of the GDK. When these changes are made, Google will make a new version of the License Agreement available on the website where the GDK is made available.
build	Setup Android SDK	2025-10-16T21:27:17.0743264Z 
build	Setup Android SDK	2025-10-16T21:27:17.0743338Z 14. General Legal Terms
build	Setup Android SDK	2025-10-16T21:27:17.0743462Z 
build	Setup Android SDK	2025-10-16T21:27:17.0744300Z 14.1 This License Agreement constitutes the whole legal agreement between you and Google and governs your use of the GDK (excluding any services which Google may provide to you under a separate written agreement), and completely replaces any prior agreements between you and Google in relation to the GDK.
build	Setup Android SDK	2025-10-16T21:27:17.0745200Z 
build	Setup Android SDK	2025-10-16T21:27:17.0746026Z 14.2 You agree that if Google does not exercise or enforce any legal right or remedy which is contained in this License Agreement (or which Google has the benefit of under any applicable law), this will not be taken to be a formal waiver of Google's rights and that those rights or remedies will still be available to Google.
build	Setup Android SDK	2025-10-16T21:27:17.0746935Z 
build	Setup Android SDK	2025-10-16T21:27:17.0747882Z 14.3 If any court of law, having the jurisdiction to decide on this matter, rules that any provision of this License Agreement is invalid, then that provision will be removed from this License Agreement without affecting the rest of this License Agreement. The remaining provisions of this License Agreement will continue to be valid and enforceable.
build	Setup Android SDK	2025-10-16T21:27:17.0749176Z 
build	Setup Android SDK	2025-10-16T21:27:17.0750385Z 14.4 You acknowledge and agree that each member of the group of companies of which Google is the parent shall be third party beneficiaries to this License Agreement and that such other companies shall be entitled to directly enforce, and rely upon, any provision of this License Agreement that confers a benefit on (or rights in favor of) them. Other than this, no other person or company shall be third party beneficiaries to this License Agreement.
build	Setup Android SDK	2025-10-16T21:27:17.0751657Z 
build	Setup Android SDK	2025-10-16T21:27:17.0752368Z 14.5 EXPORT RESTRICTIONS. THE GDK IS SUBJECT TO UNITED STATES EXPORT LAWS AND REGULATIONS. YOU MUST COMPLY WITH ALL DOMESTIC AND INTERNATIONAL EXPORT LAWS AND REGULATIONS THAT APPLY TO THE GDK. THESE LAWS INCLUDE RESTRICTIONS ON DESTINATIONS, END USERS AND END USE.
build	Setup Android SDK	2025-10-16T21:27:17.0753167Z 
build	Setup Android SDK	2025-10-16T21:27:17.0754098Z 14.6 The rights granted in this License Agreement may not be assigned or transferred by either you or Google without the prior written approval of the other party. Neither you nor Google shall be permitted to delegate their responsibilities or obligations under this License Agreement without the prior written approval of the other party.
build	Setup Android SDK	2025-10-16T21:27:17.0755108Z 
build	Setup Android SDK	2025-10-16T21:27:17.0756672Z 14.7 This License Agreement, and your relationship with Google under this License Agreement, shall be governed by the laws of the State of California without regard to its conflict of laws provisions. You and Google agree to submit to the exclusive jurisdiction of the courts located within the county of Santa Clara, California to resolve any legal matter arising from this License Agreement. Notwithstanding this, you agree that Google shall still be allowed to apply for injunctive remedies (or an equivalent type of urgent legal relief) in any jurisdiction.
build	Setup Android SDK	2025-10-16T21:27:17.0758414Z 
build	Setup Android SDK	2025-10-16T21:27:17.0758492Z November 19, 2013
build	Setup Android SDK	2025-10-16T21:27:17.0758908Z ---------------------------------------
build	Setup Android SDK	2025-10-16T21:27:17.0759213Z Accept? (y/N): 
build	Setup Android SDK	2025-10-16T21:27:17.0759430Z 6/6: License mips-android-sysimage-license:
build	Setup Android SDK	2025-10-16T21:27:17.0759681Z ---------------------------------------
build	Setup Android SDK	2025-10-16T21:27:17.0761682Z MIPS Technologies, Inc. (“MIPS”) Internal Evaluation License Agreement for MIPS Android™ System Images for Android Software Development Kit (SDK): This Internal Evaluation License Agreement (this "Agreement") is entered into by and between MIPS and you (as an individual developer or a legal entity -- identified below as “Recipient”). MIPS shall make the Evaluation Software available to Recipient as described in accordance with the terms and conditions set forth below.
build	Setup Android SDK	2025-10-16T21:27:17.0763441Z 
build	Setup Android SDK	2025-10-16T21:27:17.0766201Z By clicking on the “Accept” button, downloading, installing, or otherwise using the Evaluation Materials (defined below), you agree to be bound by the terms of this Agreement effective as of the date you click “Accept” (the “Effective Date”), and if doing so on behalf of an entity, you represent that you are authorized to bind the entity to the terms and conditions of this Agreement. If you do not agree to be bound by the terms and conditions of this Agreement, do not download, install, or use the Evaluation Materials.
build	Setup Android SDK	2025-10-16T21:27:17.0769144Z 
build	Setup Android SDK	2025-10-16T21:27:17.0769435Z 1. DEFINITIONS. These terms shall have the following meanings:
build	Setup Android SDK	2025-10-16T21:27:17.0769855Z 
build	Setup Android SDK	2025-10-16T21:27:17.0770582Z 1.1 “MIPS” shall mean MIPS Technologies, Inc., a Delaware corporation having a principal place of business at: 955 East Arques Ave., Sunnyvale, CA 94085
build	Setup Android SDK	2025-10-16T21:27:17.0771081Z 
build	Setup Android SDK	2025-10-16T21:27:17.0771605Z 1.2 “Evaluation Software” shall mean MIPS Android™ emulator system images for Android Software Development Kit (SDK), as made available to Recipient.
build	Setup Android SDK	2025-10-16T21:27:17.0772115Z 
build	Setup Android SDK	2025-10-16T21:27:17.0773494Z 1.3 “Evaluation Materials" means, collectively, the Evaluation Software (in source and/or object code form) and documentation (including, without limitation, any design documents, specifications, reference manuals, and other related materials) related to the Evaluation Software as made available to Recipient.
build	Setup Android SDK	2025-10-16T21:27:17.0775221Z 
build	Setup Android SDK	2025-10-16T21:27:17.0779338Z 1.4 “Open Source Software” means any software that requires (as a condition of use, modification and/or distribution of such software) that such software or other software incorporated into, derived from or distributed with such software (a) be disclosed or distributed in source code form; or (b) be licensed by the user to third parties for the purpose of making and/or distributing derivative works; or (c) be redistributable at no charge. Open Source Software includes, without limitation, software licensed or distributed under any of the following licenses or distribution models, or licenses or distribution models substantially similar to any of the following: (a) GNU’s General Public License (GPL) or Lesser/Library GPL (LGPL), (b) the Artistic License (e.g., PERL), (c) the Mozilla Public License, (d) the Netscape Public License, (e) the Sun Community Source License (SCSL), (f) the Sun Industry Source License (SISL), (g) the Apache Software license and (h) the Common Public License (CPL).
build	Setup Android SDK	2025-10-16T21:27:17.0782211Z 
build	Setup Android SDK	2025-10-16T21:27:17.0783226Z 1.5 “Pre-Release Materials” means “alpha” or “beta” designated pre-release features, which may not be fully functional, which MIPS may substantially modify in producing any production version of the Evaluation Materials, and/or which is still under development by MIPS and/or MIPS’ suppliers.
build	Setup Android SDK	2025-10-16T21:27:17.0784126Z 
build	Setup Android SDK	2025-10-16T21:27:17.0785765Z 2. PURPOSE. MIPS desires to make the Evaluation Materials available to Recipient solely for Recipient's internal evaluation of the Evaluation Software to evaluate the desirability of cooperating with MIPS in developing products that are compatible with the Evaluation Software and/or to advise MIPS as to possible modifications to the Evaluation Software. Recipient may not disclose, distribute, modify (except to facilitate the above-mentioned internal evaluation), or make commercial use of the Evaluation Materials or any modifications of the Evaluation Materials.
build	Setup Android SDK	2025-10-16T21:27:17.0787711Z 
build	Setup Android SDK	2025-10-16T21:27:17.0789167Z THE EVALUATION MATERIALS ARE PROVIDED FOR EVALUATION PURPOSES ONLY AND MAY NOT BE MODIFIED (EXCEPT TO FACILITATE THE INTERNAL EVALUATION) OR DISTRIBUTED BY RECIPIENT OR INCORPORATED INTO RECIPIENT’S PRODUCTS OR SOFTWARE. PLEASE CONTACT A MIPS SALES REPRESENTATIVE TO LEARN ABOUT THE AVAILABILITY AND COST OF A COMMERCIAL VERSION OF THE EVALUATION SOFTWARE.
build	Setup Android SDK	2025-10-16T21:27:17.0790261Z 
build	Setup Android SDK	2025-10-16T21:27:17.0791046Z 3. TITLE. Title to the Evaluation Materials remains with MIPS or its suppliers. Recipient shall not mortgage, pledge or encumber the Evaluation Materials in any way. Recipient shall return all Evaluation Materials, keeping no copies, upon termination or expiration of this Agreement.
build	Setup Android SDK	2025-10-16T21:27:17.0792027Z 
build	Setup Android SDK	2025-10-16T21:27:17.0796119Z 4. LICENSE. MIPS grants Recipient a royalty-free, personal, nontransferable, nonexclusive license under its copyrights to use the Evaluation Software only for the purposes described in paragraph 2 above and only for a period beginning on the Effective Date and extending to the first anniversary of the Effective Date (the “Evaluation Period”). Unless otherwise communicated in writing by MIPS to Recipient, to the extent the Evaluation Software is provided in more than one delivery or release (each, a “Release”) the license grant in this Section 4 and the Evaluation Period shall apply to each Release, in which case the Evaluation Period shall begin on the date that the Release is made generally available and continue to the first anniversary of such date. Recipient may not make modifications to the Evaluation Software. Recipient shall not disassemble, reverse-engineer, or decompile any software that is not provided to Recipient in source code form.
build	Setup Android SDK	2025-10-16T21:27:17.0799605Z 
build	Setup Android SDK	2025-10-16T21:27:17.0799617Z 
build	Setup Android SDK	2025-10-16T21:27:17.0800656Z EXCEPT AS PROVIDED HEREIN, NO OTHER LICENSE, EXPRESS OR IMPLIED, BY ESTOPPEL OR OTHERWISE, TO ANY OTHER MIPS INTELLECTUAL PROPERTY RIGHTS IS GRANTED TO THE RECIPIENT. OTHER THAN AS EXPLICITLY SET FORTH IN PARAGRAPH 2 ABOVE, NO RIGHT TO COPY, TO REPRODUCE, TO MODIFY, OR TO CREATE DERIVATIVE WORKS OF, THE EVALUATION MATERIALS IS GRANTED HEREIN.
build	Setup Android SDK	2025-10-16T21:27:17.0801917Z 
build	Setup Android SDK	2025-10-16T21:27:17.0802642Z 5. NO OBLIGATION. Recipient shall have no duty to purchase or license any product from MIPS. MIPS and its suppliers shall have no obligation to provide support for, or develop a non-evaluation version of, the Evaluation Software or to license any version of it.
build	Setup Android SDK	2025-10-16T21:27:17.0803424Z 
build	Setup Android SDK	2025-10-16T21:27:17.0806806Z 6. MODIFICATIONS. This Agreement does not obligate Recipient to provide MIPS with comments or suggestions regarding Evaluation Materials. However, should Recipient provide MIPS with comments or suggestions for the modification, correction, improvement or enhancement of (a) the Evaluation Materials or (b) MIPS products or processes which may embody the Evaluation Materials, then Recipient agrees to grant and hereby grants to MIPS a non-exclusive, irrevocable, worldwide, fully paid-up, royalty-free license, with the right to sublicense MIPS’ licensees and customers, under Recipient’s Intellectual property rights, to use and disclose such comments and suggestions in any manner MIPS chooses and to display, perform, copy, make, have made, use, sell, offer to sell, import, and otherwise dispose of MIPS’ and its sublicensee’s products embodying such comments and suggestions in any manner and via any media MIPS chooses, without reference to the source.
build	Setup Android SDK	2025-10-16T21:27:17.0809890Z 
build	Setup Android SDK	2025-10-16T21:27:17.0811437Z 7. WARRANTY DISCLAIMER. MIPS AND ITS SUPPLIERS MAKE NO WARRANTIES WITH RESPECT TO EVALUATION MATERIALS, EITHER EXPRESS OR IMPLIED, INCLUDING ANY IMPLIED WARRANTIES OF MERCHANTABILITY OR FITNESS FOR A PARTICULAR PURPOSE, OR ANY IMPLIED WARRANTY OF NONINFRINGEMENT WITH RESPECT TO THIRD PARTY INTELLECTUAL PROPERTY. RECIPIENT ACKNOWLEDGES AND AGREES THAT THE EVALUATION MATERIALS ARE PROVIDED “AS IS,” WITHOUT WARRANTY OF ANY KIND.
build	Setup Android SDK	2025-10-16T21:27:17.0812946Z 
build	Setup Android SDK	2025-10-16T21:27:17.0814581Z 8. LIMITATION OF LIABILITY. MIPS AND ITS SUPPLIERS SHALL NOT BE LIABLE FOR ANY PROPERTY DAMAGE, PERSONAL INJURY, LOSS OF PROFITS, INTERRUPTION OF BUSINESS OR FOR ANY DIRECT, INDIRECT, SPECIAL, CONSEQUENTIAL OR INCIDENTAL DAMAGES, HOWEVER CAUSED OR ALLEGED, WHETHER FOR BREACH OF WARRANTY, CONTRACT, STRICT LIABILITY OR OTHERWISE, INCLUDING WITHOUT LIMITATION, UNDER TORT OR OTHER LEGAL THEORY. MIPS AND ITS SUPPLIERS DISCLAIM ANY AND ALL LIABILITY, INCLUDING LIABILITY FOR INFRINGEMENT OF ANY INTELLECTUAL PROPERTY RIGHTS OF ANY KIND RELATING TO THE EVALUATION MATERIALS.
build	Setup Android SDK	2025-10-16T21:27:17.0816796Z 
build	Setup Android SDK	2025-10-16T21:27:17.0817469Z 9. EXPIRATION. MIPS may terminate this Agreement immediately after a breach by Recipient or otherwise at MIPS’ reasonable discretion and upon five (5) business days’ notice to Recipient.
build	Setup Android SDK	2025-10-16T21:27:17.0818087Z 
build	Setup Android SDK	2025-10-16T21:27:17.0818157Z 10. GENERAL.
build	Setup Android SDK	2025-10-16T21:27:17.0818264Z 
build	Setup Android SDK	2025-10-16T21:27:17.0821460Z 10.1 Controlling Law. This Agreement shall be governed by California law excluding its choice of law rules. With the exception of MIPS’ rights to enforce its intellectual property rights and any confidentiality obligations under this Agreement or any licenses distributed with the Evaluation Materials, all disputes and any claims arising under or relating to this Agreement shall be subject to the exclusive jurisdiction and venue of the state and federal courts located in Santa Clara County, California. Each party hereby agrees to jurisdiction and venue in the courts set forth in the preceding sentence. The parties agree that the United Nations Convention on Contracts for the International Sale of Goods is specifically excluded from application to this Agreement. The parties consent to the personal jurisdiction of the above courts.
build	Setup Android SDK	2025-10-16T21:27:17.0823994Z 
build	Setup Android SDK	2025-10-16T21:27:17.0825383Z 10.2 Remedies. Recipient acknowledges and agrees that any breach of confidentiality obligations under this Agreement or any licenses distributed with the Evaluation Materials, as well as any disclosure, commercialization, or public use of the Evaluation Materials, would cause irreparable injury to MIPS, and therefore Recipient agrees to consent to, and hereby consents to, the grant of an injunction by any court of competent jurisdiction in the event of an actual or threatened breach.
build	Setup Android SDK	2025-10-16T21:27:17.0826854Z 
build	Setup Android SDK	2025-10-16T21:27:17.0828775Z 10.3 Assignment. Recipient may not delegate, assign or transfer this Agreement, the license granted or any of Recipient’s rights, obligations, or duties hereunder, expressly, by implication, by operation of law, by way of merger (regardless of whether Recipient is the surviving entity) or acquisition, or otherwise and any attempt to do so, without MIPS’ express prior written consent, shall be ineffective, null and void. MIPS may freely assign this Agreement, and its rights and obligations hereunder, in its sole discretion.
build	Setup Android SDK	2025-10-16T21:27:17.0830344Z 
build	Setup Android SDK	2025-10-16T21:27:17.0831664Z 10.4 Entire Agreement. This Agreement constitutes the entire agreement between Recipient and MIPS and supersedes in their entirety any and all oral or written agreements previously existing between Recipient and MIPS with respect to the subject matter hereof. This Agreement may only be amended or supplemented by a writing that refers explicitly to this Agreement and that is signed or otherwise accepted by duly authorized representatives of Recipient and MIPS.
build	Setup Android SDK	2025-10-16T21:27:17.0833055Z 
build	Setup Android SDK	2025-10-16T21:27:17.0834337Z 10.5 Severability. In the event that any provision of this Agreement is finally adjudicated to be unenforceable or invalid under any applicable law, such unenforceability or invalidity shall not render this Agreement unenforceable or invalid as a whole, and, in such event, such unenforceable or invalid provision shall be interpreted so as to best accomplish the objectives of such provision within the limits of applicable law or applicable court decisions.
build	Setup Android SDK	2025-10-16T21:27:17.0835849Z 
build	Setup Android SDK	2025-10-16T21:27:17.0841556Z 10.6 Export Regulations / Export Control. Recipient shall not export, either directly or indirectly, any product, service or technical data or system incorporating the Evaluation Materials without first obtaining any required license or other necessary approval from the U.S. Department of Commerce or any other governing agency or department of the United States Government. In the event any product is exported from the United States or re-exported from a foreign destination by Recipient, Recipient shall ensure that the distribution and export/re-export or import of the product is in compliance with all applicable laws, regulations, orders, or other restrictions of the U.S. Export Administration Regulations and the appropriate foreign government. Recipient agrees that neither it nor any of its subsidiaries will export/re-export any technical data, process, product, or service, directly or indirectly, to any country for which the United States government or any agency thereof or the foreign government from where it is shipping requires an export license, or other governmental approval, without first obtaining such license or approval. Recipient also agrees to implement measures to ensure that foreign national employees are authorized to receive any information controlled by U.S. export control laws. An export is "deemed" to take place when information is released to a foreign national wherever located.
build	Setup Android SDK	2025-10-16T21:27:17.0846790Z 
build	Setup Android SDK	2025-10-16T21:27:17.0850249Z 10.7 Special Terms for Pre-Release Materials. If so indicated in the description of the Evaluation Software, the Evaluation Software may contain Pre-Release Materials. Recipient hereby understands, acknowledges and agrees that: (i) Pre-Release Materials may not be fully tested and may contain bugs or errors; (ii) Pre-Release materials are not suitable for commercial release in their current state; (iii) regulatory approvals for Pre-Release Materials (such as UL or FCC) have not been obtained, and Pre-Release Materials may therefore not be certified for use in certain countries or environments or may not be suitable for certain applications and (iv) MIPS can provide no assurance that it will ever produce or make generally available a production version of the Pre-Release Materials . MIPS is not under any obligation to develop and/or release or offer for sale or license a final product based upon the Pre-Release Materials and may unilaterally elect to abandon the Pre-Release Materials or any such development platform at any time and without any obligation or liability whatsoever to Recipient or any other person.
build	Setup Android SDK	2025-10-16T21:27:17.0853696Z 
build	Setup Android SDK	2025-10-16T21:27:17.0854314Z ANY PRE-RELEASE MATERIALS ARE NON-QUALIFIED AND, AS SUCH, ARE PROVIDED “AS IS” AND “AS AVAILABLE”, POSSIBLY WITH FAULTS, AND WITHOUT REPRESENTATION OR WARRANTY OF ANY KIND.
build	Setup Android SDK	2025-10-16T21:27:17.0854866Z 
build	Setup Android SDK	2025-10-16T21:27:17.0856702Z 10.8 Open Source Software. In the event Open Source software is included with Evaluation Software, such Open Source software is licensed pursuant to the applicable Open Source software license agreement identified in the Open Source software comments in the applicable source code file(s) and/or file header as indicated in the Evaluation Software. Additional detail may be available (where applicable) in the accompanying on-line documentation. With respect to the Open Source software, nothing in this Agreement limits any rights under, or grants rights that supersede, the terms of any applicable Open Source software license agreement.
build	Setup Android SDK	2025-10-16T21:27:17.0858865Z ---------------------------------------
build	Setup Android SDK	2025-10-16T21:27:17.0859304Z Accept? (y/N): All SDK package licenses accepted
build	Setup Android SDK	2025-10-16T21:27:17.0859518Z 
build	Setup Android SDK	2025-10-16T21:27:17.0859748Z [command]/usr/local/lib/android/sdk/cmdline-tools/16.0/bin/sdkmanager platform-tools
build	Setup Android SDK	2025-10-16T21:27:17.0860322Z platforms;android-34
build	Setup Android SDK	2025-10-16T21:27:17.0860514Z build-tools;35.0.0
build	Setup Android SDK	2025-10-16T21:27:17.0860689Z ndk;26.1.10909125
build	Setup Android SDK	2025-10-16T21:27:17.8191953Z Loading package information...                                                  
build	Setup Android SDK	2025-10-16T21:27:17.9170024Z Loading local repository...                                                     
build	Setup Android SDK	2025-10-16T21:27:17.9173101Z [                                       ] 3% Loading local repository...        
build	Setup Android SDK	2025-10-16T21:27:17.9269157Z [                                       ] 3% Fetch remote repository...         
build	Setup Android SDK	2025-10-16T21:27:18.2756187Z [=                                      ] 3% Fetch remote repository...         
build	Setup Android SDK	2025-10-16T21:27:18.3385771Z [=                                      ] 4% Fetch remote repository...         
build	Setup Android SDK	2025-10-16T21:27:18.3708406Z [=                                      ] 5% Fetch remote repository...         
build	Setup Android SDK	2025-10-16T21:27:18.4089025Z [==                                     ] 5% Fetch remote repository...         
build	Setup Android SDK	2025-10-16T21:27:18.4885654Z [==                                     ] 6% Fetch remote repository...         
build	Setup Android SDK	2025-10-16T21:27:18.5666405Z [==                                     ] 7% Fetch remote repository...         
build	Setup Android SDK	2025-10-16T21:27:18.5689713Z [==                                     ] 7% Computing updates...               
build	Setup Android SDK	2025-10-16T21:27:18.5778368Z [===                                    ] 8% Computing updates...               
build	Setup Android SDK	2025-10-16T21:27:18.5785041Z [===                                    ] 10% Computing updates...              
build	Setup Android SDK	2025-10-16T21:27:18.5791056Z                                                                                 
build	Setup Android SDK	2025-10-16T21:27:18.5800590Z Warning: Failed to find package 'platform-tools
build	Setup Android SDK	2025-10-16T21:27:18.5801509Z platforms;android-34
build	Setup Android SDK	2025-10-16T21:27:18.5801852Z build-tools;35.0.0
build	Setup Android SDK	2025-10-16T21:27:18.5802190Z ndk;26.1.10909125'
build	Setup Android SDK	2025-10-16T21:27:18.6036732Z /home/runner/work/_actions/android-actions/setup-android/v3/dist/index.js:1823
build	Setup Android SDK	2025-10-16T21:27:18.6037827Z                 error = new Error(`The process '${this.toolPath}' failed with exit code ${this.processExitCode}`);
build	Setup Android SDK	2025-10-16T21:27:18.6038528Z                         ^
build	Setup Android SDK	2025-10-16T21:27:18.6038983Z 
build	Setup Android SDK	2025-10-16T21:27:18.6039318Z Error: The process '/usr/local/lib/android/sdk/cmdline-tools/16.0/bin/sdkmanager' failed with exit code 1
build	Setup Android SDK	2025-10-16T21:27:18.6040047Z     at ExecState._setResult (/home/runner/work/_actions/android-actions/setup-android/v3/dist/index.js:1823:25)
build	Setup Android SDK	2025-10-16T21:27:18.6040740Z     at ExecState.CheckComplete (/home/runner/work/_actions/android-actions/setup-android/v3/dist/index.js:1806:18)
build	Setup Android SDK	2025-10-16T21:27:18.6041562Z     at ChildProcess.<anonymous> (/home/runner/work/_actions/android-actions/setup-android/v3/dist/index.js:1700:27)
build	Setup Android SDK	2025-10-16T21:27:18.6042095Z     at ChildProcess.emit (node:events:524:28)
build	Setup Android SDK	2025-10-16T21:27:18.6042410Z     at maybeClose (node:internal/child_process:1104:16)
build	Setup Android SDK	2025-10-16T21:27:18.6042769Z     at ChildProcess._handle.onexit (node:internal/child_process:304:5)
build	Setup Android SDK	2025-10-16T21:27:18.6043029Z 
build	Setup Android SDK	2025-10-16T21:27:18.6043101Z Node.js v20.19.4
build	Setup Android SDK	2025-10-16T21:27:18.6096725Z [===                                    ] 10% Computing updates...              
build	Post Setup Java	﻿2025-10-16T21:27:18.6217447Z Post job cleanup.
build	Post Checkout	﻿2025-10-16T21:27:18.7976164Z Post job cleanup.
build	Post Checkout	2025-10-16T21:27:18.8952844Z [command]/usr/bin/git version
build	Post Checkout	2025-10-16T21:27:18.8994335Z git version 2.51.0
build	Post Checkout	2025-10-16T21:27:18.9039099Z Temporarily overriding HOME='/home/runner/work/_temp/95924861-080d-4859-a874-4b141b628f35' before making global git config changes
build	Post Checkout	2025-10-16T21:27:18.9041549Z Adding repository directory to the temporary git global config as a safe directory
build	Post Checkout	2025-10-16T21:27:18.9053202Z [command]/usr/bin/git config --global --add safe.directory /home/runner/work/truth-android-client/truth-android-client
build	Post Checkout	2025-10-16T21:27:18.9090249Z [command]/usr/bin/git config --local --name-only --get-regexp core\.sshCommand
build	Post Checkout	2025-10-16T21:27:18.9126669Z [command]/usr/bin/git submodule foreach --recursive sh -c "git config --local --name-only --get-regexp 'core\.sshCommand' && git config --local --unset-all 'core.sshCommand' || :"
build	Post Checkout	2025-10-16T21:27:18.9371793Z [command]/usr/bin/git config --local --name-only --get-regexp http\.https\:\/\/github\.com\/\.extraheader
build	Post Checkout	2025-10-16T21:27:18.9396322Z http.https://github.com/.extraheader
build	Post Checkout	2025-10-16T21:27:18.9410407Z [command]/usr/bin/git config --local --unset-all http.https://github.com/.extraheader
build	Post Checkout	2025-10-16T21:27:18.9444371Z [command]/usr/bin/git submodule foreach --recursive sh -c "git config --local --name-only --get-regexp 'http\.https\:\/\/github\.com\/\.extraheader' && git config --local --unset-all 'http.https://github.com/.extraheader' || :"
build	Complete job	﻿2025-10-16T21:27:18.9778603Z Cleaning up orphan processes
