build	Set up job	ï»¿2025-10-16T21:35:33.1255111Z Current runner version: '2.328.0'
build	Set up job	2025-10-16T21:35:33.1280186Z ##[group]Runner Image Provisioner
build	Set up job	2025-10-16T21:35:33.1281023Z Hosted Compute Agent
build	Set up job	2025-10-16T21:35:33.1281646Z Version: 20250912.392
build	Set up job	2025-10-16T21:35:33.1282241Z Commit: d921fda672a98b64f4f82364647e2f10b2267d0b
build	Set up job	2025-10-16T21:35:33.1282885Z Build Date: 2025-09-12T15:23:14Z
build	Set up job	2025-10-16T21:35:33.1283554Z ##[endgroup]
build	Set up job	2025-10-16T21:35:33.1284121Z ##[group]Operating System
build	Set up job	2025-10-16T21:35:33.1284724Z Ubuntu
build	Set up job	2025-10-16T21:35:33.1285280Z 24.04.3
build	Set up job	2025-10-16T21:35:33.1285757Z LTS
build	Set up job	2025-10-16T21:35:33.1286233Z ##[endgroup]
build	Set up job	2025-10-16T21:35:33.1286755Z ##[group]Runner Image
build	Set up job	2025-10-16T21:35:33.1287756Z Image: ubuntu-24.04
build	Set up job	2025-10-16T21:35:33.1288264Z Version: 20250929.60.1
build	Set up job	2025-10-16T21:35:33.1289336Z Included Software: https://github.com/actions/runner-images/blob/ubuntu24/20250929.60/images/ubuntu/Ubuntu2404-Readme.md
build	Set up job	2025-10-16T21:35:33.1290701Z Image Release: https://github.com/actions/runner-images/releases/tag/ubuntu24%2F20250929.60
build	Set up job	2025-10-16T21:35:33.1291892Z ##[endgroup]
build	Set up job	2025-10-16T21:35:33.1292998Z ##[group]GITHUB_TOKEN Permissions
build	Set up job	2025-10-16T21:35:33.1295045Z Contents: read
build	Set up job	2025-10-16T21:35:33.1295790Z Metadata: read
build	Set up job	2025-10-16T21:35:33.1296345Z Packages: read
build	Set up job	2025-10-16T21:35:33.1296812Z ##[endgroup]
build	Set up job	2025-10-16T21:35:33.1299148Z Secret source: Actions
build	Set up job	2025-10-16T21:35:33.1299863Z Prepare workflow directory
build	Set up job	2025-10-16T21:35:33.1617347Z Prepare all required actions
build	Set up job	2025-10-16T21:35:33.1656504Z Getting action download info
build	Set up job	2025-10-16T21:35:33.5447625Z Download action repository 'actions/checkout@v4' (SHA:08eba0b27e820071cde6df949e0beb9ba4906955)
build	Set up job	2025-10-16T21:35:33.6786831Z Download action repository 'actions/setup-java@v4' (SHA:c5195efecf7bdfc987ee8bae7a71cb8b11521c00)
build	Set up job	2025-10-16T21:35:34.2321390Z Download action repository 'dtolnay/rust-toolchain@stable' (SHA:5d458579430fc14a04a08a1e7d3694f545e91ce6)
build	Set up job	2025-10-16T21:35:34.5047591Z Download action repository 'actions/cache@v4' (SHA:0057852bfaa89a56745cba8c7296529d2fc39830)
build	Set up job	2025-10-16T21:35:34.6028055Z Download action repository 'actions/upload-artifact@v4' (SHA:ea165f8d65b6e75b540449e92b4886f43607fa02)
build	Set up job	2025-10-16T21:35:34.8790848Z Complete job name: build
build	Checkout	ï»¿2025-10-16T21:35:34.9613119Z ##[group]Run actions/checkout@v4
build	Checkout	2025-10-16T21:35:34.9614396Z with:
build	Checkout	2025-10-16T21:35:34.9615103Z   submodules: true
build	Checkout	2025-10-16T21:35:34.9615941Z   repository: ekwator/truth-android-client
build	Checkout	2025-10-16T21:35:34.9617162Z   token: ***
build	Checkout	2025-10-16T21:35:34.9618038Z   ssh-strict: true
build	Checkout	2025-10-16T21:35:34.9618772Z   ssh-user: git
build	Checkout	2025-10-16T21:35:34.9619526Z   persist-credentials: true
build	Checkout	2025-10-16T21:35:34.9620343Z   clean: true
build	Checkout	2025-10-16T21:35:34.9621098Z   sparse-checkout-cone-mode: true
build	Checkout	2025-10-16T21:35:34.9622001Z   fetch-depth: 1
build	Checkout	2025-10-16T21:35:34.9622736Z   fetch-tags: false
build	Checkout	2025-10-16T21:35:34.9623482Z   show-progress: true
build	Checkout	2025-10-16T21:35:34.9624235Z   lfs: false
build	Checkout	2025-10-16T21:35:34.9624943Z   set-safe-directory: true
build	Checkout	2025-10-16T21:35:34.9626021Z ##[endgroup]
build	Checkout	2025-10-16T21:35:35.0690070Z Syncing repository: ekwator/truth-android-client
build	Checkout	2025-10-16T21:35:35.0692739Z ##[group]Getting Git version info
build	Checkout	2025-10-16T21:35:35.0694228Z Working directory is '/home/runner/work/truth-android-client/truth-android-client'
build	Checkout	2025-10-16T21:35:35.0696467Z [command]/usr/bin/git version
build	Checkout	2025-10-16T21:35:35.0754807Z git version 2.51.0
build	Checkout	2025-10-16T21:35:35.0781942Z ##[endgroup]
build	Checkout	2025-10-16T21:35:35.0805408Z Temporarily overriding HOME='/home/runner/work/_temp/c96a0a6b-5140-4a05-87a3-7fffff887be7' before making global git config changes
build	Checkout	2025-10-16T21:35:35.0810153Z Adding repository directory to the temporary git global config as a safe directory
build	Checkout	2025-10-16T21:35:35.0814252Z [command]/usr/bin/git config --global --add safe.directory /home/runner/work/truth-android-client/truth-android-client
build	Checkout	2025-10-16T21:35:35.0848980Z Deleting the contents of '/home/runner/work/truth-android-client/truth-android-client'
build	Checkout	2025-10-16T21:35:35.0852653Z ##[group]Initializing the repository
build	Checkout	2025-10-16T21:35:35.0857761Z [command]/usr/bin/git init /home/runner/work/truth-android-client/truth-android-client
build	Checkout	2025-10-16T21:35:35.0966374Z hint: Using 'master' as the name for the initial branch. This default branch name
build	Checkout	2025-10-16T21:35:35.0968519Z hint: is subject to change. To configure the initial branch name to use in all
build	Checkout	2025-10-16T21:35:35.0970553Z hint: of your new repositories, which will suppress this warning, call:
build	Checkout	2025-10-16T21:35:35.0972170Z hint:
build	Checkout	2025-10-16T21:35:35.0973825Z hint: 	git config --global init.defaultBranch <name>
build	Checkout	2025-10-16T21:35:35.0975677Z hint:
build	Checkout	2025-10-16T21:35:35.0977798Z hint: Names commonly chosen instead of 'master' are 'main', 'trunk' and
build	Checkout	2025-10-16T21:35:35.0980749Z hint: 'development'. The just-created branch can be renamed via this command:
build	Checkout	2025-10-16T21:35:35.0983081Z hint:
build	Checkout	2025-10-16T21:35:35.0984315Z hint: 	git branch -m <name>
build	Checkout	2025-10-16T21:35:35.0985749Z hint:
build	Checkout	2025-10-16T21:35:35.0987813Z hint: Disable this message with "git config set advice.defaultBranchName false"
build	Checkout	2025-10-16T21:35:35.0991489Z Initialized empty Git repository in /home/runner/work/truth-android-client/truth-android-client/.git/
build	Checkout	2025-10-16T21:35:35.0996816Z [command]/usr/bin/git remote add origin https://github.com/ekwator/truth-android-client
build	Checkout	2025-10-16T21:35:35.1027549Z ##[endgroup]
build	Checkout	2025-10-16T21:35:35.1029695Z ##[group]Disabling automatic garbage collection
build	Checkout	2025-10-16T21:35:35.1033003Z [command]/usr/bin/git config --local gc.auto 0
build	Checkout	2025-10-16T21:35:35.1066495Z ##[endgroup]
build	Checkout	2025-10-16T21:35:35.1068201Z ##[group]Setting up auth
build	Checkout	2025-10-16T21:35:35.1075879Z [command]/usr/bin/git config --local --name-only --get-regexp core\.sshCommand
build	Checkout	2025-10-16T21:35:35.1109609Z [command]/usr/bin/git submodule foreach --recursive sh -c "git config --local --name-only --get-regexp 'core\.sshCommand' && git config --local --unset-all 'core.sshCommand' || :"
build	Checkout	2025-10-16T21:35:35.1451381Z [command]/usr/bin/git config --local --name-only --get-regexp http\.https\:\/\/github\.com\/\.extraheader
build	Checkout	2025-10-16T21:35:35.1485348Z [command]/usr/bin/git submodule foreach --recursive sh -c "git config --local --name-only --get-regexp 'http\.https\:\/\/github\.com\/\.extraheader' && git config --local --unset-all 'http.https://github.com/.extraheader' || :"
build	Checkout	2025-10-16T21:35:35.1723880Z [command]/usr/bin/git config --local http.https://github.com/.extraheader AUTHORIZATION: basic ***
build	Checkout	2025-10-16T21:35:35.1763657Z ##[endgroup]
build	Checkout	2025-10-16T21:35:35.1765891Z ##[group]Fetching the repository
build	Checkout	2025-10-16T21:35:35.1775067Z [command]/usr/bin/git -c protocol.version=2 fetch --no-tags --prune --no-recurse-submodules --depth=1 origin +36fca87e23c1c0e1f076e6fc4ac19cff178887c8:refs/remotes/origin/release/ci-build-run
build	Checkout	2025-10-16T21:35:35.4792277Z From https://github.com/ekwator/truth-android-client
build	Checkout	2025-10-16T21:35:35.4794019Z  * [new ref]         36fca87e23c1c0e1f076e6fc4ac19cff178887c8 -> origin/release/ci-build-run
build	Checkout	2025-10-16T21:35:35.4824557Z ##[endgroup]
build	Checkout	2025-10-16T21:35:35.4826710Z ##[group]Determining the checkout info
build	Checkout	2025-10-16T21:35:35.4829305Z ##[endgroup]
build	Checkout	2025-10-16T21:35:35.4832684Z [command]/usr/bin/git sparse-checkout disable
build	Checkout	2025-10-16T21:35:35.4873718Z [command]/usr/bin/git config --local --unset-all extensions.worktreeConfig
build	Checkout	2025-10-16T21:35:35.4901450Z ##[group]Checking out the ref
build	Checkout	2025-10-16T21:35:35.4904127Z [command]/usr/bin/git checkout --progress --force -B release/ci-build-run refs/remotes/origin/release/ci-build-run
build	Checkout	2025-10-16T21:35:35.4987659Z Switched to a new branch 'release/ci-build-run'
build	Checkout	2025-10-16T21:35:35.4990981Z branch 'release/ci-build-run' set up to track 'origin/release/ci-build-run'.
build	Checkout	2025-10-16T21:35:35.5061162Z ##[endgroup]
build	Checkout	2025-10-16T21:35:35.5063162Z ##[group]Setting up auth for fetching submodules
build	Checkout	2025-10-16T21:35:35.5066741Z [command]/usr/bin/git config --global http.https://github.com/.extraheader AUTHORIZATION: basic ***
build	Checkout	2025-10-16T21:35:35.5072168Z [command]/usr/bin/git config --global --unset-all url.https://github.com/.insteadOf
build	Checkout	2025-10-16T21:35:35.5076970Z [command]/usr/bin/git config --global --add url.https://github.com/.insteadOf git@github.com:
build	Checkout	2025-10-16T21:35:35.5095756Z [command]/usr/bin/git config --global --add url.https://github.com/.insteadOf org-3940389@github.com:
build	Checkout	2025-10-16T21:35:35.5121929Z ##[endgroup]
build	Checkout	2025-10-16T21:35:35.5124027Z ##[group]Fetching submodules
build	Checkout	2025-10-16T21:35:35.5125698Z [command]/usr/bin/git submodule sync
build	Checkout	2025-10-16T21:35:35.5344778Z [command]/usr/bin/git -c protocol.version=2 submodule update --init --force --depth=1
build	Checkout	2025-10-16T21:35:35.5561687Z [command]/usr/bin/git submodule foreach git config --local gc.auto 0
build	Checkout	2025-10-16T21:35:35.5770479Z ##[endgroup]
build	Checkout	2025-10-16T21:35:35.5771984Z ##[group]Persisting credentials for submodules
build	Checkout	2025-10-16T21:35:35.5775450Z [command]/usr/bin/git submodule foreach --recursive sh -c "git config --local --name-only --get-regexp 'url\.https\:\/\/github\.com\/\.insteadOf' && git config --local --unset-all 'url.https://github.com/.insteadOf' || :"
build	Checkout	2025-10-16T21:35:35.5989725Z [command]/usr/bin/git submodule foreach sh -c "git config --local 'http.https://github.com/.extraheader' 'AUTHORIZATION: basic ***' && git config --local --show-origin --name-only --get-regexp remote.origin.url"
build	Checkout	2025-10-16T21:35:35.6207680Z [command]/usr/bin/git submodule foreach git config --local --add 'url.https://github.com/.insteadOf' 'git@github.com:'
build	Checkout	2025-10-16T21:35:35.6445158Z [command]/usr/bin/git submodule foreach git config --local --add 'url.https://github.com/.insteadOf' 'org-3940389@github.com:'
build	Checkout	2025-10-16T21:35:35.6660792Z ##[endgroup]
build	Checkout	2025-10-16T21:35:35.6696687Z [command]/usr/bin/git log -1 --format=%H
build	Checkout	2025-10-16T21:35:35.6718217Z 36fca87e23c1c0e1f076e6fc4ac19cff178887c8
build	Setup Java	ï»¿2025-10-16T21:35:35.7013698Z ##[group]Run actions/setup-java@v4
build	Setup Java	2025-10-16T21:35:35.7014656Z with:
build	Setup Java	2025-10-16T21:35:35.7015317Z   distribution: temurin
build	Setup Java	2025-10-16T21:35:35.7016087Z   java-version: 17
build	Setup Java	2025-10-16T21:35:35.7016808Z   java-package: jdk
build	Setup Java	2025-10-16T21:35:35.7017677Z   check-latest: false
build	Setup Java	2025-10-16T21:35:35.7018422Z   server-id: github
build	Setup Java	2025-10-16T21:35:35.7019166Z   server-username: GITHUB_ACTOR
build	Setup Java	2025-10-16T21:35:35.7020048Z   server-password: GITHUB_TOKEN
build	Setup Java	2025-10-16T21:35:35.7020930Z   overwrite-settings: true
build	Setup Java	2025-10-16T21:35:35.7021736Z   job-status: success
build	Setup Java	2025-10-16T21:35:35.7022690Z   token: ***
build	Setup Java	2025-10-16T21:35:35.7023362Z ##[endgroup]
build	Setup Java	2025-10-16T21:35:35.8975114Z ##[group]Installed distributions
build	Setup Java	2025-10-16T21:35:35.9039284Z Resolved Java 17.0.16+8 from tool-cache
build	Setup Java	2025-10-16T21:35:35.9041022Z Setting Java 17.0.16+8 as the default
build	Setup Java	2025-10-16T21:35:35.9054319Z Creating toolchains.xml for JDK version 17 from temurin
build	Setup Java	2025-10-16T21:35:35.9131420Z Writing to /home/runner/.m2/toolchains.xml
build	Setup Java	2025-10-16T21:35:35.9132681Z 
build	Setup Java	2025-10-16T21:35:35.9133330Z Java configuration:
build	Setup Java	2025-10-16T21:35:35.9135630Z   Distribution: temurin
build	Setup Java	2025-10-16T21:35:35.9136987Z   Version: 17.0.16+8
build	Setup Java	2025-10-16T21:35:35.9139114Z   Path: /opt/hostedtoolcache/Java_Temurin-Hotspot_jdk/17.0.16-8/x64
build	Setup Java	2025-10-16T21:35:35.9141004Z 
build	Setup Java	2025-10-16T21:35:35.9142397Z ##[endgroup]
build	Setup Java	2025-10-16T21:35:35.9156765Z Creating settings.xml with server-id: github
build	Setup Java	2025-10-16T21:35:35.9158519Z Writing to /home/runner/.m2/settings.xml
build	Install Android SDK and NDK	ï»¿2025-10-16T21:35:35.9291182Z ##[group]Run set -euo pipefail
build	Install Android SDK and NDK	2025-10-16T21:35:35.9292259Z [36;1mset -euo pipefail[0m
build	Install Android SDK and NDK	2025-10-16T21:35:35.9293355Z [36;1mexport ANDROID_SDK_ROOT="/usr/local/lib/android/sdk"[0m
build	Install Android SDK and NDK	2025-10-16T21:35:35.9294668Z [36;1mmkdir -p "$ANDROID_SDK_ROOT/cmdline-tools"[0m
build	Install Android SDK and NDK	2025-10-16T21:35:35.9295743Z [36;1mcd "$ANDROID_SDK_ROOT"[0m
build	Install Android SDK and NDK	2025-10-16T21:35:35.9296761Z [36;1m# Install/refresh commandline-tools (12266719)[0m
build	Install Android SDK and NDK	2025-10-16T21:35:35.9299036Z [36;1mcurl -fsSL -o cmdline-tools.zip https://dl.google.com/android/repository/commandlinetools-linux-12266719_latest.zip[0m
build	Install Android SDK and NDK	2025-10-16T21:35:35.9301008Z [36;1mrm -rf cmdline-tools/latest || true[0m
build	Install Android SDK and NDK	2025-10-16T21:35:35.9302164Z [36;1munzip -o -q cmdline-tools.zip -d cmdline-tools[0m
build	Install Android SDK and NDK	2025-10-16T21:35:35.9303680Z [36;1mmv -f cmdline-tools/cmdline-tools "$ANDROID_SDK_ROOT/cmdline-tools/latest"[0m
build	Install Android SDK and NDK	2025-10-16T21:35:35.9305099Z [36;1mrm -f cmdline-tools.zip[0m
build	Install Android SDK and NDK	2025-10-16T21:35:35.9306143Z [36;1m# Accept licenses and install required packages[0m
build	Install Android SDK and NDK	2025-10-16T21:35:35.9308320Z [36;1myes | "$ANDROID_SDK_ROOT/cmdline-tools/latest/bin/sdkmanager" --licenses > /dev/null || true[0m
build	Install Android SDK and NDK	2025-10-16T21:35:35.9310193Z [36;1myes | "$ANDROID_SDK_ROOT/cmdline-tools/latest/bin/sdkmanager" \[0m
build	Install Android SDK and NDK	2025-10-16T21:35:35.9311440Z [36;1m  "platform-tools" \[0m
build	Install Android SDK and NDK	2025-10-16T21:35:35.9312321Z [36;1m  "platforms;android-34" \[0m
build	Install Android SDK and NDK	2025-10-16T21:35:35.9313280Z [36;1m  "platforms;android-35" \[0m
build	Install Android SDK and NDK	2025-10-16T21:35:35.9314217Z [36;1m  "build-tools;35.0.0" \[0m
build	Install Android SDK and NDK	2025-10-16T21:35:35.9315117Z [36;1m  "ndk;26.1.10909125" || true[0m
build	Install Android SDK and NDK	2025-10-16T21:35:35.9316115Z [36;1m# Export NDK paths for downstream tools[0m
build	Install Android SDK and NDK	2025-10-16T21:35:35.9317510Z [36;1mecho "ANDROID_SDK_ROOT=$ANDROID_SDK_ROOT" >> $GITHUB_ENV[0m
build	Install Android SDK and NDK	2025-10-16T21:35:35.9318857Z [36;1mecho "ANDROID_HOME=$ANDROID_SDK_ROOT" >> $GITHUB_ENV[0m
build	Install Android SDK and NDK	2025-10-16T21:35:35.9320324Z [36;1mecho "ANDROID_NDK_HOME=$ANDROID_SDK_ROOT/ndk/26.1.10909125" >> $GITHUB_ENV[0m
build	Install Android SDK and NDK	2025-10-16T21:35:35.9321997Z [36;1mecho "ANDROID_NDK_ROOT=$ANDROID_SDK_ROOT/ndk/26.1.10909125" >> $GITHUB_ENV[0m
build	Install Android SDK and NDK	2025-10-16T21:35:35.9323621Z [36;1mecho "NDK_HOME=$ANDROID_SDK_ROOT/ndk/26.1.10909125" >> $GITHUB_ENV[0m
build	Install Android SDK and NDK	2025-10-16T21:35:35.9364734Z shell: /usr/bin/bash -e {0}
build	Install Android SDK and NDK	2025-10-16T21:35:35.9365609Z env:
build	Install Android SDK and NDK	2025-10-16T21:35:35.9366606Z   JAVA_HOME: /opt/hostedtoolcache/Java_Temurin-Hotspot_jdk/17.0.16-8/x64
build	Install Android SDK and NDK	2025-10-16T21:35:35.9368510Z   JAVA_HOME_17_X64: /opt/hostedtoolcache/Java_Temurin-Hotspot_jdk/17.0.16-8/x64
build	Install Android SDK and NDK	2025-10-16T21:35:35.9369802Z ##[endgroup]
build	Install Android SDK and NDK	2025-10-16T21:35:45.3475633Z yes: standard output: Broken pipe
build	Install Android SDK and NDK	2025-10-16T21:35:46.0653938Z Loading package information...                                                  
build	Install Android SDK and NDK	2025-10-16T21:35:46.1461799Z Loading local repository...                                                     
build	Install Android SDK and NDK	2025-10-16T21:35:46.1470967Z [                                       ] 3% Loading local repository...        
build	Install Android SDK and NDK	2025-10-16T21:35:46.1564462Z [                                       ] 3% Fetch remote repository...         
build	Install Android SDK and NDK	2025-10-16T21:35:46.4325197Z [=                                      ] 3% Fetch remote repository...         
build	Install Android SDK and NDK	2025-10-16T21:35:46.4804276Z [=                                      ] 4% Fetch remote repository...         
build	Install Android SDK and NDK	2025-10-16T21:35:46.5137728Z [=                                      ] 5% Fetch remote repository...         
build	Install Android SDK and NDK	2025-10-16T21:35:46.5422481Z [==                                     ] 5% Fetch remote repository...         
build	Install Android SDK and NDK	2025-10-16T21:35:46.5870913Z [==                                     ] 6% Fetch remote repository...         
build	Install Android SDK and NDK	2025-10-16T21:35:46.6495396Z [==                                     ] 7% Fetch remote repository...         
build	Install Android SDK and NDK	2025-10-16T21:35:46.6500213Z [==                                     ] 7% Computing updates...               
build	Install Android SDK and NDK	2025-10-16T21:35:46.6670176Z [===                                    ] 8% Computing updates...               
build	Install Android SDK and NDK	2025-10-16T21:35:46.6798301Z [===                                    ] 10% Computing updates...              
build	Install Android SDK and NDK	2025-10-16T21:35:47.9520898Z [===                                    ] 10% Installing NDK (Side by side) 26.1
build	Install Android SDK and NDK	2025-10-16T21:35:48.1706629Z [===                                    ] 10% Downloading android-ndk-r26b-linux
build	Install Android SDK and NDK	2025-10-16T21:35:48.2557598Z [====                                   ] 10% Downloading android-ndk-r26b-linux
build	Install Android SDK and NDK	2025-10-16T21:35:48.4248809Z [====                                   ] 11% Downloading android-ndk-r26b-linux
build	Install Android SDK and NDK	2025-10-16T21:35:48.6328692Z [====                                   ] 12% Downloading android-ndk-r26b-linux
build	Install Android SDK and NDK	2025-10-16T21:35:48.8177444Z [=====                                  ] 13% Downloading android-ndk-r26b-linux
build	Install Android SDK and NDK	2025-10-16T21:35:48.9870983Z [=====                                  ] 14% Downloading android-ndk-r26b-linux
build	Install Android SDK and NDK	2025-10-16T21:35:49.1117628Z [=====                                  ] 15% Downloading android-ndk-r26b-linux
build	Install Android SDK and NDK	2025-10-16T21:35:49.1936954Z [======                                 ] 15% Downloading android-ndk-r26b-linux
build	Install Android SDK and NDK	2025-10-16T21:35:49.3669050Z [======                                 ] 16% Downloading android-ndk-r26b-linux
build	Install Android SDK and NDK	2025-10-16T21:35:49.5725660Z [======                                 ] 17% Downloading android-ndk-r26b-linux
build	Install Android SDK and NDK	2025-10-16T21:35:49.7403998Z [=======                                ] 18% Downloading android-ndk-r26b-linux
build	Install Android SDK and NDK	2025-10-16T21:35:49.9505125Z [=======                                ] 19% Downloading android-ndk-r26b-linux
build	Install Android SDK and NDK	2025-10-16T21:35:50.0330544Z [=======                                ] 20% Downloading android-ndk-r26b-linux
build	Install Android SDK and NDK	2025-10-16T21:35:50.1167924Z [========                               ] 20% Downloading android-ndk-r26b-linux
build	Install Android SDK and NDK	2025-10-16T21:35:50.3282751Z [========                               ] 21% Downloading android-ndk-r26b-linux
build	Install Android SDK and NDK	2025-10-16T21:35:50.4951050Z [========                               ] 22% Downloading android-ndk-r26b-linux
build	Install Android SDK and NDK	2025-10-16T21:35:50.6630536Z [=========                              ] 23% Downloading android-ndk-r26b-linux
build	Install Android SDK and NDK	2025-10-16T21:35:50.8721600Z [=========                              ] 24% Downloading android-ndk-r26b-linux
build	Install Android SDK and NDK	2025-10-16T21:35:50.9549311Z [=========                              ] 25% Downloading android-ndk-r26b-linux
build	Install Android SDK and NDK	2025-10-16T21:35:51.0391554Z [==========                             ] 25% Downloading android-ndk-r26b-linux
build	Install Android SDK and NDK	2025-10-16T21:35:51.2418752Z [==========                             ] 26% Downloading android-ndk-r26b-linux
build	Install Android SDK and NDK	2025-10-16T21:35:51.4068367Z [==========                             ] 27% Downloading android-ndk-r26b-linux
build	Install Android SDK and NDK	2025-10-16T21:35:51.6104171Z [===========                            ] 28% Downloading android-ndk-r26b-linux
build	Install Android SDK and NDK	2025-10-16T21:35:51.7761970Z [===========                            ] 29% Downloading android-ndk-r26b-linux
build	Install Android SDK and NDK	2025-10-16T21:35:51.8592332Z [===========                            ] 30% Downloading android-ndk-r26b-linux
build	Install Android SDK and NDK	2025-10-16T21:35:51.9835788Z [============                           ] 30% Downloading android-ndk-r26b-linux
build	Install Android SDK and NDK	2025-10-16T21:35:52.1468481Z [============                           ] 31% Downloading android-ndk-r26b-linux
build	Install Android SDK and NDK	2025-10-16T21:35:52.3127692Z [============                           ] 32% Downloading android-ndk-r26b-linux
build	Install Android SDK and NDK	2025-10-16T21:35:52.3131947Z [============                           ] 33% Downloading android-ndk-r26b-linux
build	Install Android SDK and NDK	2025-10-16T21:35:52.5983683Z [============                           ] 33% Unzipping...                      
build	Install Android SDK and NDK	2025-10-16T21:35:52.5987723Z [============                           ] 33% Unzipping... android-ndk-r26b/    
build	Install Android SDK and NDK	2025-10-16T21:35:52.5994620Z [============                           ] 33% Unzipping... android-ndk-r26b/CHAN
build	Install Android SDK and NDK	2025-10-16T21:35:52.5999402Z [=============                          ] 33% Unzipping... android-ndk-r26b/CHAN
build	Install Android SDK and NDK	2025-10-16T21:35:52.6038113Z [=============                          ] 33% Unzipping... android-ndk-r26b/wrap
build	Install Android SDK and NDK	2025-10-16T21:35:52.7028060Z [=============                          ] 33% Unzipping... android-ndk-r26b/preb
build	Install Android SDK and NDK	2025-10-16T21:35:52.7308207Z [=============                          ] 33% Unzipping... android-ndk-r26b/buil
build	Install Android SDK and NDK	2025-10-16T21:35:52.7334687Z [=============                          ] 33% Unzipping... android-ndk-r26b/NOTI
build	Install Android SDK and NDK	2025-10-16T21:35:52.7338327Z [=============                          ] 33% Unzipping... android-ndk-r26b/ndk-
build	Install Android SDK and NDK	2025-10-16T21:35:52.7386218Z [=============                          ] 33% Unzipping... android-ndk-r26b/NOTI
build	Install Android SDK and NDK	2025-10-16T21:35:52.7390566Z [=============                          ] 33% Unzipping... android-ndk-r26b/meta
build	Install Android SDK and NDK	2025-10-16T21:35:52.7397397Z [=============                          ] 33% Unzipping... android-ndk-r26b/ndk-
build	Install Android SDK and NDK	2025-10-16T21:35:52.7468814Z [=============                          ] 33% Unzipping... android-ndk-r26b/pyth
build	Install Android SDK and NDK	2025-10-16T21:35:53.2073863Z [=============                          ] 33% Unzipping... android-ndk-r26b/sour
build	Install Android SDK and NDK	2025-10-16T21:35:53.4205696Z [=============                          ] 33% Unzipping... android-ndk-r26b/simp
build	Install Android SDK and NDK	2025-10-16T21:35:53.4207759Z [=============                          ] 33% Unzipping... android-ndk-r26b/ndk-
build	Install Android SDK and NDK	2025-10-16T21:35:53.4210135Z [=============                          ] 33% Unzipping... android-ndk-r26b/READ
build	Install Android SDK and NDK	2025-10-16T21:35:53.4637559Z [=============                          ] 33% Unzipping... android-ndk-r26b/tool
build	Install Android SDK and NDK	2025-10-16T21:35:53.8710452Z [=============                          ] 34% Unzipping... android-ndk-r26b/tool
build	Install Android SDK and NDK	2025-10-16T21:35:54.0594546Z [=============                          ] 35% Unzipping... android-ndk-r26b/tool
build	Install Android SDK and NDK	2025-10-16T21:35:54.2690609Z [==============                         ] 35% Unzipping... android-ndk-r26b/tool
build	Install Android SDK and NDK	2025-10-16T21:35:54.5966925Z [==============                         ] 36% Unzipping... android-ndk-r26b/tool
build	Install Android SDK and NDK	2025-10-16T21:35:55.0363631Z [==============                         ] 37% Unzipping... android-ndk-r26b/tool
build	Install Android SDK and NDK	2025-10-16T21:35:55.4708156Z [===============                        ] 38% Unzipping... android-ndk-r26b/tool
build	Install Android SDK and NDK	2025-10-16T21:35:55.8939442Z [===============                        ] 39% Unzipping... android-ndk-r26b/tool
build	Install Android SDK and NDK	2025-10-16T21:35:56.0520064Z [===============                        ] 40% Unzipping... android-ndk-r26b/tool
build	Install Android SDK and NDK	2025-10-16T21:35:56.2740184Z [================                       ] 40% Unzipping... android-ndk-r26b/tool
build	Install Android SDK and NDK	2025-10-16T21:35:56.6624365Z [================                       ] 41% Unzipping... android-ndk-r26b/tool
build	Install Android SDK and NDK	2025-10-16T21:35:57.6025917Z [================                       ] 42% Unzipping... android-ndk-r26b/tool
build	Install Android SDK and NDK	2025-10-16T21:35:58.2816143Z [=================                      ] 43% Unzipping... android-ndk-r26b/tool
build	Install Android SDK and NDK	2025-10-16T21:35:58.7943235Z [=================                      ] 44% Unzipping... android-ndk-r26b/tool
build	Install Android SDK and NDK	2025-10-16T21:35:59.0204195Z [=================                      ] 45% Unzipping... android-ndk-r26b/tool
build	Install Android SDK and NDK	2025-10-16T21:35:59.2264744Z [==================                     ] 45% Unzipping... android-ndk-r26b/tool
build	Install Android SDK and NDK	2025-10-16T21:35:59.6777579Z [==================                     ] 46% Unzipping... android-ndk-r26b/tool
build	Install Android SDK and NDK	2025-10-16T21:36:00.1468801Z [==================                     ] 47% Unzipping... android-ndk-r26b/tool
build	Install Android SDK and NDK	2025-10-16T21:36:00.4862100Z [===================                    ] 48% Unzipping... android-ndk-r26b/tool
build	Install Android SDK and NDK	2025-10-16T21:36:00.9326155Z [===================                    ] 49% Unzipping... android-ndk-r26b/tool
build	Install Android SDK and NDK	2025-10-16T21:36:01.1947696Z [===================                    ] 50% Unzipping... android-ndk-r26b/tool
build	Install Android SDK and NDK	2025-10-16T21:36:01.3577926Z [====================                   ] 50% Unzipping... android-ndk-r26b/tool
build	Install Android SDK and NDK	2025-10-16T21:36:01.8514853Z [====================                   ] 51% Unzipping... android-ndk-r26b/tool
build	Install Android SDK and NDK	2025-10-16T21:36:02.1780010Z [====================                   ] 52% Unzipping... android-ndk-r26b/tool
build	Install Android SDK and NDK	2025-10-16T21:36:02.6054718Z [=====================                  ] 53% Unzipping... android-ndk-r26b/tool
build	Install Android SDK and NDK	2025-10-16T21:36:03.0538482Z [=====================                  ] 54% Unzipping... android-ndk-r26b/tool
build	Install Android SDK and NDK	2025-10-16T21:36:03.1313521Z [=====================                  ] 55% Unzipping... android-ndk-r26b/tool
build	Install Android SDK and NDK	2025-10-16T21:36:03.1315811Z [=====================                  ] 55% Unzipping... android-ndk-r26b/ndk-
build	Install Android SDK and NDK	2025-10-16T21:36:03.3496875Z [=====================                  ] 55% Unzipping... android-ndk-r26b/shad
build	Install Android SDK and NDK	2025-10-16T21:36:03.3497678Z [=======================================] 100% Unzipping... android-ndk-r26b/sha
build	Install Android SDK and NDK	2025-10-16T21:36:04.0508841Z 
build	Install Android SDK and NDK	2025-10-16T21:36:04.0723609Z yes: standard output: Broken pipe
build	Setup Rust	ï»¿2025-10-16T21:36:04.0868135Z ##[group]Run dtolnay/rust-toolchain@stable
build	Setup Rust	2025-10-16T21:36:04.0868435Z with:
build	Setup Rust	2025-10-16T21:36:04.0868611Z   toolchain: stable
build	Setup Rust	2025-10-16T21:36:04.0868787Z env:
build	Setup Rust	2025-10-16T21:36:04.0869067Z   JAVA_HOME: /opt/hostedtoolcache/Java_Temurin-Hotspot_jdk/17.0.16-8/x64
build	Setup Rust	2025-10-16T21:36:04.0869523Z   JAVA_HOME_17_X64: /opt/hostedtoolcache/Java_Temurin-Hotspot_jdk/17.0.16-8/x64
build	Setup Rust	2025-10-16T21:36:04.0869897Z   ANDROID_SDK_ROOT: /usr/local/lib/android/sdk
build	Setup Rust	2025-10-16T21:36:04.0870172Z   ANDROID_HOME: /usr/local/lib/android/sdk
build	Setup Rust	2025-10-16T21:36:04.0870468Z   ANDROID_NDK_HOME: /usr/local/lib/android/sdk/ndk/26.1.10909125
build	Setup Rust	2025-10-16T21:36:04.0870817Z   ANDROID_NDK_ROOT: /usr/local/lib/android/sdk/ndk/26.1.10909125
build	Setup Rust	2025-10-16T21:36:04.0871322Z   NDK_HOME: /usr/local/lib/android/sdk/ndk/26.1.10909125
build	Setup Rust	2025-10-16T21:36:04.0871582Z ##[endgroup]
build	Setup Rust	2025-10-16T21:36:04.0964726Z ##[group]Run : parse toolchain version
build	Setup Rust	2025-10-16T21:36:04.0965033Z [36;1m: parse toolchain version[0m
build	Setup Rust	2025-10-16T21:36:04.0965281Z [36;1mif [[ -z $toolchain ]]; then[0m
build	Setup Rust	2025-10-16T21:36:04.0965797Z [36;1m  # GitHub does not enforce `required: true` inputs itself. https://github.com/actions/runner/issues/1070[0m
build	Setup Rust	2025-10-16T21:36:04.0966308Z [36;1m  echo "'toolchain' is a required input" >&2[0m
build	Setup Rust	2025-10-16T21:36:04.0966577Z [36;1m  exit 1[0m
build	Setup Rust	2025-10-16T21:36:04.0966877Z [36;1melif [[ $toolchain =~ ^stable' '[0-9]+' '(year|month|week|day)s?' 'ago$ ]]; then[0m
build	Setup Rust	2025-10-16T21:36:04.0967481Z [36;1m  if [[ Linux == macOS ]]; then[0m
build	Setup Rust	2025-10-16T21:36:04.0967932Z [36;1m    echo "toolchain=1.$((($(date -v-$(sed 's/stable \([0-9]*\) \(.\).*/\1\2/' <<< $toolchain) +%s)/60/60/24-16569)/7/6))" >> $GITHUB_OUTPUT[0m
build	Setup Rust	2025-10-16T21:36:04.0968359Z [36;1m  else[0m
build	Setup Rust	2025-10-16T21:36:04.0968701Z [36;1m    echo "toolchain=1.$((($(date --date "${toolchain#stable }" +%s)/60/60/24-16569)/7/6))" >> $GITHUB_OUTPUT[0m
build	Setup Rust	2025-10-16T21:36:04.0969096Z [36;1m  fi[0m
build	Setup Rust	2025-10-16T21:36:04.0969359Z [36;1melif [[ $toolchain =~ ^stable' 'minus' '[0-9]+' 'releases?$ ]]; then[0m
build	Setup Rust	2025-10-16T21:36:04.0969836Z [36;1m  echo "toolchain=1.$((($(date +%s)/60/60/24-16569)/7/6-${toolchain//[^0-9]/}))" >> $GITHUB_OUTPUT[0m
build	Setup Rust	2025-10-16T21:36:04.0970242Z [36;1melif [[ $toolchain =~ ^1\.[0-9]+$ ]]; then[0m
build	Setup Rust	2025-10-16T21:36:04.0970689Z [36;1m  echo "toolchain=1.$((i=${toolchain#1.}, c=($(date +%s)/60/60/24-16569)/7/6, i+9*i*(10*i<=c)+90*i*(100*i<=c)))" >> $GITHUB_OUTPUT[0m
build	Setup Rust	2025-10-16T21:36:04.0971109Z [36;1melse[0m
build	Setup Rust	2025-10-16T21:36:04.0971328Z [36;1m  echo "toolchain=$toolchain" >> $GITHUB_OUTPUT[0m
build	Setup Rust	2025-10-16T21:36:04.0971597Z [36;1mfi[0m
build	Setup Rust	2025-10-16T21:36:04.1005948Z shell: /usr/bin/bash --noprofile --norc -e -o pipefail {0}
build	Setup Rust	2025-10-16T21:36:04.1006277Z env:
build	Setup Rust	2025-10-16T21:36:04.1006555Z   JAVA_HOME: /opt/hostedtoolcache/Java_Temurin-Hotspot_jdk/17.0.16-8/x64
build	Setup Rust	2025-10-16T21:36:04.1007019Z   JAVA_HOME_17_X64: /opt/hostedtoolcache/Java_Temurin-Hotspot_jdk/17.0.16-8/x64
build	Setup Rust	2025-10-16T21:36:04.1007521Z   ANDROID_SDK_ROOT: /usr/local/lib/android/sdk
build	Setup Rust	2025-10-16T21:36:04.1007807Z   ANDROID_HOME: /usr/local/lib/android/sdk
build	Setup Rust	2025-10-16T21:36:04.1008133Z   ANDROID_NDK_HOME: /usr/local/lib/android/sdk/ndk/26.1.10909125
build	Setup Rust	2025-10-16T21:36:04.1008494Z   ANDROID_NDK_ROOT: /usr/local/lib/android/sdk/ndk/26.1.10909125
build	Setup Rust	2025-10-16T21:36:04.1008826Z   NDK_HOME: /usr/local/lib/android/sdk/ndk/26.1.10909125
build	Setup Rust	2025-10-16T21:36:04.1009089Z   toolchain: stable
build	Setup Rust	2025-10-16T21:36:04.1009275Z ##[endgroup]
build	Setup Rust	2025-10-16T21:36:04.1107661Z ##[group]Run : construct rustup command line
build	Setup Rust	2025-10-16T21:36:04.1107969Z [36;1m: construct rustup command line[0m
build	Setup Rust	2025-10-16T21:36:04.1108373Z [36;1mecho "targets=$(for t in ${targets//,/ }; do echo -n ' --target' $t; done)" >> $GITHUB_OUTPUT[0m
build	Setup Rust	2025-10-16T21:36:04.1108926Z [36;1mecho "components=$(for c in ${components//,/ }; do echo -n ' --component' $c; done)" >> $GITHUB_OUTPUT[0m
build	Setup Rust	2025-10-16T21:36:04.1109371Z [36;1mecho "downgrade=" >> $GITHUB_OUTPUT[0m
build	Setup Rust	2025-10-16T21:36:04.1138536Z shell: /usr/bin/bash --noprofile --norc -e -o pipefail {0}
build	Setup Rust	2025-10-16T21:36:04.1138841Z env:
build	Setup Rust	2025-10-16T21:36:04.1139313Z   JAVA_HOME: /opt/hostedtoolcache/Java_Temurin-Hotspot_jdk/17.0.16-8/x64
build	Setup Rust	2025-10-16T21:36:04.1139769Z   JAVA_HOME_17_X64: /opt/hostedtoolcache/Java_Temurin-Hotspot_jdk/17.0.16-8/x64
build	Setup Rust	2025-10-16T21:36:04.1140142Z   ANDROID_SDK_ROOT: /usr/local/lib/android/sdk
build	Setup Rust	2025-10-16T21:36:04.1140415Z   ANDROID_HOME: /usr/local/lib/android/sdk
build	Setup Rust	2025-10-16T21:36:04.1140715Z   ANDROID_NDK_HOME: /usr/local/lib/android/sdk/ndk/26.1.10909125
build	Setup Rust	2025-10-16T21:36:04.1141065Z   ANDROID_NDK_ROOT: /usr/local/lib/android/sdk/ndk/26.1.10909125
build	Setup Rust	2025-10-16T21:36:04.1141385Z   NDK_HOME: /usr/local/lib/android/sdk/ndk/26.1.10909125
build	Setup Rust	2025-10-16T21:36:04.1141644Z   targets: 
build	Setup Rust	2025-10-16T21:36:04.1141939Z   components: 
build	Setup Rust	2025-10-16T21:36:04.1142121Z ##[endgroup]
build	Setup Rust	2025-10-16T21:36:04.1219119Z ##[group]Run : set $CARGO_HOME
build	Setup Rust	2025-10-16T21:36:04.1219360Z [36;1m: set $CARGO_HOME[0m
build	Setup Rust	2025-10-16T21:36:04.1219657Z [36;1mecho CARGO_HOME=${CARGO_HOME:-"$HOME/.cargo"} >> $GITHUB_ENV[0m
build	Setup Rust	2025-10-16T21:36:04.1248935Z shell: /usr/bin/bash --noprofile --norc -e -o pipefail {0}
build	Setup Rust	2025-10-16T21:36:04.1249256Z env:
build	Setup Rust	2025-10-16T21:36:04.1249604Z   JAVA_HOME: /opt/hostedtoolcache/Java_Temurin-Hotspot_jdk/17.0.16-8/x64
build	Setup Rust	2025-10-16T21:36:04.1250079Z   JAVA_HOME_17_X64: /opt/hostedtoolcache/Java_Temurin-Hotspot_jdk/17.0.16-8/x64
build	Setup Rust	2025-10-16T21:36:04.1250441Z   ANDROID_SDK_ROOT: /usr/local/lib/android/sdk
build	Setup Rust	2025-10-16T21:36:04.1250720Z   ANDROID_HOME: /usr/local/lib/android/sdk
build	Setup Rust	2025-10-16T21:36:04.1251026Z   ANDROID_NDK_HOME: /usr/local/lib/android/sdk/ndk/26.1.10909125
build	Setup Rust	2025-10-16T21:36:04.1251371Z   ANDROID_NDK_ROOT: /usr/local/lib/android/sdk/ndk/26.1.10909125
build	Setup Rust	2025-10-16T21:36:04.1251692Z   NDK_HOME: /usr/local/lib/android/sdk/ndk/26.1.10909125
build	Setup Rust	2025-10-16T21:36:04.1251964Z ##[endgroup]
build	Setup Rust	2025-10-16T21:36:04.1380516Z ##[group]Run : install rustup if needed
build	Setup Rust	2025-10-16T21:36:04.1380811Z [36;1m: install rustup if needed[0m
build	Setup Rust	2025-10-16T21:36:04.1381086Z [36;1mif ! command -v rustup &>/dev/null; then[0m
build	Setup Rust	2025-10-16T21:36:04.1381755Z [36;1m  curl --proto '=https' --tlsv1.2 --retry 10 --retry-connrefused --location --silent --show-error --fail https://sh.rustup.rs | sh -s -- --default-toolchain none -y[0m
build	Setup Rust	2025-10-16T21:36:04.1382421Z [36;1m  echo "$CARGO_HOME/bin" >> $GITHUB_PATH[0m
build	Setup Rust	2025-10-16T21:36:04.1382663Z [36;1mfi[0m
build	Setup Rust	2025-10-16T21:36:04.1413364Z shell: /usr/bin/bash --noprofile --norc -e -o pipefail {0}
build	Setup Rust	2025-10-16T21:36:04.1413687Z env:
build	Setup Rust	2025-10-16T21:36:04.1413958Z   JAVA_HOME: /opt/hostedtoolcache/Java_Temurin-Hotspot_jdk/17.0.16-8/x64
build	Setup Rust	2025-10-16T21:36:04.1414400Z   JAVA_HOME_17_X64: /opt/hostedtoolcache/Java_Temurin-Hotspot_jdk/17.0.16-8/x64
build	Setup Rust	2025-10-16T21:36:04.1414762Z   ANDROID_SDK_ROOT: /usr/local/lib/android/sdk
build	Setup Rust	2025-10-16T21:36:04.1415042Z   ANDROID_HOME: /usr/local/lib/android/sdk
build	Setup Rust	2025-10-16T21:36:04.1415345Z   ANDROID_NDK_HOME: /usr/local/lib/android/sdk/ndk/26.1.10909125
build	Setup Rust	2025-10-16T21:36:04.1415685Z   ANDROID_NDK_ROOT: /usr/local/lib/android/sdk/ndk/26.1.10909125
build	Setup Rust	2025-10-16T21:36:04.1416005Z   NDK_HOME: /usr/local/lib/android/sdk/ndk/26.1.10909125
build	Setup Rust	2025-10-16T21:36:04.1416277Z   CARGO_HOME: /home/runner/.cargo
build	Setup Rust	2025-10-16T21:36:04.1416494Z ##[endgroup]
build	Setup Rust	2025-10-16T21:36:04.1489418Z ##[group]Run rustup toolchain install stable --profile minimal --no-self-update
build	Setup Rust	2025-10-16T21:36:04.1489917Z [36;1mrustup toolchain install stable --profile minimal --no-self-update[0m
build	Setup Rust	2025-10-16T21:36:04.1519778Z shell: /usr/bin/bash --noprofile --norc -e -o pipefail {0}
build	Setup Rust	2025-10-16T21:36:04.1520088Z env:
build	Setup Rust	2025-10-16T21:36:04.1520365Z   JAVA_HOME: /opt/hostedtoolcache/Java_Temurin-Hotspot_jdk/17.0.16-8/x64
build	Setup Rust	2025-10-16T21:36:04.1520803Z   JAVA_HOME_17_X64: /opt/hostedtoolcache/Java_Temurin-Hotspot_jdk/17.0.16-8/x64
build	Setup Rust	2025-10-16T21:36:04.1521187Z   ANDROID_SDK_ROOT: /usr/local/lib/android/sdk
build	Setup Rust	2025-10-16T21:36:04.1521459Z   ANDROID_HOME: /usr/local/lib/android/sdk
build	Setup Rust	2025-10-16T21:36:04.1521760Z   ANDROID_NDK_HOME: /usr/local/lib/android/sdk/ndk/26.1.10909125
build	Setup Rust	2025-10-16T21:36:04.1522105Z   ANDROID_NDK_ROOT: /usr/local/lib/android/sdk/ndk/26.1.10909125
build	Setup Rust	2025-10-16T21:36:04.1522419Z   NDK_HOME: /usr/local/lib/android/sdk/ndk/26.1.10909125
build	Setup Rust	2025-10-16T21:36:04.1522876Z   CARGO_HOME: /home/runner/.cargo
build	Setup Rust	2025-10-16T21:36:04.1523089Z ##[endgroup]
build	Setup Rust	2025-10-16T21:36:04.9018263Z info: syncing channel updates for 'stable-x86_64-unknown-linux-gnu'
build	Setup Rust	2025-10-16T21:36:05.1238821Z 
build	Setup Rust	2025-10-16T21:36:05.1335196Z   stable-x86_64-unknown-linux-gnu unchanged - rustc 1.90.0 (1159e78c4 2025-09-14)
build	Setup Rust	2025-10-16T21:36:05.1335792Z 
build	Setup Rust	2025-10-16T21:36:05.1379138Z ##[group]Run rustup default stable
build	Setup Rust	2025-10-16T21:36:05.1379417Z [36;1mrustup default stable[0m
build	Setup Rust	2025-10-16T21:36:05.1411343Z shell: /usr/bin/bash --noprofile --norc -e -o pipefail {0}
build	Setup Rust	2025-10-16T21:36:05.1411644Z env:
build	Setup Rust	2025-10-16T21:36:05.1412091Z   JAVA_HOME: /opt/hostedtoolcache/Java_Temurin-Hotspot_jdk/17.0.16-8/x64
build	Setup Rust	2025-10-16T21:36:05.1412531Z   JAVA_HOME_17_X64: /opt/hostedtoolcache/Java_Temurin-Hotspot_jdk/17.0.16-8/x64
build	Setup Rust	2025-10-16T21:36:05.1412910Z   ANDROID_SDK_ROOT: /usr/local/lib/android/sdk
build	Setup Rust	2025-10-16T21:36:05.1413192Z   ANDROID_HOME: /usr/local/lib/android/sdk
build	Setup Rust	2025-10-16T21:36:05.1413506Z   ANDROID_NDK_HOME: /usr/local/lib/android/sdk/ndk/26.1.10909125
build	Setup Rust	2025-10-16T21:36:05.1413857Z   ANDROID_NDK_ROOT: /usr/local/lib/android/sdk/ndk/26.1.10909125
build	Setup Rust	2025-10-16T21:36:05.1414173Z   NDK_HOME: /usr/local/lib/android/sdk/ndk/26.1.10909125
build	Setup Rust	2025-10-16T21:36:05.1414452Z   CARGO_HOME: /home/runner/.cargo
build	Setup Rust	2025-10-16T21:36:05.1414663Z ##[endgroup]
build	Setup Rust	2025-10-16T21:36:05.1516660Z info: using existing install for 'stable-x86_64-unknown-linux-gnu'
build	Setup Rust	2025-10-16T21:36:05.1852507Z info: default toolchain set to 'stable-x86_64-unknown-linux-gnu'
build	Setup Rust	2025-10-16T21:36:05.1852823Z 
build	Setup Rust	2025-10-16T21:36:05.1942359Z   stable-x86_64-unknown-linux-gnu unchanged - rustc 1.90.0 (1159e78c4 2025-09-14)
build	Setup Rust	2025-10-16T21:36:05.1942730Z 
build	Setup Rust	2025-10-16T21:36:05.1982656Z ##[group]Run : create cachekey
build	Setup Rust	2025-10-16T21:36:05.1982936Z [36;1m: create cachekey[0m
build	Setup Rust	2025-10-16T21:36:05.1983393Z [36;1mDATE=$(rustc +stable --version --verbose | sed -ne 's/^commit-date: \(20[0-9][0-9]\)-\([01][0-9]\)-\([0-3][0-9]\)$/\1\2\3/p')[0m
build	Setup Rust	2025-10-16T21:36:05.1983983Z [36;1mHASH=$(rustc +stable --version --verbose | sed -ne 's/^commit-hash: //p')[0m
build	Setup Rust	2025-10-16T21:36:05.1984437Z [36;1mecho "cachekey=$(echo $DATE$HASH | head -c12)" >> $GITHUB_OUTPUT[0m
build	Setup Rust	2025-10-16T21:36:05.2015956Z shell: /usr/bin/bash --noprofile --norc -e -o pipefail {0}
build	Setup Rust	2025-10-16T21:36:05.2016264Z env:
build	Setup Rust	2025-10-16T21:36:05.2016551Z   JAVA_HOME: /opt/hostedtoolcache/Java_Temurin-Hotspot_jdk/17.0.16-8/x64
build	Setup Rust	2025-10-16T21:36:05.2017002Z   JAVA_HOME_17_X64: /opt/hostedtoolcache/Java_Temurin-Hotspot_jdk/17.0.16-8/x64
build	Setup Rust	2025-10-16T21:36:05.2017559Z   ANDROID_SDK_ROOT: /usr/local/lib/android/sdk
build	Setup Rust	2025-10-16T21:36:05.2017844Z   ANDROID_HOME: /usr/local/lib/android/sdk
build	Setup Rust	2025-10-16T21:36:05.2018157Z   ANDROID_NDK_HOME: /usr/local/lib/android/sdk/ndk/26.1.10909125
build	Setup Rust	2025-10-16T21:36:05.2018512Z   ANDROID_NDK_ROOT: /usr/local/lib/android/sdk/ndk/26.1.10909125
build	Setup Rust	2025-10-16T21:36:05.2018839Z   NDK_HOME: /usr/local/lib/android/sdk/ndk/26.1.10909125
build	Setup Rust	2025-10-16T21:36:05.2019121Z   CARGO_HOME: /home/runner/.cargo
build	Setup Rust	2025-10-16T21:36:05.2019345Z ##[endgroup]
build	Setup Rust	2025-10-16T21:36:05.3719566Z ##[group]Run : disable incremental compilation
build	Setup Rust	2025-10-16T21:36:05.3719919Z [36;1m: disable incremental compilation[0m
build	Setup Rust	2025-10-16T21:36:05.3720206Z [36;1mif [ -z "${CARGO_INCREMENTAL+set}" ]; then[0m
build	Setup Rust	2025-10-16T21:36:05.3720504Z [36;1m  echo CARGO_INCREMENTAL=0 >> $GITHUB_ENV[0m
build	Setup Rust	2025-10-16T21:36:05.3720749Z [36;1mfi[0m
build	Setup Rust	2025-10-16T21:36:05.3752433Z shell: /usr/bin/bash --noprofile --norc -e -o pipefail {0}
build	Setup Rust	2025-10-16T21:36:05.3752744Z env:
build	Setup Rust	2025-10-16T21:36:05.3753021Z   JAVA_HOME: /opt/hostedtoolcache/Java_Temurin-Hotspot_jdk/17.0.16-8/x64
build	Setup Rust	2025-10-16T21:36:05.3753486Z   JAVA_HOME_17_X64: /opt/hostedtoolcache/Java_Temurin-Hotspot_jdk/17.0.16-8/x64
build	Setup Rust	2025-10-16T21:36:05.3753875Z   ANDROID_SDK_ROOT: /usr/local/lib/android/sdk
build	Setup Rust	2025-10-16T21:36:05.3754139Z   ANDROID_HOME: /usr/local/lib/android/sdk
build	Setup Rust	2025-10-16T21:36:05.3754448Z   ANDROID_NDK_HOME: /usr/local/lib/android/sdk/ndk/26.1.10909125
build	Setup Rust	2025-10-16T21:36:05.3754792Z   ANDROID_NDK_ROOT: /usr/local/lib/android/sdk/ndk/26.1.10909125
build	Setup Rust	2025-10-16T21:36:05.3755311Z   NDK_HOME: /usr/local/lib/android/sdk/ndk/26.1.10909125
build	Setup Rust	2025-10-16T21:36:05.3755581Z   CARGO_HOME: /home/runner/.cargo
build	Setup Rust	2025-10-16T21:36:05.3755807Z ##[endgroup]
build	Setup Rust	2025-10-16T21:36:05.3819818Z ##[group]Run : enable colors in Cargo output
build	Setup Rust	2025-10-16T21:36:05.3820128Z [36;1m: enable colors in Cargo output[0m
build	Setup Rust	2025-10-16T21:36:05.3820410Z [36;1mif [ -z "${CARGO_TERM_COLOR+set}" ]; then[0m
build	Setup Rust	2025-10-16T21:36:05.3820714Z [36;1m  echo CARGO_TERM_COLOR=always >> $GITHUB_ENV[0m
build	Setup Rust	2025-10-16T21:36:05.3820966Z [36;1mfi[0m
build	Setup Rust	2025-10-16T21:36:05.3848759Z shell: /usr/bin/bash --noprofile --norc -e -o pipefail {0}
build	Setup Rust	2025-10-16T21:36:05.3849238Z env:
build	Setup Rust	2025-10-16T21:36:05.3849527Z   JAVA_HOME: /opt/hostedtoolcache/Java_Temurin-Hotspot_jdk/17.0.16-8/x64
build	Setup Rust	2025-10-16T21:36:05.3849976Z   JAVA_HOME_17_X64: /opt/hostedtoolcache/Java_Temurin-Hotspot_jdk/17.0.16-8/x64
build	Setup Rust	2025-10-16T21:36:05.3850368Z   ANDROID_SDK_ROOT: /usr/local/lib/android/sdk
build	Setup Rust	2025-10-16T21:36:05.3850653Z   ANDROID_HOME: /usr/local/lib/android/sdk
build	Setup Rust	2025-10-16T21:36:05.3850965Z   ANDROID_NDK_HOME: /usr/local/lib/android/sdk/ndk/26.1.10909125
build	Setup Rust	2025-10-16T21:36:05.3851316Z   ANDROID_NDK_ROOT: /usr/local/lib/android/sdk/ndk/26.1.10909125
build	Setup Rust	2025-10-16T21:36:05.3851652Z   NDK_HOME: /usr/local/lib/android/sdk/ndk/26.1.10909125
build	Setup Rust	2025-10-16T21:36:05.3851930Z   CARGO_HOME: /home/runner/.cargo
build	Setup Rust	2025-10-16T21:36:05.3852161Z   CARGO_INCREMENTAL: 0
build	Setup Rust	2025-10-16T21:36:05.3852360Z ##[endgroup]
build	Setup Rust	2025-10-16T21:36:05.3915364Z ##[group]Run : enable Cargo sparse registry
build	Setup Rust	2025-10-16T21:36:05.3915665Z [36;1m: enable Cargo sparse registry[0m
build	Setup Rust	2025-10-16T21:36:05.3915988Z [36;1m# implemented in 1.66, stabilized in 1.68, made default in 1.70[0m
build	Setup Rust	2025-10-16T21:36:05.3916618Z [36;1mif [ -z "${CARGO_REGISTRIES_CRATES_IO_PROTOCOL+set}" -o -f "/home/runner/work/_temp"/.implicit_cargo_registries_crates_io_protocol ]; then[0m
build	Setup Rust	2025-10-16T21:36:05.3917499Z [36;1m  if rustc +stable --version --verbose | grep -q '^release: 1\.6[89]\.'; then[0m
build	Setup Rust	2025-10-16T21:36:05.3918014Z [36;1m    touch "/home/runner/work/_temp"/.implicit_cargo_registries_crates_io_protocol || true[0m
build	Setup Rust	2025-10-16T21:36:05.3918490Z [36;1m    echo CARGO_REGISTRIES_CRATES_IO_PROTOCOL=sparse >> $GITHUB_ENV[0m
build	Setup Rust	2025-10-16T21:36:05.3918923Z [36;1m  elif rustc +stable --version --verbose | grep -q '^release: 1\.6[67]\.'; then[0m
build	Setup Rust	2025-10-16T21:36:05.3919417Z [36;1m    touch "/home/runner/work/_temp"/.implicit_cargo_registries_crates_io_protocol || true[0m
build	Setup Rust	2025-10-16T21:36:05.3919868Z [36;1m    echo CARGO_REGISTRIES_CRATES_IO_PROTOCOL=git >> $GITHUB_ENV[0m
build	Setup Rust	2025-10-16T21:36:05.3920171Z [36;1m  fi[0m
build	Setup Rust	2025-10-16T21:36:05.3920337Z [36;1mfi[0m
build	Setup Rust	2025-10-16T21:36:05.3948348Z shell: /usr/bin/bash --noprofile --norc -e -o pipefail {0}
build	Setup Rust	2025-10-16T21:36:05.3948659Z env:
build	Setup Rust	2025-10-16T21:36:05.3948939Z   JAVA_HOME: /opt/hostedtoolcache/Java_Temurin-Hotspot_jdk/17.0.16-8/x64
build	Setup Rust	2025-10-16T21:36:05.3949398Z   JAVA_HOME_17_X64: /opt/hostedtoolcache/Java_Temurin-Hotspot_jdk/17.0.16-8/x64
build	Setup Rust	2025-10-16T21:36:05.3949787Z   ANDROID_SDK_ROOT: /usr/local/lib/android/sdk
build	Setup Rust	2025-10-16T21:36:05.3950058Z   ANDROID_HOME: /usr/local/lib/android/sdk
build	Setup Rust	2025-10-16T21:36:05.3950361Z   ANDROID_NDK_HOME: /usr/local/lib/android/sdk/ndk/26.1.10909125
build	Setup Rust	2025-10-16T21:36:05.3950709Z   ANDROID_NDK_ROOT: /usr/local/lib/android/sdk/ndk/26.1.10909125
build	Setup Rust	2025-10-16T21:36:05.3951039Z   NDK_HOME: /usr/local/lib/android/sdk/ndk/26.1.10909125
build	Setup Rust	2025-10-16T21:36:05.3951314Z   CARGO_HOME: /home/runner/.cargo
build	Setup Rust	2025-10-16T21:36:05.3951530Z   CARGO_INCREMENTAL: 0
build	Setup Rust	2025-10-16T21:36:05.3951728Z   CARGO_TERM_COLOR: always
build	Setup Rust	2025-10-16T21:36:05.3951922Z ##[endgroup]
build	Setup Rust	2025-10-16T21:36:05.4306566Z ##[group]Run : work around spurious network errors in curl 8.0
build	Setup Rust	2025-10-16T21:36:05.4307004Z [36;1m: work around spurious network errors in curl 8.0[0m
build	Setup Rust	2025-10-16T21:36:05.4307716Z [36;1m# https://rust-lang.zulipchat.com/#narrow/stream/246057-t-cargo/topic/timeout.20investigation[0m
build	Setup Rust	2025-10-16T21:36:05.4308263Z [36;1mif rustc +stable --version --verbose | grep -q '^release: 1\.7[01]\.'; then[0m
build	Setup Rust	2025-10-16T21:36:05.4308873Z [36;1m  echo CARGO_HTTP_MULTIPLEXING=false >> $GITHUB_ENV[0m
build	Setup Rust	2025-10-16T21:36:05.4309147Z [36;1mfi[0m
build	Setup Rust	2025-10-16T21:36:05.4340708Z shell: /usr/bin/bash --noprofile --norc -e -o pipefail {0}
build	Setup Rust	2025-10-16T21:36:05.4341027Z env:
build	Setup Rust	2025-10-16T21:36:05.4341308Z   JAVA_HOME: /opt/hostedtoolcache/Java_Temurin-Hotspot_jdk/17.0.16-8/x64
build	Setup Rust	2025-10-16T21:36:05.4341777Z   JAVA_HOME_17_X64: /opt/hostedtoolcache/Java_Temurin-Hotspot_jdk/17.0.16-8/x64
build	Setup Rust	2025-10-16T21:36:05.4342145Z   ANDROID_SDK_ROOT: /usr/local/lib/android/sdk
build	Setup Rust	2025-10-16T21:36:05.4342418Z   ANDROID_HOME: /usr/local/lib/android/sdk
build	Setup Rust	2025-10-16T21:36:05.4342888Z   ANDROID_NDK_HOME: /usr/local/lib/android/sdk/ndk/26.1.10909125
build	Setup Rust	2025-10-16T21:36:05.4343232Z   ANDROID_NDK_ROOT: /usr/local/lib/android/sdk/ndk/26.1.10909125
build	Setup Rust	2025-10-16T21:36:05.4343565Z   NDK_HOME: /usr/local/lib/android/sdk/ndk/26.1.10909125
build	Setup Rust	2025-10-16T21:36:05.4343842Z   CARGO_HOME: /home/runner/.cargo
build	Setup Rust	2025-10-16T21:36:05.4344071Z   CARGO_INCREMENTAL: 0
build	Setup Rust	2025-10-16T21:36:05.4344272Z   CARGO_TERM_COLOR: always
build	Setup Rust	2025-10-16T21:36:05.4344476Z ##[endgroup]
build	Setup Rust	2025-10-16T21:36:05.4556006Z ##[group]Run rustc +stable --version --verbose
build	Setup Rust	2025-10-16T21:36:05.4556345Z [36;1mrustc +stable --version --verbose[0m
build	Setup Rust	2025-10-16T21:36:05.4586868Z shell: /usr/bin/bash --noprofile --norc -e -o pipefail {0}
build	Setup Rust	2025-10-16T21:36:05.4587407Z env:
build	Setup Rust	2025-10-16T21:36:05.4587696Z   JAVA_HOME: /opt/hostedtoolcache/Java_Temurin-Hotspot_jdk/17.0.16-8/x64
build	Setup Rust	2025-10-16T21:36:05.4588136Z   JAVA_HOME_17_X64: /opt/hostedtoolcache/Java_Temurin-Hotspot_jdk/17.0.16-8/x64
build	Setup Rust	2025-10-16T21:36:05.4588514Z   ANDROID_SDK_ROOT: /usr/local/lib/android/sdk
build	Setup Rust	2025-10-16T21:36:05.4588801Z   ANDROID_HOME: /usr/local/lib/android/sdk
build	Setup Rust	2025-10-16T21:36:05.4589097Z   ANDROID_NDK_HOME: /usr/local/lib/android/sdk/ndk/26.1.10909125
build	Setup Rust	2025-10-16T21:36:05.4589461Z   ANDROID_NDK_ROOT: /usr/local/lib/android/sdk/ndk/26.1.10909125
build	Setup Rust	2025-10-16T21:36:05.4589793Z   NDK_HOME: /usr/local/lib/android/sdk/ndk/26.1.10909125
build	Setup Rust	2025-10-16T21:36:05.4590082Z   CARGO_HOME: /home/runner/.cargo
build	Setup Rust	2025-10-16T21:36:05.4590301Z   CARGO_INCREMENTAL: 0
build	Setup Rust	2025-10-16T21:36:05.4590500Z   CARGO_TERM_COLOR: always
build	Setup Rust	2025-10-16T21:36:05.4590700Z ##[endgroup]
build	Setup Rust	2025-10-16T21:36:05.4783901Z rustc 1.90.0 (1159e78c4 2025-09-14)
build	Setup Rust	2025-10-16T21:36:05.4784889Z binary: rustc
build	Setup Rust	2025-10-16T21:36:05.4786105Z commit-hash: 1159e78c4747b02ef996e55082b704c09b970588
build	Setup Rust	2025-10-16T21:36:05.4787950Z commit-date: 2025-09-14
build	Setup Rust	2025-10-16T21:36:05.4788470Z host: x86_64-unknown-linux-gnu
build	Setup Rust	2025-10-16T21:36:05.4788832Z release: 1.90.0
build	Setup Rust	2025-10-16T21:36:05.4789134Z LLVM version: 20.1.8
build	Add Android targets	ï»¿2025-10-16T21:36:05.4852587Z ##[group]Run rustup target add aarch64-linux-android armv7-linux-androideabi
build	Add Android targets	2025-10-16T21:36:05.4853146Z [36;1mrustup target add aarch64-linux-android armv7-linux-androideabi[0m
build	Add Android targets	2025-10-16T21:36:05.4884006Z shell: /usr/bin/bash -e {0}
build	Add Android targets	2025-10-16T21:36:05.4884230Z env:
build	Add Android targets	2025-10-16T21:36:05.4884509Z   JAVA_HOME: /opt/hostedtoolcache/Java_Temurin-Hotspot_jdk/17.0.16-8/x64
build	Add Android targets	2025-10-16T21:36:05.4884957Z   JAVA_HOME_17_X64: /opt/hostedtoolcache/Java_Temurin-Hotspot_jdk/17.0.16-8/x64
build	Add Android targets	2025-10-16T21:36:05.4885330Z   ANDROID_SDK_ROOT: /usr/local/lib/android/sdk
build	Add Android targets	2025-10-16T21:36:05.4885602Z   ANDROID_HOME: /usr/local/lib/android/sdk
build	Add Android targets	2025-10-16T21:36:05.4885924Z   ANDROID_NDK_HOME: /usr/local/lib/android/sdk/ndk/26.1.10909125
build	Add Android targets	2025-10-16T21:36:05.4886272Z   ANDROID_NDK_ROOT: /usr/local/lib/android/sdk/ndk/26.1.10909125
build	Add Android targets	2025-10-16T21:36:05.4886598Z   NDK_HOME: /usr/local/lib/android/sdk/ndk/26.1.10909125
build	Add Android targets	2025-10-16T21:36:05.4886867Z   CARGO_HOME: /home/runner/.cargo
build	Add Android targets	2025-10-16T21:36:05.4887093Z   CARGO_INCREMENTAL: 0
build	Add Android targets	2025-10-16T21:36:05.4887582Z   CARGO_TERM_COLOR: always
build	Add Android targets	2025-10-16T21:36:05.4887795Z ##[endgroup]
build	Add Android targets	2025-10-16T21:36:05.6122978Z info: downloading component 'rust-std' for 'aarch64-linux-android'
build	Add Android targets	2025-10-16T21:36:05.9818151Z info: installing component 'rust-std' for 'aarch64-linux-android'
build	Add Android targets	2025-10-16T21:36:07.7386343Z info: downloading component 'rust-std' for 'armv7-linux-androideabi'
build	Add Android targets	2025-10-16T21:36:08.1160021Z info: installing component 'rust-std' for 'armv7-linux-androideabi'
build	Cache Cargo	ï»¿2025-10-16T21:36:09.9795784Z ##[group]Run actions/cache@v4
build	Cache Cargo	2025-10-16T21:36:09.9796043Z with:
build	Cache Cargo	2025-10-16T21:36:09.9796231Z   path: ~/.cargo/registry
build	Cache Cargo	2025-10-16T21:36:09.9796441Z   key: cargo-Linux-
build	Cache Cargo	2025-10-16T21:36:09.9796649Z   enableCrossOsArchive: false
build	Cache Cargo	2025-10-16T21:36:09.9796883Z   fail-on-cache-miss: false
build	Cache Cargo	2025-10-16T21:36:09.9797109Z   lookup-only: false
build	Cache Cargo	2025-10-16T21:36:09.9797697Z   save-always: false
build	Cache Cargo	2025-10-16T21:36:09.9797886Z env:
build	Cache Cargo	2025-10-16T21:36:09.9798168Z   JAVA_HOME: /opt/hostedtoolcache/Java_Temurin-Hotspot_jdk/17.0.16-8/x64
build	Cache Cargo	2025-10-16T21:36:09.9798621Z   JAVA_HOME_17_X64: /opt/hostedtoolcache/Java_Temurin-Hotspot_jdk/17.0.16-8/x64
build	Cache Cargo	2025-10-16T21:36:09.9799280Z   ANDROID_SDK_ROOT: /usr/local/lib/android/sdk
build	Cache Cargo	2025-10-16T21:36:09.9799549Z   ANDROID_HOME: /usr/local/lib/android/sdk
build	Cache Cargo	2025-10-16T21:36:09.9799855Z   ANDROID_NDK_HOME: /usr/local/lib/android/sdk/ndk/26.1.10909125
build	Cache Cargo	2025-10-16T21:36:09.9800197Z   ANDROID_NDK_ROOT: /usr/local/lib/android/sdk/ndk/26.1.10909125
build	Cache Cargo	2025-10-16T21:36:09.9800522Z   NDK_HOME: /usr/local/lib/android/sdk/ndk/26.1.10909125
build	Cache Cargo	2025-10-16T21:36:09.9800831Z   CARGO_HOME: /home/runner/.cargo
build	Cache Cargo	2025-10-16T21:36:09.9801056Z   CARGO_INCREMENTAL: 0
build	Cache Cargo	2025-10-16T21:36:09.9801248Z   CARGO_TERM_COLOR: always
build	Cache Cargo	2025-10-16T21:36:09.9801453Z ##[endgroup]
build	Cache Cargo	2025-10-16T21:36:10.2790425Z Cache not found for input keys: cargo-Linux-
build	Cache Gradle	ï»¿2025-10-16T21:36:10.3634410Z ##[group]Run actions/cache@v4
build	Cache Gradle	2025-10-16T21:36:10.3634681Z with:
build	Cache Gradle	2025-10-16T21:36:10.3634872Z   path: ~/.gradle/caches
build	Cache Gradle	2025-10-16T21:36:10.3635253Z   key: gradle-Linux-b47f0cd60aa549a9809c3c69b48c631d0cd50e98d0e5163e3ba65d9555931e93
build	Cache Gradle	2025-10-16T21:36:10.3635707Z   enableCrossOsArchive: false
build	Cache Gradle	2025-10-16T21:36:10.3635953Z   fail-on-cache-miss: false
build	Cache Gradle	2025-10-16T21:36:10.3636168Z   lookup-only: false
build	Cache Gradle	2025-10-16T21:36:10.3636366Z   save-always: false
build	Cache Gradle	2025-10-16T21:36:10.3636542Z env:
build	Cache Gradle	2025-10-16T21:36:10.3636822Z   JAVA_HOME: /opt/hostedtoolcache/Java_Temurin-Hotspot_jdk/17.0.16-8/x64
build	Cache Gradle	2025-10-16T21:36:10.3637540Z   JAVA_HOME_17_X64: /opt/hostedtoolcache/Java_Temurin-Hotspot_jdk/17.0.16-8/x64
build	Cache Gradle	2025-10-16T21:36:10.3637934Z   ANDROID_SDK_ROOT: /usr/local/lib/android/sdk
build	Cache Gradle	2025-10-16T21:36:10.3638204Z   ANDROID_HOME: /usr/local/lib/android/sdk
build	Cache Gradle	2025-10-16T21:36:10.3638518Z   ANDROID_NDK_HOME: /usr/local/lib/android/sdk/ndk/26.1.10909125
build	Cache Gradle	2025-10-16T21:36:10.3638872Z   ANDROID_NDK_ROOT: /usr/local/lib/android/sdk/ndk/26.1.10909125
build	Cache Gradle	2025-10-16T21:36:10.3639246Z   NDK_HOME: /usr/local/lib/android/sdk/ndk/26.1.10909125
build	Cache Gradle	2025-10-16T21:36:10.3639535Z   CARGO_HOME: /home/runner/.cargo
build	Cache Gradle	2025-10-16T21:36:10.3639761Z   CARGO_INCREMENTAL: 0
build	Cache Gradle	2025-10-16T21:36:10.3639974Z   CARGO_TERM_COLOR: always
build	Cache Gradle	2025-10-16T21:36:10.3640187Z ##[endgroup]
build	Cache Gradle	2025-10-16T21:36:10.6409631Z Cache not found for input keys: gradle-Linux-b47f0cd60aa549a9809c3c69b48c631d0cd50e98d0e5163e3ba65d9555931e93
build	Make gradlew executable	ï»¿2025-10-16T21:36:10.6471608Z ##[group]Run chmod +x ./gradlew
build	Make gradlew executable	2025-10-16T21:36:10.6471886Z [36;1mchmod +x ./gradlew[0m
build	Make gradlew executable	2025-10-16T21:36:10.6503514Z shell: /usr/bin/bash -e {0}
build	Make gradlew executable	2025-10-16T21:36:10.6503745Z env:
build	Make gradlew executable	2025-10-16T21:36:10.6504021Z   JAVA_HOME: /opt/hostedtoolcache/Java_Temurin-Hotspot_jdk/17.0.16-8/x64
build	Make gradlew executable	2025-10-16T21:36:10.6504476Z   JAVA_HOME_17_X64: /opt/hostedtoolcache/Java_Temurin-Hotspot_jdk/17.0.16-8/x64
build	Make gradlew executable	2025-10-16T21:36:10.6504847Z   ANDROID_SDK_ROOT: /usr/local/lib/android/sdk
build	Make gradlew executable	2025-10-16T21:36:10.6505126Z   ANDROID_HOME: /usr/local/lib/android/sdk
build	Make gradlew executable	2025-10-16T21:36:10.6505442Z   ANDROID_NDK_HOME: /usr/local/lib/android/sdk/ndk/26.1.10909125
build	Make gradlew executable	2025-10-16T21:36:10.6505792Z   ANDROID_NDK_ROOT: /usr/local/lib/android/sdk/ndk/26.1.10909125
build	Make gradlew executable	2025-10-16T21:36:10.6506150Z   NDK_HOME: /usr/local/lib/android/sdk/ndk/26.1.10909125
build	Make gradlew executable	2025-10-16T21:36:10.6506433Z   CARGO_HOME: /home/runner/.cargo
build	Make gradlew executable	2025-10-16T21:36:10.6506657Z   CARGO_INCREMENTAL: 0
build	Make gradlew executable	2025-10-16T21:36:10.6506858Z   CARGO_TERM_COLOR: always
build	Make gradlew executable	2025-10-16T21:36:10.6507053Z ##[endgroup]
build	Prepare truth-core	ï»¿2025-10-16T21:36:10.6587696Z ##[group]Run if [ ! -d truth-core ]; then
build	Prepare truth-core	2025-10-16T21:36:10.6588032Z [36;1mif [ ! -d truth-core ]; then[0m
build	Prepare truth-core	2025-10-16T21:36:10.6588348Z [36;1m  echo "truth-core directory not found; cloning..."[0m
build	Prepare truth-core	2025-10-16T21:36:10.6588778Z [36;1m  git clone --depth 1 https://github.com/ekwator/truth-training truth-core[0m
build	Prepare truth-core	2025-10-16T21:36:10.6589146Z [36;1melse[0m
build	Prepare truth-core	2025-10-16T21:36:10.6589364Z [36;1m  echo "truth-core directory exists."[0m
build	Prepare truth-core	2025-10-16T21:36:10.6589607Z [36;1mfi[0m
build	Prepare truth-core	2025-10-16T21:36:10.6617455Z shell: /usr/bin/bash -e {0}
build	Prepare truth-core	2025-10-16T21:36:10.6617681Z env:
build	Prepare truth-core	2025-10-16T21:36:10.6617953Z   JAVA_HOME: /opt/hostedtoolcache/Java_Temurin-Hotspot_jdk/17.0.16-8/x64
build	Prepare truth-core	2025-10-16T21:36:10.6618391Z   JAVA_HOME_17_X64: /opt/hostedtoolcache/Java_Temurin-Hotspot_jdk/17.0.16-8/x64
build	Prepare truth-core	2025-10-16T21:36:10.6618927Z   ANDROID_SDK_ROOT: /usr/local/lib/android/sdk
build	Prepare truth-core	2025-10-16T21:36:10.6619196Z   ANDROID_HOME: /usr/local/lib/android/sdk
build	Prepare truth-core	2025-10-16T21:36:10.6619490Z   ANDROID_NDK_HOME: /usr/local/lib/android/sdk/ndk/26.1.10909125
build	Prepare truth-core	2025-10-16T21:36:10.6619861Z   ANDROID_NDK_ROOT: /usr/local/lib/android/sdk/ndk/26.1.10909125
build	Prepare truth-core	2025-10-16T21:36:10.6620183Z   NDK_HOME: /usr/local/lib/android/sdk/ndk/26.1.10909125
build	Prepare truth-core	2025-10-16T21:36:10.6620456Z   CARGO_HOME: /home/runner/.cargo
build	Prepare truth-core	2025-10-16T21:36:10.6620676Z   CARGO_INCREMENTAL: 0
build	Prepare truth-core	2025-10-16T21:36:10.6620873Z   CARGO_TERM_COLOR: always
build	Prepare truth-core	2025-10-16T21:36:10.6621070Z ##[endgroup]
build	Prepare truth-core	2025-10-16T21:36:10.6666651Z truth-core directory not found; cloning...
build	Prepare truth-core	2025-10-16T21:36:10.6679482Z Cloning into 'truth-core'...
build	Build libtruth_core.so	ï»¿2025-10-16T21:36:11.0570578Z ##[group]Run cd truth-core
build	Build libtruth_core.so	2025-10-16T21:36:11.0570859Z [36;1mcd truth-core[0m
build	Build libtruth_core.so	2025-10-16T21:36:11.0571193Z [36;1mexport ANDROID_NDK_HOME="${ANDROID_NDK_HOME:-$ANDROID_SDK_ROOT/ndk/26.1.10909125}"[0m
build	Build libtruth_core.so	2025-10-16T21:36:11.0571630Z [36;1mexport ANDROID_NDK_ROOT="$ANDROID_NDK_HOME"[0m
build	Build libtruth_core.so	2025-10-16T21:36:11.0571921Z [36;1mexport NDK_HOME="$ANDROID_NDK_HOME"[0m
build	Build libtruth_core.so	2025-10-16T21:36:11.0572320Z [36;1mexport PATH="$ANDROID_NDK_HOME/toolchains/llvm/prebuilt/linux-x86_64/bin:$PATH"[0m
build	Build libtruth_core.so	2025-10-16T21:36:11.0572699Z [36;1mexport API_LEVEL=34[0m
build	Build libtruth_core.so	2025-10-16T21:36:11.0573038Z [36;1mexport CC_aarch64_linux_android="aarch64-linux-android$API_LEVEL-clang"[0m
build	Build libtruth_core.so	2025-10-16T21:36:11.0573527Z [36;1mexport CC_armv7_linux_androideabi="armv7a-linux-androideabi$API_LEVEL-clang"[0m
build	Build libtruth_core.so	2025-10-16T21:36:11.0573906Z [36;1m./scripts/build-android.sh[0m
build	Build libtruth_core.so	2025-10-16T21:36:11.0574286Z [36;1mmkdir -p ../app/src/main/jniLibs/arm64-v8a ../app/src/main/jniLibs/armeabi-v7a[0m
build	Build libtruth_core.so	2025-10-16T21:36:11.0574863Z [36;1mcp target/aarch64-linux-android/release/libtruth_core.so ../app/src/main/jniLibs/arm64-v8a/ || true[0m
build	Build libtruth_core.so	2025-10-16T21:36:11.0575578Z [36;1mcp target/armv7-linux-androideabi/release/libtruth_core.so ../app/src/main/jniLibs/armeabi-v7a/ || true[0m
build	Build libtruth_core.so	2025-10-16T21:36:11.0607466Z shell: /usr/bin/bash -e {0}
build	Build libtruth_core.so	2025-10-16T21:36:11.0607699Z env:
build	Build libtruth_core.so	2025-10-16T21:36:11.0607978Z   JAVA_HOME: /opt/hostedtoolcache/Java_Temurin-Hotspot_jdk/17.0.16-8/x64
build	Build libtruth_core.so	2025-10-16T21:36:11.0608441Z   JAVA_HOME_17_X64: /opt/hostedtoolcache/Java_Temurin-Hotspot_jdk/17.0.16-8/x64
build	Build libtruth_core.so	2025-10-16T21:36:11.0608811Z   ANDROID_SDK_ROOT: /usr/local/lib/android/sdk
build	Build libtruth_core.so	2025-10-16T21:36:11.0609072Z   ANDROID_HOME: /usr/local/lib/android/sdk
build	Build libtruth_core.so	2025-10-16T21:36:11.0609377Z   ANDROID_NDK_HOME: /usr/local/lib/android/sdk/ndk/26.1.10909125
build	Build libtruth_core.so	2025-10-16T21:36:11.0609716Z   ANDROID_NDK_ROOT: /usr/local/lib/android/sdk/ndk/26.1.10909125
build	Build libtruth_core.so	2025-10-16T21:36:11.0610039Z   NDK_HOME: /usr/local/lib/android/sdk/ndk/26.1.10909125
build	Build libtruth_core.so	2025-10-16T21:36:11.0610308Z   CARGO_HOME: /home/runner/.cargo
build	Build libtruth_core.so	2025-10-16T21:36:11.0610543Z   CARGO_INCREMENTAL: 0
build	Build libtruth_core.so	2025-10-16T21:36:11.0610743Z   CARGO_TERM_COLOR: always
build	Build libtruth_core.so	2025-10-16T21:36:11.0610936Z ##[endgroup]
build	Build libtruth_core.so	2025-10-16T21:36:11.0679952Z Building truth_core library for aarch64-linux-android...
build	Build libtruth_core.so	2025-10-16T21:36:11.1836491Z info: component 'rust-std' for target 'aarch64-linux-android' is up to date
build	Build libtruth_core.so	2025-10-16T21:36:14.2096920Z [1m[32m    Updating[0m crates.io index
build	Build libtruth_core.so	2025-10-16T21:36:15.3841178Z [1m[32m Downloading[0m crates ...
build	Build libtruth_core.so	2025-10-16T21:36:15.5733861Z [1m[32m  Downloaded[0m actix-cors v0.6.5
build	Build libtruth_core.so	2025-10-16T21:36:15.6770442Z [1m[32m  Downloaded[0m futures-task v0.3.31
build	Build libtruth_core.so	2025-10-16T21:36:15.6863384Z [1m[32m  Downloaded[0m fallible-streaming-iterator v0.1.9
build	Build libtruth_core.so	2025-10-16T21:36:15.6883367Z [1m[32m  Downloaded[0m actix-macros v0.2.4
build	Build libtruth_core.so	2025-10-16T21:36:15.6917522Z [1m[32m  Downloaded[0m equivalent v1.0.2
build	Build libtruth_core.so	2025-10-16T21:36:15.6935722Z [1m[32m  Downloaded[0m displaydoc v0.2.5
build	Build libtruth_core.so	2025-10-16T21:36:15.6975251Z [1m[32m  Downloaded[0m cpufeatures v0.2.17
build	Build libtruth_core.so	2025-10-16T21:36:15.7001472Z [1m[32m  Downloaded[0m bitflags v2.9.4
build	Build libtruth_core.so	2025-10-16T21:36:15.7063779Z [1m[32m  Downloaded[0m serde_urlencoded v0.7.1
build	Build libtruth_core.so	2025-10-16T21:36:15.7096651Z [1m[32m  Downloaded[0m sct v0.7.1
build	Build libtruth_core.so	2025-10-16T21:36:15.7156340Z [1m[32m  Downloaded[0m scopeguard v1.2.0
build	Build libtruth_core.so	2025-10-16T21:36:15.7180499Z [1m[32m  Downloaded[0m httpdate v1.0.3
build	Build libtruth_core.so	2025-10-16T21:36:15.7212256Z [1m[32m  Downloaded[0m socket2 v0.5.10
build	Build libtruth_core.so	2025-10-16T21:36:15.7246314Z [1m[32m  Downloaded[0m hyper-rustls v0.24.2
build	Build libtruth_core.so	2025-10-16T21:36:15.7295867Z [1m[32m  Downloaded[0m fxhash v0.2.1
build	Build libtruth_core.so	2025-10-16T21:36:15.7324115Z [1m[32m  Downloaded[0m httparse v1.10.1
build	Build libtruth_core.so	2025-10-16T21:36:15.7370024Z [1m[32m  Downloaded[0m parking_lot_core v0.9.12
build	Build libtruth_core.so	2025-10-16T21:36:15.7414517Z [1m[32m  Downloaded[0m tokio-rustls v0.24.1
build	Build libtruth_core.so	2025-10-16T21:36:15.7463692Z [1m[32m  Downloaded[0m rand_core v0.9.3
build	Build libtruth_core.so	2025-10-16T21:36:15.7488127Z [1m[32m  Downloaded[0m curve25519-dalek v4.1.3
build	Build libtruth_core.so	2025-10-16T21:36:15.7631721Z [1m[32m  Downloaded[0m utf8_iter v1.0.4
build	Build libtruth_core.so	2025-10-16T21:36:15.7665127Z [1m[32m  Downloaded[0m unicode-xid v0.2.6
build	Build libtruth_core.so	2025-10-16T21:36:15.7681727Z [1m[32m  Downloaded[0m unicase v2.8.1
build	Build libtruth_core.so	2025-10-16T21:36:15.7702825Z [1m[32m  Downloaded[0m utoipa-gen v4.3.1
build	Build libtruth_core.so	2025-10-16T21:36:15.7782922Z [1m[32m  Downloaded[0m proc-macro2 v1.0.101
build	Build libtruth_core.so	2025-10-16T21:36:15.7836568Z [1m[32m  Downloaded[0m uuid v1.18.1
build	Build libtruth_core.so	2025-10-16T21:36:15.7878441Z [1m[32m  Downloaded[0m num-bigint v0.4.6
build	Build libtruth_core.so	2025-10-16T21:36:15.7939616Z [1m[32m  Downloaded[0m reqwest v0.11.27
build	Build libtruth_core.so	2025-10-16T21:36:15.8022169Z [1m[32m  Downloaded[0m dirs v5.0.1
build	Build libtruth_core.so	2025-10-16T21:36:15.8043577Z [1m[32m  Downloaded[0m combine v4.6.7
build	Build libtruth_core.so	2025-10-16T21:36:15.8109552Z [1m[32m  Downloaded[0m zerofrom v0.1.6
build	Build libtruth_core.so	2025-10-16T21:36:15.8125943Z [1m[32m  Downloaded[0m regex-lite v0.1.7
build	Build libtruth_core.so	2025-10-16T21:36:15.8158631Z [1m[32m  Downloaded[0m zstd v0.13.3
build	Build libtruth_core.so	2025-10-16T21:36:15.8192635Z [1m[32m  Downloaded[0m unicode-segmentation v1.12.0
build	Build libtruth_core.so	2025-10-16T21:36:15.8228025Z [1m[32m  Downloaded[0m rustls-webpki v0.101.7
build	Build libtruth_core.so	2025-10-16T21:36:15.8391540Z [1m[32m  Downloaded[0m regex v1.11.3
build	Build libtruth_core.so	2025-10-16T21:36:15.8456051Z [1m[32m  Downloaded[0m regex-automata v0.4.11
build	Build libtruth_core.so	2025-10-16T21:36:15.8611102Z [1m[32m  Downloaded[0m ed25519 v2.2.3
build	Build libtruth_core.so	2025-10-16T21:36:15.8634166Z [1m[32m  Downloaded[0m jiff v0.2.15
build	Build libtruth_core.so	2025-10-16T21:36:15.8786156Z [1m[32m  Downloaded[0m rustls v0.21.12
build	Build libtruth_core.so	2025-10-16T21:36:15.8899104Z [1m[32m  Downloaded[0m vcpkg v0.2.15
build	Build libtruth_core.so	2025-10-16T21:36:15.9489913Z [1m[32m  Downloaded[0m untrusted v0.9.0
build	Build libtruth_core.so	2025-10-16T21:36:15.9518033Z [1m[32m  Downloaded[0m zstd-safe v5.0.2+zstd.1.5.2
build	Build libtruth_core.so	2025-10-16T21:36:15.9538676Z [1m[32m  Downloaded[0m zstd-safe v7.2.4
build	Build libtruth_core.so	2025-10-16T21:36:15.9554716Z [1m[32m  Downloaded[0m zeroize v1.8.2
build	Build libtruth_core.so	2025-10-16T21:36:15.9572111Z [1m[32m  Downloaded[0m zerofrom-derive v0.1.6
build	Build libtruth_core.so	2025-10-16T21:36:15.9584264Z [1m[32m  Downloaded[0m version_check v0.9.5
build	Build libtruth_core.so	2025-10-16T21:36:15.9604492Z [1m[32m  Downloaded[0m regex-syntax v0.8.6
build	Build libtruth_core.so	2025-10-16T21:36:15.9683640Z [1m[32m  Downloaded[0m serde_json v1.0.145
build	Build libtruth_core.so	2025-10-16T21:36:15.9762875Z [1m[32m  Downloaded[0m time v0.3.44
build	Build libtruth_core.so	2025-10-16T21:36:16.0205116Z [1m[32m  Downloaded[0m zerovec v0.11.4
build	Build libtruth_core.so	2025-10-16T21:36:16.0263793Z [1m[32m  Downloaded[0m url v2.5.7
build	Build libtruth_core.so	2025-10-16T21:36:16.0295070Z [1m[32m  Downloaded[0m zip v0.6.6
build	Build libtruth_core.so	2025-10-16T21:36:16.0339025Z [1m[32m  Downloaded[0m syn v1.0.109
build	Build libtruth_core.so	2025-10-16T21:36:16.0434262Z [1m[32m  Downloaded[0m zerotrie v0.2.2
build	Build libtruth_core.so	2025-10-16T21:36:16.0471516Z [1m[32m  Downloaded[0m webpki-roots v0.25.4
build	Build libtruth_core.so	2025-10-16T21:36:16.0512988Z [1m[32m  Downloaded[0m typenum v1.19.0
build	Build libtruth_core.so	2025-10-16T21:36:16.0543031Z [1m[32m  Downloaded[0m tracing v0.1.41
build	Build libtruth_core.so	2025-10-16T21:36:16.0583282Z [1m[32m  Downloaded[0m syn v2.0.106
build	Build libtruth_core.so	2025-10-16T21:36:16.0688591Z [1m[32m  Downloaded[0m tokio-util v0.7.16
build	Build libtruth_core.so	2025-10-16T21:36:16.0767694Z [1m[32m  Downloaded[0m rust-embed v8.7.2
build	Build libtruth_core.so	2025-10-16T21:36:16.0853298Z [1m[32m  Downloaded[0m serde v1.0.228
build	Build libtruth_core.so	2025-10-16T21:36:16.0889573Z [1m[32m  Downloaded[0m zerovec-derive v0.11.1
build	Build libtruth_core.so	2025-10-16T21:36:16.0905236Z [1m[32m  Downloaded[0m tokio v1.47.1
build	Build libtruth_core.so	2025-10-16T21:36:16.1311270Z [1m[32m  Downloaded[0m writeable v0.6.1
build	Build libtruth_core.so	2025-10-16T21:36:16.1330084Z [1m[32m  Downloaded[0m utoipa v4.2.3
build	Build libtruth_core.so	2025-10-16T21:36:16.1356349Z [1m[32m  Downloaded[0m tokio-macros v2.5.0
build	Build libtruth_core.so	2025-10-16T21:36:16.1366405Z [1m[32m  Downloaded[0m ring v0.17.14
build	Build libtruth_core.so	2025-10-16T21:36:16.1786468Z [1m[32m  Downloaded[0m zstd-sys v2.0.16+zstd.1.5.7
build	Build libtruth_core.so	2025-10-16T21:36:16.1951327Z [1m[32m  Downloaded[0m tinyvec_macros v0.1.1
build	Build libtruth_core.so	2025-10-16T21:36:16.1960698Z [1m[32m  Downloaded[0m time-macros v0.2.24
build	Build libtruth_core.so	2025-10-16T21:36:16.1983466Z [1m[32m  Downloaded[0m thiserror-impl v2.0.17
build	Build libtruth_core.so	2025-10-16T21:36:16.1998703Z [1m[32m  Downloaded[0m base64ct v1.7.3
build	Build libtruth_core.so	2025-10-16T21:36:16.2022715Z [1m[32m  Downloaded[0m synstructure v0.13.2
build	Build libtruth_core.so	2025-10-16T21:36:16.2033304Z [1m[32m  Downloaded[0m strsim v0.11.1
build	Build libtruth_core.so	2025-10-16T21:36:16.2046376Z [1m[32m  Downloaded[0m yoke-derive v0.8.0
build	Build libtruth_core.so	2025-10-16T21:36:16.2056151Z [1m[32m  Downloaded[0m yoke v0.8.0
build	Build libtruth_core.so	2025-10-16T21:36:16.2072834Z [1m[32m  Downloaded[0m clap_builder v4.5.48
build	Build libtruth_core.so	2025-10-16T21:36:16.2138471Z [1m[32m  Downloaded[0m want v0.3.1
build	Build libtruth_core.so	2025-10-16T21:36:16.2147586Z [1m[32m  Downloaded[0m walkdir v2.5.0
build	Build libtruth_core.so	2025-10-16T21:36:16.2165740Z [1m[32m  Downloaded[0m utf8parse v0.2.2
build	Build libtruth_core.so	2025-10-16T21:36:16.2175591Z [1m[32m  Downloaded[0m unicode-ident v1.0.19
build	Build libtruth_core.so	2025-10-16T21:36:16.2203257Z [1m[32m  Downloaded[0m try-lock v0.2.5
build	Build libtruth_core.so	2025-10-16T21:36:16.2212700Z [1m[32m  Downloaded[0m tracing-core v0.1.34
build	Build libtruth_core.so	2025-10-16T21:36:16.2239500Z [1m[32m  Downloaded[0m tower-service v0.3.3
build	Build libtruth_core.so	2025-10-16T21:36:16.2247343Z [1m[32m  Downloaded[0m tinyvec v1.10.0
build	Build libtruth_core.so	2025-10-16T21:36:16.2272722Z [1m[32m  Downloaded[0m tinystr v0.8.1
build	Build libtruth_core.so	2025-10-16T21:36:16.2291746Z [1m[32m  Downloaded[0m time-core v0.1.6
build	Build libtruth_core.so	2025-10-16T21:36:16.2302386Z [1m[32m  Downloaded[0m thiserror v2.0.17
build	Build libtruth_core.so	2025-10-16T21:36:16.2366522Z [1m[32m  Downloaded[0m thiserror v1.0.69
build	Build libtruth_core.so	2025-10-16T21:36:16.2421505Z [1m[32m  Downloaded[0m sync_wrapper v0.1.2
build	Build libtruth_core.so	2025-10-16T21:36:16.2429520Z [1m[32m  Downloaded[0m subtle v2.6.1
build	Build libtruth_core.so	2025-10-16T21:36:16.2441270Z [1m[32m  Downloaded[0m stable_deref_trait v1.2.0
build	Build libtruth_core.so	2025-10-16T21:36:16.2449785Z [1m[32m  Downloaded[0m spki v0.7.3
build	Build libtruth_core.so	2025-10-16T21:36:16.2467587Z [1m[32m  Downloaded[0m smol_str v0.2.2
build	Build libtruth_core.so	2025-10-16T21:36:16.2481103Z [1m[32m  Downloaded[0m smallvec v1.15.1
build	Build libtruth_core.so	2025-10-16T21:36:16.2502118Z [1m[32m  Downloaded[0m slab v0.4.11
build	Build libtruth_core.so	2025-10-16T21:36:16.2514451Z [1m[32m  Downloaded[0m sized-chunks v0.6.5
build	Build libtruth_core.so	2025-10-16T21:36:16.2540643Z [1m[32m  Downloaded[0m signature v2.2.0
build	Build libtruth_core.so	2025-10-16T21:36:16.2554965Z [1m[32m  Downloaded[0m signal-hook-registry v1.4.6
build	Build libtruth_core.so	2025-10-16T21:36:16.2565895Z [1m[32m  Downloaded[0m shlex v1.3.0
build	Build libtruth_core.so	2025-10-16T21:36:16.2579828Z [1m[32m  Downloaded[0m shellexpand v3.1.1
build	Build libtruth_core.so	2025-10-16T21:36:16.2596562Z [1m[32m  Downloaded[0m sha2 v0.10.9
build	Build libtruth_core.so	2025-10-16T21:36:16.2622086Z [1m[32m  Downloaded[0m sha1 v0.10.6
build	Build libtruth_core.so	2025-10-16T21:36:16.2637906Z [1m[32m  Downloaded[0m serde_derive v1.0.228
build	Build libtruth_core.so	2025-10-16T21:36:16.2668165Z [1m[32m  Downloaded[0m serde_core v1.0.228
build	Build libtruth_core.so	2025-10-16T21:36:16.2696814Z [1m[32m  Downloaded[0m tracing-attributes v0.1.30
build	Build libtruth_core.so	2025-10-16T21:36:16.2722002Z [1m[32m  Downloaded[0m socket2 v0.6.0
build	Build libtruth_core.so	2025-10-16T21:36:16.2740155Z [1m[32m  Downloaded[0m simple_asn1 v0.6.3
build	Build libtruth_core.so	2025-10-16T21:36:16.2753583Z [1m[32m  Downloaded[0m simd-adler32 v0.3.7
build	Build libtruth_core.so	2025-10-16T21:36:16.2771286Z [1m[32m  Downloaded[0m semver v1.0.27
build	Build libtruth_core.so	2025-10-16T21:36:16.2793258Z [1m[32m  Downloaded[0m libc v0.2.176
build	Build libtruth_core.so	2025-10-16T21:36:16.3059848Z [1m[32m  Downloaded[0m encoding_rs v0.8.35
build	Build libtruth_core.so	2025-10-16T21:36:16.3261335Z [1m[32m  Downloaded[0m rusqlite v0.31.0
build	Build libtruth_core.so	2025-10-16T21:36:16.3335353Z [1m[32m  Downloaded[0m futures-sink v0.3.31
build	Build libtruth_core.so	2025-10-16T21:36:16.3344335Z [1m[32m  Downloaded[0m zstd v0.11.2+zstd.1.5.2
build	Build libtruth_core.so	2025-10-16T21:36:16.3375533Z [1m[32m  Downloaded[0m rand v0.9.2
build	Build libtruth_core.so	2025-10-16T21:36:16.3413546Z [1m[32m  Downloaded[0m indexmap v2.11.4
build	Build libtruth_core.so	2025-10-16T21:36:16.3455542Z [1m[32m  Downloaded[0m jni v0.21.1
build	Build libtruth_core.so	2025-10-16T21:36:16.3521197Z [1m[32m  Downloaded[0m itertools v0.13.0
build	Build libtruth_core.so	2025-10-16T21:36:16.3588262Z [1m[32m  Downloaded[0m idna v1.1.0
build	Build libtruth_core.so	2025-10-16T21:36:16.3623413Z [1m[32m  Downloaded[0m derive_more v2.0.1
build	Build libtruth_core.so	2025-10-16T21:36:16.3719118Z [1m[32m  Downloaded[0m aho-corasick v1.1.3
build	Build libtruth_core.so	2025-10-16T21:36:16.3770757Z [1m[32m  Downloaded[0m rand v0.8.5
build	Build libtruth_core.so	2025-10-16T21:36:16.3804483Z [1m[32m  Downloaded[0m language-tags v0.3.2
build	Build libtruth_core.so	2025-10-16T21:36:16.3825668Z [1m[32m  Downloaded[0m im v15.1.0
build	Build libtruth_core.so	2025-10-16T21:36:16.3866348Z [1m[32m  Downloaded[0m icu_normalizer v2.0.0
build	Build libtruth_core.so	2025-10-16T21:36:16.3899447Z [1m[32m  Downloaded[0m bytes v1.10.1
build	Build libtruth_core.so	2025-10-16T21:36:16.3940129Z [1m[32m  Downloaded[0m jsonwebtoken v9.3.1
build	Build libtruth_core.so	2025-10-16T21:36:16.3982024Z [1m[32m  Downloaded[0m bzip2-sys v0.1.13+1.0.8
build	Build libtruth_core.so	2025-10-16T21:36:16.4088332Z [1m[32m  Downloaded[0m flate2 v1.1.4
build	Build libtruth_core.so	2025-10-16T21:36:16.4134565Z [1m[32m  Downloaded[0m ed25519-dalek v2.2.0
build	Build libtruth_core.so	2025-10-16T21:36:16.4165485Z [1m[32m  Downloaded[0m ryu v1.0.20
build	Build libtruth_core.so	2025-10-16T21:36:16.4196019Z [1m[32m  Downloaded[0m quote v1.0.41
build	Build libtruth_core.so	2025-10-16T21:36:16.4222818Z [1m[32m  Downloaded[0m proc-macro-error v1.0.4
build	Build libtruth_core.so	2025-10-16T21:36:16.4256535Z [1m[32m  Downloaded[0m pkcs8 v0.10.2
build	Build libtruth_core.so	2025-10-16T21:36:16.4284422Z [1m[32m  Downloaded[0m num-traits v0.2.19
build	Build libtruth_core.so	2025-10-16T21:36:16.4310817Z [1m[32m  Downloaded[0m libsqlite3-sys v0.28.0
build	Build libtruth_core.so	2025-10-16T21:36:16.4886629Z [1m[32m  Downloaded[0m memchr v2.7.6
build	Build libtruth_core.so	2025-10-16T21:36:16.4940283Z [1m[32m  Downloaded[0m litemap v0.8.0
build	Build libtruth_core.so	2025-10-16T21:36:16.4962306Z [1m[32m  Downloaded[0m icu_provider v2.0.0
build	Build libtruth_core.so	2025-10-16T21:36:16.4987553Z [1m[32m  Downloaded[0m generic-array v0.14.7
build	Build libtruth_core.so	2025-10-16T21:36:16.5000946Z [1m[32m  Downloaded[0m thiserror-impl v1.0.69
build	Build libtruth_core.so	2025-10-16T21:36:16.5014262Z [1m[32m  Downloaded[0m scheduled-thread-pool v0.2.7
build	Build libtruth_core.so	2025-10-16T21:36:16.5025476Z [1m[32m  Downloaded[0m same-file v1.0.6
build	Build libtruth_core.so	2025-10-16T21:36:16.5038760Z [1m[32m  Downloaded[0m rustc_version v0.4.1
build	Build libtruth_core.so	2025-10-16T21:36:16.5051305Z [1m[32m  Downloaded[0m rand_chacha v0.3.1
build	Build libtruth_core.so	2025-10-16T21:36:16.5062016Z [1m[32m  Downloaded[0m r2d2 v0.8.10
build	Build libtruth_core.so	2025-10-16T21:36:16.5075904Z [1m[32m  Downloaded[0m proc-macro-error-attr v1.0.4
build	Build libtruth_core.so	2025-10-16T21:36:16.5085362Z [1m[32m  Downloaded[0m ppv-lite86 v0.2.21
build	Build libtruth_core.so	2025-10-16T21:36:16.5098227Z [1m[32m  Downloaded[0m powerfmt v0.2.0
build	Build libtruth_core.so	2025-10-16T21:36:16.5109227Z [1m[32m  Downloaded[0m potential_utf v0.1.3
build	Build libtruth_core.so	2025-10-16T21:36:16.5118785Z [1m[32m  Downloaded[0m pkg-config v0.3.32
build	Build libtruth_core.so	2025-10-16T21:36:16.5133823Z [1m[32m  Downloaded[0m pin-utils v0.1.0
build	Build libtruth_core.so	2025-10-16T21:36:16.5146132Z [1m[32m  Downloaded[0m pin-project-lite v0.2.16
build	Build libtruth_core.so	2025-10-16T21:36:16.5202685Z [1m[32m  Downloaded[0m password-hash v0.4.2
build	Build libtruth_core.so	2025-10-16T21:36:16.5219685Z [1m[32m  Downloaded[0m parking_lot v0.12.5
build	Build libtruth_core.so	2025-10-16T21:36:16.5243928Z [1m[32m  Downloaded[0m once_cell v1.21.3
build	Build libtruth_core.so	2025-10-16T21:36:16.5268327Z [1m[32m  Downloaded[0m miniz_oxide v0.8.9
build	Build libtruth_core.so	2025-10-16T21:36:16.5292951Z [1m[32m  Downloaded[0m mime_guess v2.0.5
build	Build libtruth_core.so	2025-10-16T21:36:16.5309390Z [1m[32m  Downloaded[0m log v0.4.28
build	Build libtruth_core.so	2025-10-16T21:36:16.5333354Z [1m[32m  Downloaded[0m leb128 v0.2.5
build	Build libtruth_core.so	2025-10-16T21:36:16.5346752Z [1m[32m  Downloaded[0m jobserver v0.1.34
build	Build libtruth_core.so	2025-10-16T21:36:16.5366548Z [1m[32m  Downloaded[0m jni-sys v0.3.0
build	Build libtruth_core.so	2025-10-16T21:36:16.5376085Z [1m[32m  Downloaded[0m is_terminal_polyfill v1.70.1
build	Build libtruth_core.so	2025-10-16T21:36:16.5384763Z [1m[32m  Downloaded[0m ipnet v2.11.0
build	Build libtruth_core.so	2025-10-16T21:36:16.5400519Z [1m[32m  Downloaded[0m inout v0.1.4
build	Build libtruth_core.so	2025-10-16T21:36:16.5411180Z [1m[32m  Downloaded[0m icu_properties_data v2.0.1
build	Build libtruth_core.so	2025-10-16T21:36:16.5506962Z [1m[32m  Downloaded[0m gcc v0.3.55
build	Build libtruth_core.so	2025-10-16T21:36:16.5525318Z [1m[32m  Downloaded[0m env_logger v0.11.8
build	Build libtruth_core.so	2025-10-16T21:36:16.5548965Z [1m[32m  Downloaded[0m env_filter v0.1.3
build	Build libtruth_core.so	2025-10-16T21:36:16.5561883Z [1m[32m  Downloaded[0m curve25519-dalek-derive v0.1.1
build	Build libtruth_core.so	2025-10-16T21:36:16.5572432Z [1m[32m  Downloaded[0m crypto-common v0.1.6
build	Build libtruth_core.so	2025-10-16T21:36:16.5581254Z [1m[32m  Downloaded[0m cookie v0.16.2
build	Build libtruth_core.so	2025-10-16T21:36:16.5605028Z [1m[32m  Downloaded[0m autocfg v1.5.0
build	Build libtruth_core.so	2025-10-16T21:36:16.5629697Z [1m[32m  Downloaded[0m arrayvec v0.7.6
build	Build libtruth_core.so	2025-10-16T21:36:16.5649542Z [1m[32m  Downloaded[0m rustls-pemfile v1.0.4
build	Build libtruth_core.so	2025-10-16T21:36:16.5671801Z [1m[32m  Downloaded[0m rust-embed-utils v8.7.2
build	Build libtruth_core.so	2025-10-16T21:36:16.5680725Z [1m[32m  Downloaded[0m rust-embed-impl v8.7.2
build	Build libtruth_core.so	2025-10-16T21:36:16.5689518Z [1m[32m  Downloaded[0m rand_xoshiro v0.6.0
build	Build libtruth_core.so	2025-10-16T21:36:16.5708453Z [1m[32m  Downloaded[0m rand_core v0.6.4
build	Build libtruth_core.so	2025-10-16T21:36:16.5721806Z [1m[32m  Downloaded[0m rand_chacha v0.9.0
build	Build libtruth_core.so	2025-10-16T21:36:16.5733467Z [1m[32m  Downloaded[0m pem v3.0.6
build	Build libtruth_core.so	2025-10-16T21:36:16.5747121Z [1m[32m  Downloaded[0m pbkdf2 v0.11.0
build	Build libtruth_core.so	2025-10-16T21:36:16.5770943Z [1m[32m  Downloaded[0m option-ext v0.2.0
build	Build libtruth_core.so	2025-10-16T21:36:16.5779395Z [1m[32m  Downloaded[0m mime v0.3.17
build	Build libtruth_core.so	2025-10-16T21:36:16.5792189Z [1m[32m  Downloaded[0m local-waker v0.1.4
build	Build libtruth_core.so	2025-10-16T21:36:16.5800473Z [1m[32m  Downloaded[0m zerocopy v0.8.27
build	Build libtruth_core.so	2025-10-16T21:36:16.6050544Z [1m[32m  Downloaded[0m local-channel v0.1.5
build	Build libtruth_core.so	2025-10-16T21:36:16.6059587Z [1m[32m  Downloaded[0m idna_adapter v1.2.1
build	Build libtruth_core.so	2025-10-16T21:36:16.6068388Z [1m[32m  Downloaded[0m get_if_addrs-sys v0.1.1
build	Build libtruth_core.so	2025-10-16T21:36:16.6076839Z [1m[32m  Downloaded[0m dirs-sys v0.4.1
build	Build libtruth_core.so	2025-10-16T21:36:16.6088348Z [1m[32m  Downloaded[0m chrono v0.4.42
build	Build libtruth_core.so	2025-10-16T21:36:16.6153838Z [1m[32m  Downloaded[0m brotli v8.0.2
build	Build libtruth_core.so	2025-10-16T21:36:16.6296585Z [1m[32m  Downloaded[0m argon2 v0.5.3
build	Build libtruth_core.so	2025-10-16T21:36:16.6312308Z [1m[32m  Downloaded[0m arrayref v0.3.9
build	Build libtruth_core.so	2025-10-16T21:36:16.6324581Z [1m[32m  Downloaded[0m alloc-stdlib v0.2.2
build	Build libtruth_core.so	2025-10-16T21:36:16.6335952Z [1m[32m  Downloaded[0m alloc-no-stdlib v2.0.4
build	Build libtruth_core.so	2025-10-16T21:36:16.6352314Z [1m[32m  Downloaded[0m actix-rt v2.11.0
build	Build libtruth_core.so	2025-10-16T21:36:16.6366989Z [1m[32m  Downloaded[0m r2d2_sqlite v0.24.0
build	Build libtruth_core.so	2025-10-16T21:36:16.6379698Z [1m[32m  Downloaded[0m percent-encoding v2.3.2
build	Build libtruth_core.so	2025-10-16T21:36:16.6388170Z [1m[32m  Downloaded[0m password-hash v0.5.0
build	Build libtruth_core.so	2025-10-16T21:36:16.6405158Z [1m[32m  Downloaded[0m num-conv v0.1.0
build	Build libtruth_core.so	2025-10-16T21:36:16.6413130Z [1m[32m  Downloaded[0m mio v1.0.4
build	Build libtruth_core.so	2025-10-16T21:36:16.6470428Z [1m[32m  Downloaded[0m itoa v1.0.15
build	Build libtruth_core.so	2025-10-16T21:36:16.6483900Z [1m[32m  Downloaded[0m icu_normalizer_data v2.0.0
build	Build libtruth_core.so	2025-10-16T21:36:16.6504475Z [1m[32m  Downloaded[0m hyper v0.14.32
build	Build libtruth_core.so	2025-10-16T21:36:16.6578358Z [1m[32m  Downloaded[0m h2 v0.3.27
build	Build libtruth_core.so	2025-10-16T21:36:16.6639640Z [1m[32m  Downloaded[0m futures-util v0.3.31
build	Build libtruth_core.so	2025-10-16T21:36:16.6767105Z [1m[32m  Downloaded[0m num-integer v0.1.46
build	Build libtruth_core.so	2025-10-16T21:36:16.6782136Z [1m[32m  Downloaded[0m lock_api v0.4.14
build	Build libtruth_core.so	2025-10-16T21:36:16.6795353Z [1m[32m  Downloaded[0m impl-more v0.1.9
build	Build libtruth_core.so	2025-10-16T21:36:16.6816548Z [1m[32m  Downloaded[0m icu_properties v2.0.1
build	Build libtruth_core.so	2025-10-16T21:36:16.6837502Z [1m[32m  Downloaded[0m icu_locale_core v2.0.0
build	Build libtruth_core.so	2025-10-16T21:36:16.6905429Z [1m[32m  Downloaded[0m http v0.2.12
build	Build libtruth_core.so	2025-10-16T21:36:16.6939921Z [1m[32m  Downloaded[0m hashbrown v0.16.0
build	Build libtruth_core.so	2025-10-16T21:36:16.6988919Z [1m[32m  Downloaded[0m hashbrown v0.14.5
build	Build libtruth_core.so	2025-10-16T21:36:16.7034891Z [1m[32m  Downloaded[0m get_if_addrs v0.5.3
build	Build libtruth_core.so	2025-10-16T21:36:16.7046288Z [1m[32m  Downloaded[0m aes v0.8.4
build	Build libtruth_core.so	2025-10-16T21:36:16.7080310Z [1m[32m  Downloaded[0m icu_collections v2.0.0
build	Build libtruth_core.so	2025-10-16T21:36:16.7141148Z [1m[32m  Downloaded[0m form_urlencoded v1.2.2
build	Build libtruth_core.so	2025-10-16T21:36:16.7149335Z [1m[32m  Downloaded[0m fnv v1.0.7
build	Build libtruth_core.so	2025-10-16T21:36:16.7157963Z [1m[32m  Downloaded[0m either v1.15.0
build	Build libtruth_core.so	2025-10-16T21:36:16.7172117Z [1m[32m  Downloaded[0m cc v1.2.40
build	Build libtruth_core.so	2025-10-16T21:36:16.7200444Z [1m[32m  Downloaded[0m blake3 v1.8.2
build	Build libtruth_core.so	2025-10-16T21:36:16.7278627Z [1m[32m  Downloaded[0m base64 v0.22.1
build	Build libtruth_core.so	2025-10-16T21:36:16.7315604Z [1m[32m  Downloaded[0m hmac v0.12.1
build	Build libtruth_core.so	2025-10-16T21:36:16.7334599Z [1m[32m  Downloaded[0m getrandom v0.2.16
build	Build libtruth_core.so	2025-10-16T21:36:16.7362951Z [1m[32m  Downloaded[0m deranged v0.5.4
build	Build libtruth_core.so	2025-10-16T21:36:16.7376061Z [1m[32m  Downloaded[0m byteorder v1.5.0
build	Build libtruth_core.so	2025-10-16T21:36:16.7391842Z [1m[32m  Downloaded[0m anyhow v1.0.100
build	Build libtruth_core.so	2025-10-16T21:36:16.7431501Z [1m[32m  Downloaded[0m derive_more v0.99.20
build	Build libtruth_core.so	2025-10-16T21:36:16.7477840Z [1m[32m  Downloaded[0m actix-web v4.11.0
build	Build libtruth_core.so	2025-10-16T21:36:16.7585049Z [1m[32m  Downloaded[0m http-body v0.4.6
build	Build libtruth_core.so	2025-10-16T21:36:16.7601905Z [1m[32m  Downloaded[0m heck v0.5.0
build	Build libtruth_core.so	2025-10-16T21:36:16.7614432Z [1m[32m  Downloaded[0m clap v4.5.48
build	Build libtruth_core.so	2025-10-16T21:36:16.7707007Z [1m[32m  Downloaded[0m cesu8 v1.1.0
build	Build libtruth_core.so	2025-10-16T21:36:16.7715212Z [1m[32m  Downloaded[0m blake2 v0.10.6
build	Build libtruth_core.so	2025-10-16T21:36:16.7740123Z [1m[32m  Downloaded[0m base64 v0.21.7
build	Build libtruth_core.so	2025-10-16T21:36:16.7777839Z [1m[32m  Downloaded[0m anstyle-query v1.1.4
build	Build libtruth_core.so	2025-10-16T21:36:16.7788868Z [1m[32m  Downloaded[0m anstyle v1.0.13
build	Build libtruth_core.so	2025-10-16T21:36:16.7802830Z [1m[32m  Downloaded[0m iana-time-zone v0.1.64
build	Build libtruth_core.so	2025-10-16T21:36:16.7828867Z [1m[32m  Downloaded[0m hashlink v0.9.1
build	Build libtruth_core.so	2025-10-16T21:36:16.7846066Z [1m[32m  Downloaded[0m der v0.7.10
build	Build libtruth_core.so	2025-10-16T21:36:16.7897429Z [1m[32m  Downloaded[0m find-msvc-tools v0.1.3
build	Build libtruth_core.so	2025-10-16T21:36:16.7912714Z [1m[32m  Downloaded[0m derive_more-impl v2.0.1
build	Build libtruth_core.so	2025-10-16T21:36:16.7968763Z [1m[32m  Downloaded[0m crc32fast v1.5.0
build	Build libtruth_core.so	2025-10-16T21:36:16.7977902Z [1m[32m  Downloaded[0m constant_time_eq v0.3.1
build	Build libtruth_core.so	2025-10-16T21:36:16.7990587Z [1m[32m  Downloaded[0m bzip2 v0.4.4
build	Build libtruth_core.so	2025-10-16T21:36:16.8007143Z [1m[32m  Downloaded[0m bytestring v1.5.0
build	Build libtruth_core.so	2025-10-16T21:36:16.8016723Z [1m[32m  Downloaded[0m brotli-decompressor v5.0.0
build	Build libtruth_core.so	2025-10-16T21:36:16.8073906Z [1m[32m  Downloaded[0m ahash v0.8.12
build	Build libtruth_core.so	2025-10-16T21:36:16.8097641Z [1m[32m  Downloaded[0m actix-http v3.11.2
build	Build libtruth_core.so	2025-10-16T21:36:16.8179376Z [1m[32m  Downloaded[0m futures-core v0.3.31
build	Build libtruth_core.so	2025-10-16T21:36:16.8192141Z [1m[32m  Downloaded[0m futures-channel v0.3.31
build	Build libtruth_core.so	2025-10-16T21:36:16.8210103Z [1m[32m  Downloaded[0m digest v0.10.7
build	Build libtruth_core.so	2025-10-16T21:36:16.8228136Z [1m[32m  Downloaded[0m actix-web-codegen v4.3.0
build	Build libtruth_core.so	2025-10-16T21:36:16.8255720Z [1m[32m  Downloaded[0m actix-server v2.6.0
build	Build libtruth_core.so	2025-10-16T21:36:16.8278591Z [1m[32m  Downloaded[0m hex v0.4.3
build	Build libtruth_core.so	2025-10-16T21:36:16.8293895Z [1m[32m  Downloaded[0m getrandom v0.3.3
build	Build libtruth_core.so	2025-10-16T21:36:16.8327823Z [1m[32m  Downloaded[0m constant_time_eq v0.1.5
build	Build libtruth_core.so	2025-10-16T21:36:16.8336512Z [1m[32m  Downloaded[0m clap_lex v0.7.5
build	Build libtruth_core.so	2025-10-16T21:36:16.8347052Z [1m[32m  Downloaded[0m automerge v0.5.12
build	Build libtruth_core.so	2025-10-16T21:36:16.8486504Z [1m[32m  Downloaded[0m anstyle-parse v0.2.7
build	Build libtruth_core.so	2025-10-16T21:36:16.8501857Z [1m[32m  Downloaded[0m android_system_properties v0.1.5
build	Build libtruth_core.so	2025-10-16T21:36:16.8511623Z [1m[32m  Downloaded[0m fallible-iterator v0.3.0
build	Build libtruth_core.so	2025-10-16T21:36:16.8523932Z [1m[32m  Downloaded[0m const-oid v0.9.6
build	Build libtruth_core.so	2025-10-16T21:36:16.8542260Z [1m[32m  Downloaded[0m colorchoice v1.0.4
build	Build libtruth_core.so	2025-10-16T21:36:16.8551656Z [1m[32m  Downloaded[0m clap_derive v4.5.47
build	Build libtruth_core.so	2025-10-16T21:36:16.8573140Z [1m[32m  Downloaded[0m cfg-if v1.0.3
build	Build libtruth_core.so	2025-10-16T21:36:16.8585950Z [1m[32m  Downloaded[0m block-buffer v0.10.4
build	Build libtruth_core.so	2025-10-16T21:36:16.8597702Z [1m[32m  Downloaded[0m bitmaps v2.1.0
build	Build libtruth_core.so	2025-10-16T21:36:16.8609820Z [1m[32m  Downloaded[0m anstream v0.6.21
build	Build libtruth_core.so	2025-10-16T21:36:16.8628904Z [1m[32m  Downloaded[0m adler2 v2.0.1
build	Build libtruth_core.so	2025-10-16T21:36:16.8640691Z [1m[32m  Downloaded[0m actix-utils v3.0.1
build	Build libtruth_core.so	2025-10-16T21:36:16.8651285Z [1m[32m  Downloaded[0m actix-codec v0.5.2
build	Build libtruth_core.so	2025-10-16T21:36:16.8663732Z [1m[32m  Downloaded[0m foldhash v0.1.5
build	Build libtruth_core.so	2025-10-16T21:36:16.8675534Z [1m[32m  Downloaded[0m convert_case v0.4.0
build	Build libtruth_core.so	2025-10-16T21:36:16.8684648Z [1m[32m  Downloaded[0m cipher v0.4.4
build	Build libtruth_core.so	2025-10-16T21:36:16.8698970Z [1m[32m  Downloaded[0m c_linked_list v1.1.1
build	Build libtruth_core.so	2025-10-16T21:36:16.8705146Z [1m[32m  Downloaded[0m actix-service v2.0.3
build	Build libtruth_core.so	2025-10-16T21:36:16.8724877Z [1m[32m  Downloaded[0m actix-router v0.5.3
build	Build libtruth_core.so	2025-10-16T21:36:16.8752366Z [1m[32m  Downloaded[0m utoipa-swagger-ui v5.0.0
build	Build libtruth_core.so	2025-10-16T21:36:17.0483941Z [1m[32m   Compiling[0m proc-macro2 v1.0.101
build	Build libtruth_core.so	2025-10-16T21:36:17.0484798Z [1m[32m   Compiling[0m unicode-ident v1.0.19
build	Build libtruth_core.so	2025-10-16T21:36:17.0485514Z [1m[32m   Compiling[0m quote v1.0.41
build	Build libtruth_core.so	2025-10-16T21:36:17.0486173Z [1m[32m   Compiling[0m libc v0.2.176
build	Build libtruth_core.so	2025-10-16T21:36:21.3767366Z [1m[32m   Compiling[0m version_check v0.9.5
build	Build libtruth_core.so	2025-10-16T21:36:22.5183045Z [1m[32m   Compiling[0m cfg-if v1.0.3
build	Build libtruth_core.so	2025-10-16T21:36:22.9837696Z [1m[32m   Compiling[0m typenum v1.19.0
build	Build libtruth_core.so	2025-10-16T21:36:23.8442884Z [1m[32m   Compiling[0m generic-array v0.14.7
build	Build libtruth_core.so	2025-10-16T21:36:23.9279337Z [1m[32m   Compiling[0m zerocopy v0.8.27
build	Build libtruth_core.so	2025-10-16T21:36:24.1350274Z [1m[32m   Compiling[0m smallvec v1.15.1
build	Build libtruth_core.so	2025-10-16T21:36:25.1459993Z [1m[32m   Compiling[0m stable_deref_trait v1.2.0
build	Build libtruth_core.so	2025-10-16T21:36:25.1827070Z [1m[32m   Compiling[0m subtle v2.6.1
build	Build libtruth_core.so	2025-10-16T21:36:25.2692920Z [1m[32m   Compiling[0m syn v2.0.106
build	Build libtruth_core.so	2025-10-16T21:36:25.2971557Z [1m[32m   Compiling[0m serde_core v1.0.228
build	Build libtruth_core.so	2025-10-16T21:36:25.4935213Z [1m[32m   Compiling[0m bytes v1.10.1
build	Build libtruth_core.so	2025-10-16T21:36:25.7579820Z [1m[32m   Compiling[0m block-buffer v0.10.4
build	Build libtruth_core.so	2025-10-16T21:36:25.8455002Z [1m[32m   Compiling[0m crypto-common v0.1.6
build	Build libtruth_core.so	2025-10-16T21:36:25.9231606Z [1m[32m   Compiling[0m once_cell v1.21.3
build	Build libtruth_core.so	2025-10-16T21:36:26.2157866Z [1m[32m   Compiling[0m pin-project-lite v0.2.16
build	Build libtruth_core.so	2025-10-16T21:36:26.2624789Z [1m[32m   Compiling[0m digest v0.10.7
build	Build libtruth_core.so	2025-10-16T21:36:26.7282725Z [1m[32m   Compiling[0m log v0.4.28
build	Build libtruth_core.so	2025-10-16T21:36:26.9876821Z [1m[32m   Compiling[0m parking_lot_core v0.9.12
build	Build libtruth_core.so	2025-10-16T21:36:27.1049244Z [1m[32m   Compiling[0m serde v1.0.228
build	Build libtruth_core.so	2025-10-16T21:36:27.3121169Z [1m[32m   Compiling[0m itoa v1.0.15
build	Build libtruth_core.so	2025-10-16T21:36:27.3400306Z [1m[32m   Compiling[0m scopeguard v1.2.0
build	Build libtruth_core.so	2025-10-16T21:36:27.3877922Z [1m[32m   Compiling[0m futures-core v0.3.31
build	Build libtruth_core.so	2025-10-16T21:36:27.3920885Z [1m[32m   Compiling[0m getrandom v0.3.3
build	Build libtruth_core.so	2025-10-16T21:36:27.4825066Z [1m[32m   Compiling[0m lock_api v0.4.14
build	Build libtruth_core.so	2025-10-16T21:36:28.0614595Z [1m[32m   Compiling[0m ppv-lite86 v0.2.21
build	Build libtruth_core.so	2025-10-16T21:36:28.1162804Z [1m[32m   Compiling[0m cpufeatures v0.2.17
build	Build libtruth_core.so	2025-10-16T21:36:28.1841819Z [1m[32m   Compiling[0m writeable v0.6.1
build	Build libtruth_core.so	2025-10-16T21:36:28.3063336Z [1m[32m   Compiling[0m find-msvc-tools v0.1.3
build	Build libtruth_core.so	2025-10-16T21:36:28.5205456Z [1m[32m   Compiling[0m memchr v2.7.6
build	Build libtruth_core.so	2025-10-16T21:36:28.7439424Z [1m[32m   Compiling[0m synstructure v0.13.2
build	Build libtruth_core.so	2025-10-16T21:36:28.8068491Z [1m[32m   Compiling[0m shlex v1.3.0
build	Build libtruth_core.so	2025-10-16T21:36:29.3213710Z [1m[32m   Compiling[0m litemap v0.8.0
build	Build libtruth_core.so	2025-10-16T21:36:29.3793203Z [1m[32m   Compiling[0m aho-corasick v1.1.3
build	Build libtruth_core.so	2025-10-16T21:36:29.5142588Z [1m[32m   Compiling[0m cc v1.2.40
build	Build libtruth_core.so	2025-10-16T21:36:30.1629300Z [1m[32m   Compiling[0m parking_lot v0.12.5
build	Build libtruth_core.so	2025-10-16T21:36:30.2004466Z [1m[32m   Compiling[0m zerofrom-derive v0.1.6
build	Build libtruth_core.so	2025-10-16T21:36:30.8076318Z [1m[32m   Compiling[0m yoke-derive v0.8.0
build	Build libtruth_core.so	2025-10-16T21:36:31.2291940Z [1m[32m   Compiling[0m zerovec-derive v0.11.1
build	Build libtruth_core.so	2025-10-16T21:36:31.4110847Z [1m[32m   Compiling[0m displaydoc v0.2.5
build	Build libtruth_core.so	2025-10-16T21:36:31.5860183Z [1m[32m   Compiling[0m zerofrom v0.1.6
build	Build libtruth_core.so	2025-10-16T21:36:31.6399030Z [1m[32m   Compiling[0m serde_derive v1.0.228
build	Build libtruth_core.so	2025-10-16T21:36:31.6735413Z [1m[32m   Compiling[0m yoke v0.8.0
build	Build libtruth_core.so	2025-10-16T21:36:31.9223094Z [1m[32m   Compiling[0m zerotrie v0.2.2
build	Build libtruth_core.so	2025-10-16T21:36:32.0826494Z [1m[32m   Compiling[0m mio v1.0.4
build	Build libtruth_core.so	2025-10-16T21:36:32.1044991Z [1m[32m   Compiling[0m zerovec v0.11.4
build	Build libtruth_core.so	2025-10-16T21:36:32.3997918Z [1m[32m   Compiling[0m signal-hook-registry v1.4.6
build	Build libtruth_core.so	2025-10-16T21:36:32.8644894Z [1m[32m   Compiling[0m socket2 v0.6.0
build	Build libtruth_core.so	2025-10-16T21:36:33.0688412Z [1m[32m   Compiling[0m icu_normalizer_data v2.0.0
build	Build libtruth_core.so	2025-10-16T21:36:33.1615406Z [1m[32m   Compiling[0m icu_properties_data v2.0.1
build	Build libtruth_core.so	2025-10-16T21:36:33.2498913Z [1m[32m   Compiling[0m tinystr v0.8.1
build	Build libtruth_core.so	2025-10-16T21:36:33.2702605Z [1m[32m   Compiling[0m potential_utf v0.1.3
build	Build libtruth_core.so	2025-10-16T21:36:33.3897980Z [1m[32m   Compiling[0m icu_locale_core v2.0.0
build	Build libtruth_core.so	2025-10-16T21:36:33.4093682Z [1m[32m   Compiling[0m regex-syntax v0.8.6
build	Build libtruth_core.so	2025-10-16T21:36:33.8478175Z [1m[32m   Compiling[0m icu_collections v2.0.0
build	Build libtruth_core.so	2025-10-16T21:36:34.5748073Z [1m[32m   Compiling[0m icu_provider v2.0.0
build	Build libtruth_core.so	2025-10-16T21:36:34.9689409Z [1m[32m   Compiling[0m tokio v1.47.1
build	Build libtruth_core.so	2025-10-16T21:36:35.3200082Z [1m[32m   Compiling[0m regex-automata v0.4.11
build	Build libtruth_core.so	2025-10-16T21:36:35.7609073Z [1m[32m   Compiling[0m rand_core v0.9.3
build	Build libtruth_core.so	2025-10-16T21:36:35.9550515Z [1m[32m   Compiling[0m tracing-attributes v0.1.30
build	Build libtruth_core.so	2025-10-16T21:36:36.5590091Z [1m[32m   Compiling[0m tracing-core v0.1.34
build	Build libtruth_core.so	2025-10-16T21:36:37.0963852Z [1m[32m   Compiling[0m getrandom v0.2.16
build	Build libtruth_core.so	2025-10-16T21:36:37.2836821Z [1m[32m   Compiling[0m proc-macro-error-attr v1.0.4
build	Build libtruth_core.so	2025-10-16T21:36:37.3543096Z [1m[32m   Compiling[0m syn v1.0.109
build	Build libtruth_core.so	2025-10-16T21:36:37.4965648Z [1m[32m   Compiling[0m crc32fast v1.5.0
build	Build libtruth_core.so	2025-10-16T21:36:37.6970664Z [1m[32m   Compiling[0m regex v1.11.3
build	Build libtruth_core.so	2025-10-16T21:36:38.0517401Z [1m[32m   Compiling[0m rand_core v0.6.4
build	Build libtruth_core.so	2025-10-16T21:36:38.2514683Z [1m[32m   Compiling[0m tracing v0.1.41
build	Build libtruth_core.so	2025-10-16T21:36:38.3599566Z [1m[32m   Compiling[0m rand_chacha v0.9.0
build	Build libtruth_core.so	2025-10-16T21:36:38.7233219Z [1m[32m   Compiling[0m ahash v0.8.12
build	Build libtruth_core.so	2025-10-16T21:36:38.7704616Z [1m[32m   Compiling[0m proc-macro-error v1.0.4
build	Build libtruth_core.so	2025-10-16T21:36:38.8059407Z [1m[32m   Compiling[0m semver v1.0.27
build	Build libtruth_core.so	2025-10-16T21:36:38.8508517Z [1m[32m   Compiling[0m option-ext v0.2.0
build	Build libtruth_core.so	2025-10-16T21:36:38.8884415Z [1m[32m   Compiling[0m ryu v1.0.20
build	Build libtruth_core.so	2025-10-16T21:36:39.0361765Z [1m[32m   Compiling[0m adler2 v2.0.1
build	Build libtruth_core.so	2025-10-16T21:36:39.0980774Z [1m[32m   Compiling[0m simd-adler32 v0.3.7
build	Build libtruth_core.so	2025-10-16T21:36:39.1602271Z [1m[32m   Compiling[0m bitflags v2.9.4
build	Build libtruth_core.so	2025-10-16T21:36:39.2853636Z [1m[32m   Compiling[0m percent-encoding v2.3.2
build	Build libtruth_core.so	2025-10-16T21:36:39.4342429Z [1m[32m   Compiling[0m futures-sink v0.3.31
build	Build libtruth_core.so	2025-10-16T21:36:39.4804587Z [1m[32m   Compiling[0m serde_json v1.0.145
build	Build libtruth_core.so	2025-10-16T21:36:39.4908957Z [1m[32m   Compiling[0m local-waker v0.1.4
build	Build libtruth_core.so	2025-10-16T21:36:39.5403489Z [1m[32m   Compiling[0m miniz_oxide v0.8.9
build	Build libtruth_core.so	2025-10-16T21:36:39.5719082Z [1m[32m   Compiling[0m rustc_version v0.4.1
build	Build libtruth_core.so	2025-10-16T21:36:39.7817729Z [1m[32m   Compiling[0m dirs-sys v0.4.1
build	Build libtruth_core.so	2025-10-16T21:36:40.0278272Z [1m[32m   Compiling[0m icu_properties v2.0.1
build	Build libtruth_core.so	2025-10-16T21:36:40.0818473Z [1m[32m   Compiling[0m icu_normalizer v2.0.0
build	Build libtruth_core.so	2025-10-16T21:36:40.1412652Z [1m[32m   Compiling[0m rand v0.9.2
build	Build libtruth_core.so	2025-10-16T21:36:41.6138003Z [1m[32m   Compiling[0m sha2 v0.10.9
build	Build libtruth_core.so	2025-10-16T21:36:41.7505649Z [1m[32m   Compiling[0m powerfmt v0.2.0
build	Build libtruth_core.so	2025-10-16T21:36:41.9384564Z [1m[32m   Compiling[0m pkg-config v0.3.32
build	Build libtruth_core.so	2025-10-16T21:36:41.9886585Z [1m[32m   Compiling[0m same-file v1.0.6
build	Build libtruth_core.so	2025-10-16T21:36:42.0596632Z [1m[32m   Compiling[0m httparse v1.10.1
build	Build libtruth_core.so	2025-10-16T21:36:42.2353428Z [1m[32m   Compiling[0m fnv v1.0.7
build	Build libtruth_core.so	2025-10-16T21:36:42.2828362Z [1m[32m   Compiling[0m unicode-xid v0.2.6
build	Build libtruth_core.so	2025-10-16T21:36:42.3401862Z [1m[32m   Compiling[0m autocfg v1.5.0
build	Build libtruth_core.so	2025-10-16T21:36:42.3856031Z [1m[32m   Compiling[0m vcpkg v0.2.15
build	Build libtruth_core.so	2025-10-16T21:36:42.6506989Z [1m[32m   Compiling[0m num-traits v0.2.19
build	Build libtruth_core.so	2025-10-16T21:36:42.7328082Z [1m[32m   Compiling[0m derive_more-impl v2.0.1
build	Build libtruth_core.so	2025-10-16T21:36:42.8077559Z [1m[32m   Compiling[0m http v0.2.12
build	Build libtruth_core.so	2025-10-16T21:36:42.9590358Z [1m[32m   Compiling[0m libsqlite3-sys v0.28.0
build	Build libtruth_core.so	2025-10-16T21:36:43.2286195Z [1m[32m   Compiling[0m walkdir v2.5.0
build	Build libtruth_core.so	2025-10-16T21:36:43.8238915Z [1m[32m   Compiling[0m deranged v0.5.4
build	Build libtruth_core.so	2025-10-16T21:36:44.9400922Z [1m[32m   Compiling[0m flate2 v1.1.4
build	Build libtruth_core.so	2025-10-16T21:36:45.2810889Z [1m[32m   Compiling[0m idna_adapter v1.2.1
build	Build libtruth_core.so	2025-10-16T21:36:45.3853418Z [1m[32m   Compiling[0m dirs v5.0.1
build	Build libtruth_core.so	2025-10-16T21:36:45.4411319Z [1m[32m   Compiling[0m curve25519-dalek v4.1.3
build	Build libtruth_core.so	2025-10-16T21:36:45.4929463Z [1m[32m   Compiling[0m actix-rt v2.11.0
build	Build libtruth_core.so	2025-10-16T21:36:45.5003329Z [1m[32m   Compiling[0m tokio-util v0.7.16
build	Build libtruth_core.so	2025-10-16T21:36:46.1725424Z [1m[32m   Compiling[0m actix-utils v3.0.1
build	Build libtruth_core.so	2025-10-16T21:36:46.2686777Z [1m[32m   Compiling[0m form_urlencoded v1.2.2
build	Build libtruth_core.so	2025-10-16T21:36:46.4694310Z [1m[32m   Compiling[0m actix-service v2.0.3
build	Build libtruth_core.so	2025-10-16T21:36:46.6307997Z [1m[32m   Compiling[0m bytestring v1.5.0
build	Build libtruth_core.so	2025-10-16T21:36:46.7646484Z [1m[32m   Compiling[0m byteorder v1.5.0
build	Build libtruth_core.so	2025-10-16T21:36:46.8519802Z [1m[32m   Compiling[0m futures-task v0.3.31
build	Build libtruth_core.so	2025-10-16T21:36:46.9460885Z [1m[32m   Compiling[0m equivalent v1.0.2
build	Build libtruth_core.so	2025-10-16T21:36:46.9621619Z [1m[32m   Compiling[0m utf8_iter v1.0.4
build	Build libtruth_core.so	2025-10-16T21:36:46.9919535Z [1m[32m   Compiling[0m unicase v2.8.1
build	Build libtruth_core.so	2025-10-16T21:36:47.0690471Z [1m[32m   Compiling[0m num-conv v0.1.0
build	Build libtruth_core.so	2025-10-16T21:36:47.1228556Z [1m[32m   Compiling[0m pin-utils v0.1.0
build	Build libtruth_core.so	2025-10-16T21:36:47.1595804Z [1m[32m   Compiling[0m thiserror v1.0.69
build	Build libtruth_core.so	2025-10-16T21:36:47.1738834Z [1m[32m   Compiling[0m mime v0.3.17
build	Build libtruth_core.so	2025-10-16T21:36:47.3174860Z [1m[32m   Compiling[0m time-core v0.1.6
build	Build libtruth_core.so	2025-10-16T21:36:47.4327108Z [1m[32m   Compiling[0m hashbrown v0.16.0
build	Build libtruth_core.so	2025-10-16T21:36:48.0677694Z [1m[32m   Compiling[0m indexmap v2.11.4
build	Build libtruth_core.so	2025-10-16T21:36:48.6591633Z [1m[32m   Compiling[0m time v0.3.44
build	Build libtruth_core.so	2025-10-16T21:36:48.7124457Z [1m[32m   Compiling[0m futures-util v0.3.31
build	Build libtruth_core.so	2025-10-16T21:36:48.9250218Z [1m[32m   Compiling[0m mime_guess v2.0.5
build	Build libtruth_core.so	2025-10-16T21:36:49.2772619Z [1m[32m   Compiling[0m idna v1.1.0
build	Build libtruth_core.so	2025-10-16T21:36:49.3819910Z [1m[32m   Compiling[0m zip v0.6.6
build	Build libtruth_core.so	2025-10-16T21:36:49.9178021Z [1m[32m   Compiling[0m actix-codec v0.5.2
build	Build libtruth_core.so	2025-10-16T21:36:50.4026298Z [1m[32m   Compiling[0m derive_more v2.0.1
build	Build libtruth_core.so	2025-10-16T21:36:50.4550440Z [1m[32m   Compiling[0m hashbrown v0.14.5
build	Build libtruth_core.so	2025-10-16T21:36:50.6022176Z [1m[32m   Compiling[0m shellexpand v3.1.1
build	Build libtruth_core.so	2025-10-16T21:36:50.7271027Z [1m[32m   Compiling[0m utoipa-gen v4.3.1
build	Build libtruth_core.so	2025-10-16T21:36:50.7997785Z [1m[32m   Compiling[0m rust-embed-utils v8.7.2
build	Build libtruth_core.so	2025-10-16T21:36:51.4486453Z [1m[32m   Compiling[0m local-channel v0.1.5
build	Build libtruth_core.so	2025-10-16T21:36:51.5291298Z [1m[32m   Compiling[0m blake3 v1.8.2
build	Build libtruth_core.so	2025-10-16T21:36:51.7075151Z [1m[32m   Compiling[0m thiserror-impl v1.0.69
build	Build libtruth_core.so	2025-10-16T21:36:51.9494837Z [1m[32m   Compiling[0m sha1 v0.10.6
build	Build libtruth_core.so	2025-10-16T21:36:52.2513030Z [1m[32m   Compiling[0m socket2 v0.5.10
build	Build libtruth_core.so	2025-10-16T21:36:52.7155974Z [1m[32m   Compiling[0m android_system_properties v0.1.5
build	Build libtruth_core.so	2025-10-16T21:36:52.8213347Z [1m[32m   Compiling[0m encoding_rs v0.8.35
build	Build libtruth_core.so	2025-10-16T21:36:53.1212472Z [1m[32m   Compiling[0m base64 v0.22.1
build	Build libtruth_core.so	2025-10-16T21:36:53.6190571Z [1m[32m   Compiling[0m httpdate v1.0.3
build	Build libtruth_core.so	2025-10-16T21:36:53.9233098Z [1m[32m   Compiling[0m language-tags v0.3.2
build	Build libtruth_core.so	2025-10-16T21:36:54.9654024Z [1m[32m   Compiling[0m regex-lite v0.1.7
build	Build libtruth_core.so	2025-10-16T21:36:55.5050439Z [1m[32m   Compiling[0m foldhash v0.1.5
build	Build libtruth_core.so	2025-10-16T21:36:55.7491252Z [1m[32m   Compiling[0m base64ct v1.7.3
build	Build libtruth_core.so	2025-10-16T21:36:56.0131693Z [1m[32m   Compiling[0m zeroize v1.8.2
build	Build libtruth_core.so	2025-10-16T21:36:56.1366801Z [1m[32m   Compiling[0m signature v2.2.0
build	Build libtruth_core.so	2025-10-16T21:36:56.2197374Z [1m[32m   Compiling[0m ed25519 v2.2.3
build	Build libtruth_core.so	2025-10-16T21:36:58.0254026Z [1m[32m   Compiling[0m password-hash v0.5.0
build	Build libtruth_core.so	2025-10-16T21:36:58.4408402Z [1m[32m   Compiling[0m actix-http v3.11.2
build	Build libtruth_core.so	2025-10-16T21:36:59.0561467Z [1m[32m   Compiling[0m actix-router v0.5.3
build	Build libtruth_core.so	2025-10-16T21:36:59.7526450Z [1m[32m   Compiling[0m utoipa v4.2.3
build	Build libtruth_core.so	2025-10-16T21:37:01.3172384Z [1m[32m   Compiling[0m iana-time-zone v0.1.64
build	Build libtruth_core.so	2025-10-16T21:37:01.4639417Z [1m[32m   Compiling[0m actix-server v2.6.0
build	Build libtruth_core.so	2025-10-16T21:37:09.4479056Z [1m[32m   Compiling[0m hashlink v0.9.1
build	Build libtruth_core.so	2025-10-16T21:37:09.7861454Z [1m[32m   Compiling[0m rust-embed-impl v8.7.2
build	Build libtruth_core.so	2025-10-16T21:37:10.5610677Z [1m[32m   Compiling[0m utoipa-swagger-ui v5.0.0
build	Build libtruth_core.so	2025-10-16T21:37:11.1565488Z [1m[32m   Compiling[0m url v2.5.7
build	Build libtruth_core.so	2025-10-16T21:37:11.6374788Z [1m[32m   Compiling[0m serde_urlencoded v0.7.1
build	Build libtruth_core.so	2025-10-16T21:37:11.8650684Z [1m[32m   Compiling[0m rand_chacha v0.3.1
build	Build libtruth_core.so	2025-10-16T21:37:12.6146558Z [1m[32m   Compiling[0m blake2 v0.10.6
build	Build libtruth_core.so	2025-10-16T21:37:13.1204827Z [1m[32m   Compiling[0m arrayref v0.3.9
build	Build libtruth_core.so	2025-10-16T21:37:13.1572901Z [1m[32m   Compiling[0m constant_time_eq v0.3.1
build	Build libtruth_core.so	2025-10-16T21:37:13.3694387Z [1m[32m   Compiling[0m anyhow v1.0.100
build	Build libtruth_core.so	2025-10-16T21:37:13.5403823Z [1m[32m   Compiling[0m fallible-iterator v0.3.0
build	Build libtruth_core.so	2025-10-16T21:37:13.6279907Z [1m[32m   Compiling[0m arrayvec v0.7.6
build	Build libtruth_core.so	2025-10-16T21:37:13.8211344Z [1m[32m   Compiling[0m impl-more v0.1.9
build	Build libtruth_core.so	2025-10-16T21:37:13.8611464Z [1m[32m   Compiling[0m fallible-streaming-iterator v0.1.9
build	Build libtruth_core.so	2025-10-16T21:37:13.9608586Z [1m[32m   Compiling[0m actix-web v4.11.0
build	Build libtruth_core.so	2025-10-16T21:37:14.9174220Z [1m[32m   Compiling[0m argon2 v0.5.3
build	Build libtruth_core.so	2025-10-16T21:37:15.2886970Z [1m[32m   Compiling[0m rand v0.8.5
build	Build libtruth_core.so	2025-10-16T21:37:16.0409578Z [1m[32m   Compiling[0m rust-embed v8.7.2
build	Build libtruth_core.so	2025-10-16T21:37:16.3360792Z [1m[32m   Compiling[0m chrono v0.4.42
build	Build libtruth_core.so	2025-10-16T21:37:16.5249542Z [1m[32m   Compiling[0m ed25519-dalek v2.2.0
build	Build libtruth_core.so	2025-10-16T21:37:17.0254473Z [1m[32m   Compiling[0m uuid v1.18.1
build	Build libtruth_core.so	2025-10-16T21:37:18.1845362Z [1m[32m   Compiling[0m combine v4.6.7
build	Build libtruth_core.so	2025-10-16T21:37:21.1202550Z [1m[32m   Compiling[0m cesu8 v1.1.0
build	Build libtruth_core.so	2025-10-16T21:37:21.3221529Z [1m[32m   Compiling[0m jni-sys v0.3.0
build	Build libtruth_core.so	2025-10-16T21:37:22.5326277Z [1m[32m   Compiling[0m jni v0.21.1
build	Build libtruth_core.so	2025-10-16T21:37:26.1390294Z [1m[32m   Compiling[0m hex v0.4.3
build	Build libtruth_core.so	2025-10-16T21:37:31.3197657Z [1m[32m   Compiling[0m rusqlite v0.31.0
build	Build libtruth_core.so	2025-10-16T21:37:31.8743800Z [1m[32m   Compiling[0m core_lib v0.4.0-pre (/home/runner/work/truth-android-client/truth-android-client/truth-core/core-lib)
build	Build libtruth_core.so	2025-10-16T21:37:34.8289894Z [1m[32m   Compiling[0m truth_core v0.4.0-pre (/home/runner/work/truth-android-client/truth-android-client/truth-core)
build	Build libtruth_core.so	2025-10-16T21:37:35.4244818Z [1m[32m    Finished[0m `release` profile [optimized] target(s) in 1m 23s
build	Build libtruth_core.so	2025-10-16T21:37:35.4980918Z Building truth_core library for x86_64-linux-android...
build	Build libtruth_core.so	2025-10-16T21:37:35.6110494Z info: downloading component 'rust-std' for 'x86_64-linux-android'
build	Build libtruth_core.so	2025-10-16T21:37:36.0499733Z info: installing component 'rust-std' for 'x86_64-linux-android'
build	Build libtruth_core.so	2025-10-16T21:37:38.0460921Z [1m[32m   Compiling[0m cfg-if v1.0.3
build	Build libtruth_core.so	2025-10-16T21:37:38.0461678Z [1m[32m   Compiling[0m libc v0.2.176
build	Build libtruth_core.so	2025-10-16T21:37:38.0462353Z [1m[32m   Compiling[0m typenum v1.19.0
build	Build libtruth_core.so	2025-10-16T21:37:38.0463132Z [1m[32m   Compiling[0m generic-array v0.14.7
build	Build libtruth_core.so	2025-10-16T21:37:38.0639520Z [1m[32m   Compiling[0m smallvec v1.15.1
build	Build libtruth_core.so	2025-10-16T21:37:38.0767357Z [1m[32m   Compiling[0m zerocopy v0.8.27
build	Build libtruth_core.so	2025-10-16T21:37:38.0943298Z [1m[32m   Compiling[0m zerofrom v0.1.6
build	Build libtruth_core.so	2025-10-16T21:37:38.1836900Z [1m[32m   Compiling[0m stable_deref_trait v1.2.0
build	Build libtruth_core.so	2025-10-16T21:37:38.2184209Z [1m[32m   Compiling[0m yoke v0.8.0
build	Build libtruth_core.so	2025-10-16T21:37:38.3520030Z [1m[32m   Compiling[0m subtle v2.6.1
build	Build libtruth_core.so	2025-10-16T21:37:38.4556527Z [1m[32m   Compiling[0m serde_core v1.0.228
build	Build libtruth_core.so	2025-10-16T21:37:38.4741106Z [1m[32m   Compiling[0m bytes v1.10.1
build	Build libtruth_core.so	2025-10-16T21:37:38.6391992Z [1m[32m   Compiling[0m pin-project-lite v0.2.16
build	Build libtruth_core.so	2025-10-16T21:37:38.6844629Z [1m[32m   Compiling[0m once_cell v1.21.3
build	Build libtruth_core.so	2025-10-16T21:37:38.8499038Z [1m[32m   Compiling[0m zerovec v0.11.4
build	Build libtruth_core.so	2025-10-16T21:37:39.3024897Z [1m[32m   Compiling[0m crypto-common v0.1.6
build	Build libtruth_core.so	2025-10-16T21:37:39.3726960Z [1m[32m   Compiling[0m block-buffer v0.10.4
build	Build libtruth_core.so	2025-10-16T21:37:39.4602500Z [1m[32m   Compiling[0m digest v0.10.7
build	Build libtruth_core.so	2025-10-16T21:37:39.6500117Z [1m[32m   Compiling[0m log v0.4.28
build	Build libtruth_core.so	2025-10-16T21:37:39.8256606Z [1m[32m   Compiling[0m cpufeatures v0.2.17
build	Build libtruth_core.so	2025-10-16T21:37:39.8606377Z [1m[32m   Compiling[0m serde v1.0.228
build	Build libtruth_core.so	2025-10-16T21:37:39.8785975Z [1m[32m   Compiling[0m parking_lot_core v0.9.12
build	Build libtruth_core.so	2025-10-16T21:37:39.8835865Z [1m[32m   Compiling[0m futures-core v0.3.31
build	Build libtruth_core.so	2025-10-16T21:37:39.9553778Z [1m[32m   Compiling[0m scopeguard v1.2.0
build	Build libtruth_core.so	2025-10-16T21:37:39.9704886Z [1m[32m   Compiling[0m itoa v1.0.15
build	Build libtruth_core.so	2025-10-16T21:37:40.0017397Z [1m[32m   Compiling[0m lock_api v0.4.14
build	Build libtruth_core.so	2025-10-16T21:37:40.0549910Z [1m[32m   Compiling[0m tinystr v0.8.1
build	Build libtruth_core.so	2025-10-16T21:37:40.1654207Z [1m[32m   Compiling[0m ppv-lite86 v0.2.21
build	Build libtruth_core.so	2025-10-16T21:37:40.1921581Z [1m[32m   Compiling[0m getrandom v0.3.3
build	Build libtruth_core.so	2025-10-16T21:37:40.2226278Z [1m[32m   Compiling[0m writeable v0.6.1
build	Build libtruth_core.so	2025-10-16T21:37:40.5230066Z [1m[32m   Compiling[0m litemap v0.8.0
build	Build libtruth_core.so	2025-10-16T21:37:40.5258047Z [1m[32m   Compiling[0m memchr v2.7.6
build	Build libtruth_core.so	2025-10-16T21:37:40.7174790Z [1m[32m   Compiling[0m icu_locale_core v2.0.0
build	Build libtruth_core.so	2025-10-16T21:37:40.7279561Z [1m[32m   Compiling[0m parking_lot v0.12.5
build	Build libtruth_core.so	2025-10-16T21:37:41.8051161Z [1m[32m   Compiling[0m potential_utf v0.1.3
build	Build libtruth_core.so	2025-10-16T21:37:41.9178863Z [1m[32m   Compiling[0m mio v1.0.4
build	Build libtruth_core.so	2025-10-16T21:37:41.9682244Z [1m[32m   Compiling[0m zerotrie v0.2.2
build	Build libtruth_core.so	2025-10-16T21:37:42.3632769Z [1m[32m   Compiling[0m socket2 v0.6.0
build	Build libtruth_core.so	2025-10-16T21:37:42.5411506Z [1m[32m   Compiling[0m signal-hook-registry v1.4.6
build	Build libtruth_core.so	2025-10-16T21:37:42.6808716Z [1m[32m   Compiling[0m icu_properties_data v2.0.1
build	Build libtruth_core.so	2025-10-16T21:37:42.6856443Z [1m[32m   Compiling[0m icu_normalizer_data v2.0.0
build	Build libtruth_core.so	2025-10-16T21:37:42.6948063Z [1m[32m   Compiling[0m tokio v1.47.1
build	Build libtruth_core.so	2025-10-16T21:37:43.1843854Z [1m[32m   Compiling[0m icu_provider v2.0.0
build	Build libtruth_core.so	2025-10-16T21:37:43.2632452Z [1m[32m   Compiling[0m icu_collections v2.0.0
build	Build libtruth_core.so	2025-10-16T21:37:43.5298787Z [1m[32m   Compiling[0m rand_core v0.9.3
build	Build libtruth_core.so	2025-10-16T21:37:43.5644945Z [1m[32m   Compiling[0m tracing-core v0.1.34
build	Build libtruth_core.so	2025-10-16T21:37:43.7239023Z [1m[32m   Compiling[0m getrandom v0.2.16
build	Build libtruth_core.so	2025-10-16T21:37:43.8901314Z [1m[32m   Compiling[0m rand_core v0.6.4
build	Build libtruth_core.so	2025-10-16T21:37:43.9688019Z [1m[32m   Compiling[0m tracing v0.1.41
build	Build libtruth_core.so	2025-10-16T21:37:44.0754896Z [1m[32m   Compiling[0m rand_chacha v0.9.0
build	Build libtruth_core.so	2025-10-16T21:37:44.4149032Z [1m[32m   Compiling[0m futures-sink v0.3.31
build	Build libtruth_core.so	2025-10-16T21:37:44.4676619Z [1m[32m   Compiling[0m percent-encoding v2.3.2
build	Build libtruth_core.so	2025-10-16T21:37:44.5963624Z [1m[32m   Compiling[0m ryu v1.0.20
build	Build libtruth_core.so	2025-10-16T21:37:44.6256618Z [1m[32m   Compiling[0m local-waker v0.1.4
build	Build libtruth_core.so	2025-10-16T21:37:44.6473989Z [1m[32m   Compiling[0m bitflags v2.9.4
build	Build libtruth_core.so	2025-10-16T21:37:44.6709739Z [1m[32m   Compiling[0m serde_json v1.0.145
build	Build libtruth_core.so	2025-10-16T21:37:44.6765439Z [1m[32m   Compiling[0m ahash v0.8.12
build	Build libtruth_core.so	2025-10-16T21:37:44.6936882Z [1m[32m   Compiling[0m icu_properties v2.0.1
build	Build libtruth_core.so	2025-10-16T21:37:44.8697022Z [1m[32m   Compiling[0m icu_normalizer v2.0.0
build	Build libtruth_core.so	2025-10-16T21:37:44.9403454Z [1m[32m   Compiling[0m rand v0.9.2
build	Build libtruth_core.so	2025-10-16T21:37:45.6754783Z [1m[32m   Compiling[0m sha2 v0.10.9
build	Build libtruth_core.so	2025-10-16T21:37:46.2674224Z [1m[32m   Compiling[0m fnv v1.0.7
build	Build libtruth_core.so	2025-10-16T21:37:46.3138824Z [1m[32m   Compiling[0m powerfmt v0.2.0
build	Build libtruth_core.so	2025-10-16T21:37:46.4670588Z [1m[32m   Compiling[0m tokio-util v0.7.16
build	Build libtruth_core.so	2025-10-16T21:37:46.5037594Z [1m[32m   Compiling[0m actix-rt v2.11.0
build	Build libtruth_core.so	2025-10-16T21:37:47.3800703Z [1m[32m   Compiling[0m deranged v0.5.4
build	Build libtruth_core.so	2025-10-16T21:37:47.4815369Z [1m[32m   Compiling[0m httparse v1.10.1
build	Build libtruth_core.so	2025-10-16T21:37:47.4976984Z [1m[32m   Compiling[0m http v0.2.12
build	Build libtruth_core.so	2025-10-16T21:37:48.7592175Z [1m[32m   Compiling[0m idna_adapter v1.2.1
build	Build libtruth_core.so	2025-10-16T21:37:49.5227060Z [1m[32m   Compiling[0m actix-utils v3.0.1
build	Build libtruth_core.so	2025-10-16T21:37:49.6079135Z [1m[32m   Compiling[0m form_urlencoded v1.2.2
build	Build libtruth_core.so	2025-10-16T21:37:49.8218649Z [1m[32m   Compiling[0m actix-service v2.0.3
build	Build libtruth_core.so	2025-10-16T21:37:50.0030697Z [1m[32m   Compiling[0m bytestring v1.5.0
build	Build libtruth_core.so	2025-10-16T21:37:50.1299834Z [1m[32m   Compiling[0m same-file v1.0.6
build	Build libtruth_core.so	2025-10-16T21:37:50.1661800Z [1m[32m   Compiling[0m hashbrown v0.16.0
build	Build libtruth_core.so	2025-10-16T21:37:50.2220832Z [1m[32m   Compiling[0m mime v0.3.17
build	Build libtruth_core.so	2025-10-16T21:37:50.6845921Z [1m[32m   Compiling[0m pin-utils v0.1.0
build	Build libtruth_core.so	2025-10-16T21:37:50.7166084Z [1m[32m   Compiling[0m time-core v0.1.6
build	Build libtruth_core.so	2025-10-16T21:37:50.8074927Z [1m[32m   Compiling[0m num-conv v0.1.0
build	Build libtruth_core.so	2025-10-16T21:37:50.8285332Z [1m[32m   Compiling[0m utf8_iter v1.0.4
build	Build libtruth_core.so	2025-10-16T21:37:50.9020589Z [1m[32m   Compiling[0m equivalent v1.0.2
build	Build libtruth_core.so	2025-10-16T21:37:50.9282585Z [1m[32m   Compiling[0m futures-task v0.3.31
build	Build libtruth_core.so	2025-10-16T21:37:50.9384079Z [1m[32m   Compiling[0m thiserror v1.0.69
build	Build libtruth_core.so	2025-10-16T21:37:50.9783645Z [1m[32m   Compiling[0m indexmap v2.11.4
build	Build libtruth_core.so	2025-10-16T21:37:51.0282395Z [1m[32m   Compiling[0m futures-util v0.3.31
build	Build libtruth_core.so	2025-10-16T21:37:51.8139151Z [1m[32m   Compiling[0m idna v1.1.0
build	Build libtruth_core.so	2025-10-16T21:37:51.9437615Z [1m[32m   Compiling[0m time v0.3.44
build	Build libtruth_core.so	2025-10-16T21:37:52.2772469Z [1m[32m   Compiling[0m walkdir v2.5.0
build	Build libtruth_core.so	2025-10-16T21:37:52.9393421Z [1m[32m   Compiling[0m curve25519-dalek v4.1.3
build	Build libtruth_core.so	2025-10-16T21:37:52.9691397Z [1m[32m   Compiling[0m hashbrown v0.14.5
build	Build libtruth_core.so	2025-10-16T21:37:53.5235941Z [1m[32m   Compiling[0m libsqlite3-sys v0.28.0
build	Build libtruth_core.so	2025-10-16T21:37:53.6234853Z [1m[32m   Compiling[0m actix-codec v0.5.2
build	Build libtruth_core.so	2025-10-16T21:37:53.9621921Z [1m[32m   Compiling[0m num-traits v0.2.19
build	Build libtruth_core.so	2025-10-16T21:37:53.9937752Z [1m[32m   Compiling[0m derive_more v2.0.1
build	Build libtruth_core.so	2025-10-16T21:37:54.0291581Z [1m[32m   Compiling[0m local-channel v0.1.5
build	Build libtruth_core.so	2025-10-16T21:37:54.0409655Z [1m[32m   Compiling[0m sha1 v0.10.6
build	Build libtruth_core.so	2025-10-16T21:37:54.1026427Z [1m[32m   Compiling[0m android_system_properties v0.1.5
build	Build libtruth_core.so	2025-10-16T21:37:54.2023431Z [1m[32m   Compiling[0m socket2 v0.5.10
build	Build libtruth_core.so	2025-10-16T21:37:54.3379550Z [1m[32m   Compiling[0m encoding_rs v0.8.35
build	Build libtruth_core.so	2025-10-16T21:37:54.3776674Z [1m[32m   Compiling[0m curve25519-dalek-derive v0.1.1
build	Build libtruth_core.so	2025-10-16T21:37:54.8313793Z [1m[32m   Compiling[0m foldhash v0.1.5
build	Build libtruth_core.so	2025-10-16T21:37:54.9566364Z [1m[32m   Compiling[0m signature v2.2.0
build	Build libtruth_core.so	2025-10-16T21:37:55.0297868Z [1m[32m   Compiling[0m regex-lite v0.1.7
build	Build libtruth_core.so	2025-10-16T21:37:55.0572484Z [1m[32m   Compiling[0m base64 v0.22.1
build	Build libtruth_core.so	2025-10-16T21:37:55.5254400Z [1m[32m   Compiling[0m httpdate v1.0.3
build	Build libtruth_core.so	2025-10-16T21:37:55.8211944Z [1m[32m   Compiling[0m base64ct v1.7.3
build	Build libtruth_core.so	2025-10-16T21:37:56.0798086Z [1m[32m   Compiling[0m language-tags v0.3.2
build	Build libtruth_core.so	2025-10-16T21:37:57.5908627Z [1m[32m   Compiling[0m zeroize v1.8.2
build	Build libtruth_core.so	2025-10-16T21:37:57.9642734Z [1m[32m   Compiling[0m actix-http v3.11.2
build	Build libtruth_core.so	2025-10-16T21:37:59.7348171Z [1m[32m   Compiling[0m password-hash v0.5.0
build	Build libtruth_core.so	2025-10-16T21:38:00.7144426Z [1m[32m   Compiling[0m actix-router v0.5.3
build	Build libtruth_core.so	2025-10-16T21:38:01.1272787Z [1m[32m   Compiling[0m ed25519 v2.2.3
build	Build libtruth_core.so	2025-10-16T21:38:01.3326650Z [1m[32m   Compiling[0m actix-server v2.6.0
build	Build libtruth_core.so	2025-10-16T21:38:02.5796917Z [1m[32m   Compiling[0m iana-time-zone v0.1.64
build	Build libtruth_core.so	2025-10-16T21:38:02.6545230Z [1m[32m   Compiling[0m blake3 v1.8.2
build	Build libtruth_core.so	2025-10-16T21:38:04.0111380Z [1m[32m   Compiling[0m hashlink v0.9.1
build	Build libtruth_core.so	2025-10-16T21:38:04.3198469Z [1m[32m   Compiling[0m utoipa v4.2.3
build	Build libtruth_core.so	2025-10-16T21:38:04.8189233Z [1m[32m   Compiling[0m rust-embed-utils v8.7.2
build	Build libtruth_core.so	2025-10-16T21:38:04.9978313Z [1m[32m   Compiling[0m url v2.5.7
build	Build libtruth_core.so	2025-10-16T21:38:07.7967984Z [1m[32m   Compiling[0m mime_guess v2.0.5
build	Build libtruth_core.so	2025-10-16T21:38:07.8132594Z [1m[32m   Compiling[0m serde_urlencoded v0.7.1
build	Build libtruth_core.so	2025-10-16T21:38:08.0307100Z [1m[32m   Compiling[0m rand_chacha v0.3.1
build	Build libtruth_core.so	2025-10-16T21:38:08.5563314Z [1m[32m   Compiling[0m blake2 v0.10.6
build	Build libtruth_core.so	2025-10-16T21:38:08.5945500Z [1m[32m   Compiling[0m constant_time_eq v0.3.1
build	Build libtruth_core.so	2025-10-16T21:38:08.6482528Z [1m[32m   Compiling[0m impl-more v0.1.9
build	Build libtruth_core.so	2025-10-16T21:38:08.6829547Z [1m[32m   Compiling[0m fallible-iterator v0.3.0
build	Build libtruth_core.so	2025-10-16T21:38:09.0103842Z [1m[32m   Compiling[0m fallible-streaming-iterator v0.1.9
build	Build libtruth_core.so	2025-10-16T21:38:09.0975552Z [1m[32m   Compiling[0m arrayvec v0.7.6
build	Build libtruth_core.so	2025-10-16T21:38:09.1082692Z [1m[32m   Compiling[0m arrayref v0.3.9
build	Build libtruth_core.so	2025-10-16T21:38:09.1410557Z [1m[32m   Compiling[0m unicase v2.8.1
build	Build libtruth_core.so	2025-10-16T21:38:10.0850707Z [1m[32m   Compiling[0m argon2 v0.5.3
build	Build libtruth_core.so	2025-10-16T21:38:10.1243447Z [1m[32m   Compiling[0m actix-web v4.11.0
build	Build libtruth_core.so	2025-10-16T21:38:11.2213855Z [1m[32m   Compiling[0m anyhow v1.0.100
build	Build libtruth_core.so	2025-10-16T21:38:11.2778711Z [1m[32m   Compiling[0m rand v0.8.5
build	Build libtruth_core.so	2025-10-16T21:38:12.1109842Z [1m[32m   Compiling[0m rust-embed v8.7.2
build	Build libtruth_core.so	2025-10-16T21:38:12.1552506Z [1m[32m   Compiling[0m utoipa-swagger-ui v5.0.0
build	Build libtruth_core.so	2025-10-16T21:38:12.3945701Z [1m[32m   Compiling[0m chrono v0.4.42
build	Build libtruth_core.so	2025-10-16T21:38:15.6056021Z [1m[32m   Compiling[0m ed25519-dalek v2.2.0
build	Build libtruth_core.so	2025-10-16T21:38:16.0244840Z [1m[32m   Compiling[0m uuid v1.18.1
build	Build libtruth_core.so	2025-10-16T21:38:16.6693706Z [1m[32m   Compiling[0m combine v4.6.7
build	Build libtruth_core.so	2025-10-16T21:38:16.7739777Z [1m[32m   Compiling[0m jni-sys v0.3.0
build	Build libtruth_core.so	2025-10-16T21:38:16.8288348Z [1m[32m   Compiling[0m cesu8 v1.1.0
build	Build libtruth_core.so	2025-10-16T21:38:20.9287115Z [1m[32m   Compiling[0m jni v0.21.1
build	Build libtruth_core.so	2025-10-16T21:38:21.4851877Z [1m[32m   Compiling[0m hex v0.4.3
build	Build libtruth_core.so	2025-10-16T21:38:30.0734942Z [1m[32m   Compiling[0m rusqlite v0.31.0
build	Build libtruth_core.so	2025-10-16T21:38:30.6231348Z [1m[32m   Compiling[0m core_lib v0.4.0-pre (/home/runner/work/truth-android-client/truth-android-client/truth-core/core-lib)
build	Build libtruth_core.so	2025-10-16T21:38:33.4652451Z [1m[32m   Compiling[0m truth_core v0.4.0-pre (/home/runner/work/truth-android-client/truth-android-client/truth-core)
build	Build libtruth_core.so	2025-10-16T21:38:33.9748934Z [1m[32m    Finished[0m `release` profile [optimized] target(s) in 56.09s
build	Build libtruth_core.so	2025-10-16T21:38:34.0023439Z â Build complete. Libraries in ./android-libs/
build	Build libtruth_core.so	2025-10-16T21:38:34.0066959Z cp: cannot stat 'target/armv7-linux-androideabi/release/libtruth_core.so': No such file or directory
build	Build Debug APK	ï»¿2025-10-16T21:38:34.0096053Z ##[group]Run cd app
build	Build Debug APK	2025-10-16T21:38:34.0096280Z [36;1mcd app[0m
build	Build Debug APK	2025-10-16T21:38:34.0096474Z [36;1mmkdir -p ~/.android[0m
build	Build Debug APK	2025-10-16T21:38:34.0097554Z [36;1mkeytool -genkeypair -v -keystore ~/.android/debug.keystore -storepass android -keypass android -keyalg RSA -keysize 2048 -validity 10000 -alias androiddebugkey -dname "CN=Truth, OU=AI, O=TruthTraining, L=Earth, S=World, C=US"[0m
build	Build Debug APK	2025-10-16T21:38:34.0098388Z [36;1mcd ..[0m
build	Build Debug APK	2025-10-16T21:38:34.0098582Z [36;1m./gradlew assembleDebug[0m
build	Build Debug APK	2025-10-16T21:38:34.0130194Z shell: /usr/bin/bash -e {0}
build	Build Debug APK	2025-10-16T21:38:34.0130430Z env:
build	Build Debug APK	2025-10-16T21:38:34.0130710Z   JAVA_HOME: /opt/hostedtoolcache/Java_Temurin-Hotspot_jdk/17.0.16-8/x64
build	Build Debug APK	2025-10-16T21:38:34.0131161Z   JAVA_HOME_17_X64: /opt/hostedtoolcache/Java_Temurin-Hotspot_jdk/17.0.16-8/x64
build	Build Debug APK	2025-10-16T21:38:34.0131533Z   ANDROID_SDK_ROOT: /usr/local/lib/android/sdk
build	Build Debug APK	2025-10-16T21:38:34.0131803Z   ANDROID_HOME: /usr/local/lib/android/sdk
build	Build Debug APK	2025-10-16T21:38:34.0132102Z   ANDROID_NDK_HOME: /usr/local/lib/android/sdk/ndk/26.1.10909125
build	Build Debug APK	2025-10-16T21:38:34.0132481Z   ANDROID_NDK_ROOT: /usr/local/lib/android/sdk/ndk/26.1.10909125
build	Build Debug APK	2025-10-16T21:38:34.0132808Z   NDK_HOME: /usr/local/lib/android/sdk/ndk/26.1.10909125
build	Build Debug APK	2025-10-16T21:38:34.0133081Z   CARGO_HOME: /home/runner/.cargo
build	Build Debug APK	2025-10-16T21:38:34.0133306Z   CARGO_INCREMENTAL: 0
build	Build Debug APK	2025-10-16T21:38:34.0133511Z   CARGO_TERM_COLOR: always
build	Build Debug APK	2025-10-16T21:38:34.0133724Z ##[endgroup]
build	Build Debug APK	2025-10-16T21:38:34.5304325Z Generating 2,048 bit RSA key pair and self-signed certificate (SHA256withRSA) with a validity of 10,000 days
build	Build Debug APK	2025-10-16T21:38:34.5306529Z 	for: CN=Truth, OU=AI, O=TruthTraining, L=Earth, ST=World, C=US
build	Build Debug APK	2025-10-16T21:38:34.6283143Z [Storing /home/runner/.android/debug.keystore]
build	Build Debug APK	2025-10-16T21:38:34.7878110Z Downloading https://services.gradle.org/distributions/gradle-9.0-milestone-1-bin.zip
build	Build Debug APK	2025-10-16T21:38:36.3969659Z .............10%.............20%.............30%.............40%.............50%.............60%.............70%.............80%.............90%..............100%
build	Build Debug APK	2025-10-16T21:38:37.5836501Z 
build	Build Debug APK	2025-10-16T21:38:37.5837065Z Welcome to Gradle 9.0-milestone-1!
build	Build Debug APK	2025-10-16T21:38:37.5838399Z 
build	Build Debug APK	2025-10-16T21:38:37.5846361Z For more details see https://docs.gradle.org/9.0-milestone-1/release-notes.html
build	Build Debug APK	2025-10-16T21:38:37.5852350Z 
build	Build Debug APK	2025-10-16T21:38:37.6826008Z Starting a Gradle Daemon (subsequent builds will be faster)
build	Build Debug APK	2025-10-16T21:40:26.5837572Z > Task :app:preBuild UP-TO-DATE
build	Build Debug APK	2025-10-16T21:40:26.5838175Z > Task :app:preLocalDebugBuild UP-TO-DATE
build	Build Debug APK	2025-10-16T21:40:26.5840343Z > Task :app:mergeLocalDebugNativeDebugMetadata NO-SOURCE
build	Build Debug APK	2025-10-16T21:40:26.5842450Z > Task :app:checkKotlinGradlePluginConfigurationErrors SKIPPED
build	Build Debug APK	2025-10-16T21:40:56.5826064Z > Task :app:dataBindingMergeDependencyArtifactsLocalDebug
build	Build Debug APK	2025-10-16T21:41:22.9834199Z > Task :app:generateLocalDebugResValues
build	Build Debug APK	2025-10-16T21:41:22.9836625Z > Task :app:generateLocalDebugResources
build	Build Debug APK	2025-10-16T21:41:24.4825727Z > Task :app:packageLocalDebugResources
build	Build Debug APK	2025-10-16T21:41:25.3825738Z > Task :app:mergeLocalDebugResources
build	Build Debug APK	2025-10-16T21:41:26.1826965Z > Task :app:generateLocalDebugBuildConfig
build	Build Debug APK	2025-10-16T21:41:26.2844506Z > Task :app:parseLocalDebugLocalResources
build	Build Debug APK	2025-10-16T21:41:26.2845149Z > Task :app:checkLocalDebugAarMetadata
build	Build Debug APK	2025-10-16T21:41:26.5826935Z > Task :app:dataBindingGenBaseClassesLocalDebug
build	Build Debug APK	2025-10-16T21:41:26.5827802Z > Task :app:mapLocalDebugSourceSetPaths
build	Build Debug APK	2025-10-16T21:41:26.5828720Z > Task :app:createLocalDebugCompatibleScreenManifests
build	Build Debug APK	2025-10-16T21:41:26.5829379Z > Task :app:extractDeepLinksLocalDebug
build	Build Debug APK	2025-10-16T21:41:26.7825596Z > Task :app:processLocalDebugMainManifest
build	Build Debug APK	2025-10-16T21:41:26.8826002Z > Task :app:processLocalDebugManifest
build	Build Debug APK	2025-10-16T21:41:26.8828113Z > Task :app:processLocalDebugManifestForPackage
build	Build Debug APK	2025-10-16T21:41:26.9824446Z > Task :app:javaPreCompileLocalDebug
build	Build Debug APK	2025-10-16T21:41:28.8826738Z > Task :app:mergeLocalDebugShaders
build	Build Debug APK	2025-10-16T21:41:28.8828080Z > Task :app:compileLocalDebugShaders NO-SOURCE
build	Build Debug APK	2025-10-16T21:41:28.8828922Z > Task :app:generateLocalDebugAssets UP-TO-DATE
build	Build Debug APK	2025-10-16T21:41:28.9825190Z > Task :app:mergeLocalDebugAssets
build	Build Debug APK	2025-10-16T21:41:28.9831100Z > Task :app:compressLocalDebugAssets
build	Build Debug APK	2025-10-16T21:41:29.7825078Z > Task :app:processLocalDebugResources
build	Build Debug APK	2025-10-16T21:41:31.5868601Z > Task :app:checkLocalDebugDuplicateClasses
build	Build Debug APK	2025-10-16T21:41:38.7832985Z > Task :app:desugarLocalDebugFileDependencies
build	Build Debug APK	2025-10-16T21:41:45.5858181Z 
build	Build Debug APK	2025-10-16T21:41:45.5888256Z > Task :app:kaptGenerateStubsLocalDebugKotlin
build	Build Debug APK	2025-10-16T21:41:45.5889231Z w: Kapt currently doesn't support language version 2.0+. Falling back to 1.9.
build	Build Debug APK	2025-10-16T21:42:08.7851067Z 
build	Build Debug APK	2025-10-16T21:42:08.7851966Z > Task :app:mergeExtDexLocalDebug
build	Build Debug APK	2025-10-16T21:42:15.0831315Z > Task :app:kaptLocalDebugKotlin SKIPPED
build	Build Debug APK	2025-10-16T21:42:15.1832855Z > Task :app:mergeLibDexLocalDebug
build	Build Debug APK	2025-10-16T21:42:15.2832337Z > Task :app:mergeLocalDebugJniLibFolders
build	Build Debug APK	2025-10-16T21:42:15.5860472Z > Task :app:mergeLocalDebugNativeLibs
build	Build Debug APK	2025-10-16T21:42:18.0825128Z > Task :app:validateSigningLocalDebug
build	Build Debug APK	2025-10-16T21:42:18.1826769Z > Task :app:writeLocalDebugAppMetadata
build	Build Debug APK	2025-10-16T21:42:18.1846066Z > Task :app:writeLocalDebugSigningConfigVersions
build	Build Debug APK	2025-10-16T21:42:18.1846883Z > Task :app:preMockDebugBuild UP-TO-DATE
build	Build Debug APK	2025-10-16T21:42:18.1847869Z > Task :app:mergeMockDebugNativeDebugMetadata NO-SOURCE
build	Build Debug APK	2025-10-16T21:42:18.4877785Z > Task :app:stripLocalDebugDebugSymbols
build	Build Debug APK	2025-10-16T21:42:18.6826245Z > Task :app:dataBindingMergeDependencyArtifactsMockDebug
build	Build Debug APK	2025-10-16T21:42:18.6827428Z > Task :app:generateMockDebugResValues
build	Build Debug APK	2025-10-16T21:42:18.6828128Z > Task :app:generateMockDebugResources
build	Build Debug APK	2025-10-16T21:42:20.0825228Z > Task :app:packageMockDebugResources
build	Build Debug APK	2025-10-16T21:42:21.4825815Z > Task :app:parseMockDebugLocalResources
build	Build Debug APK	2025-10-16T21:42:21.4829956Z > Task :app:generateMockDebugBuildConfig
build	Build Debug APK	2025-10-16T21:42:21.4833388Z > Task :app:checkMockDebugAarMetadata
build	Build Debug APK	2025-10-16T21:42:21.5825112Z > Task :app:mapMockDebugSourceSetPaths
build	Build Debug APK	2025-10-16T21:42:21.5829107Z > Task :app:mergeMockDebugResources
build	Build Debug APK	2025-10-16T21:42:21.5833128Z > Task :app:createMockDebugCompatibleScreenManifests
build	Build Debug APK	2025-10-16T21:42:21.6848750Z > Task :app:dataBindingGenBaseClassesMockDebug
build	Build Debug APK	2025-10-16T21:42:21.7840453Z > Task :app:extractDeepLinksMockDebug
build	Build Debug APK	2025-10-16T21:42:21.8825996Z > Task :app:processMockDebugMainManifest
build	Build Debug APK	2025-10-16T21:42:21.8827810Z > Task :app:processMockDebugManifest
build	Build Debug APK	2025-10-16T21:42:21.8828508Z > Task :app:processMockDebugManifestForPackage
build	Build Debug APK	2025-10-16T21:42:21.8829247Z > Task :app:javaPreCompileMockDebug
build	Build Debug APK	2025-10-16T21:42:21.9831567Z > Task :app:mergeMockDebugShaders
build	Build Debug APK	2025-10-16T21:42:21.9832543Z > Task :app:compileMockDebugShaders NO-SOURCE
build	Build Debug APK	2025-10-16T21:42:21.9833314Z > Task :app:generateMockDebugAssets UP-TO-DATE
build	Build Debug APK	2025-10-16T21:42:22.0833489Z > Task :app:mergeMockDebugAssets
build	Build Debug APK	2025-10-16T21:42:22.4825047Z > Task :app:compressMockDebugAssets
build	Build Debug APK	2025-10-16T21:42:22.6851174Z > Task :app:checkMockDebugDuplicateClasses
build	Build Debug APK	2025-10-16T21:42:22.6852266Z > Task :app:desugarMockDebugFileDependencies
build	Build Debug APK	2025-10-16T21:42:23.6841655Z > Task :app:mergeLibDexMockDebug
build	Build Debug APK	2025-10-16T21:42:23.6846264Z > Task :app:processMockDebugResources
build	Build Debug APK	2025-10-16T21:42:23.6847443Z > Task :app:mergeMockDebugJniLibFolders
build	Build Debug APK	2025-10-16T21:42:24.5838132Z 
build	Build Debug APK	2025-10-16T21:42:24.5843500Z > Task :app:kaptGenerateStubsMockDebugKotlin
build	Build Debug APK	2025-10-16T21:42:24.5844477Z w: Kapt currently doesn't support language version 2.0+. Falling back to 1.9.
build	Build Debug APK	2025-10-16T21:42:24.5848530Z 
build	Build Debug APK	2025-10-16T21:42:24.5908309Z > Task :app:mergeMockDebugNativeLibs
build	Build Debug APK	2025-10-16T21:42:24.5909365Z > Task :app:kaptMockDebugKotlin SKIPPED
build	Build Debug APK	2025-10-16T21:42:28.1829695Z > Task :app:stripMockDebugDebugSymbols
build	Build Debug APK	2025-10-16T21:42:28.1831044Z > Task :app:validateSigningMockDebug
build	Build Debug APK	2025-10-16T21:42:28.1831736Z > Task :app:writeMockDebugAppMetadata
build	Build Debug APK	2025-10-16T21:42:28.2848587Z > Task :app:writeMockDebugSigningConfigVersions
build	Build Debug APK	2025-10-16T21:42:28.2849251Z > Task :app:preRemoteDebugBuild UP-TO-DATE
build	Build Debug APK	2025-10-16T21:42:28.2849880Z > Task :app:mergeRemoteDebugNativeDebugMetadata NO-SOURCE
build	Build Debug APK	2025-10-16T21:42:28.2850465Z > Task :app:mergeExtDexMockDebug
build	Build Debug APK	2025-10-16T21:42:28.3826041Z > Task :app:dataBindingMergeDependencyArtifactsRemoteDebug
build	Build Debug APK	2025-10-16T21:42:28.3827643Z > Task :app:generateRemoteDebugResValues
build	Build Debug APK	2025-10-16T21:42:28.3828178Z > Task :app:generateRemoteDebugResources
build	Build Debug APK	2025-10-16T21:42:29.6825694Z > Task :app:packageRemoteDebugResources
build	Build Debug APK	2025-10-16T21:42:30.3826212Z > Task :app:parseRemoteDebugLocalResources
build	Build Debug APK	2025-10-16T21:42:30.3836203Z > Task :app:generateRemoteDebugBuildConfig
build	Build Debug APK	2025-10-16T21:42:30.3837149Z > Task :app:checkRemoteDebugAarMetadata
build	Build Debug APK	2025-10-16T21:42:30.4827135Z > Task :app:mapRemoteDebugSourceSetPaths
build	Build Debug APK	2025-10-16T21:42:30.4831618Z > Task :app:createRemoteDebugCompatibleScreenManifests
build	Build Debug APK	2025-10-16T21:42:30.4835514Z > Task :app:extractDeepLinksRemoteDebug
build	Build Debug APK	2025-10-16T21:42:30.5826386Z > Task :app:processRemoteDebugMainManifest
build	Build Debug APK	2025-10-16T21:42:30.5830574Z > Task :app:processRemoteDebugManifest
build	Build Debug APK	2025-10-16T21:42:30.6831374Z > Task :app:processRemoteDebugManifestForPackage
build	Build Debug APK	2025-10-16T21:42:30.6835878Z > Task :app:mergeRemoteDebugResources
build	Build Debug APK	2025-10-16T21:42:30.6893207Z > Task :app:javaPreCompileRemoteDebug
build	Build Debug APK	2025-10-16T21:42:30.7844079Z > Task :app:dataBindingGenBaseClassesRemoteDebug
build	Build Debug APK	2025-10-16T21:42:30.8870796Z > Task :app:mergeRemoteDebugShaders
build	Build Debug APK	2025-10-16T21:42:30.8874839Z > Task :app:compileRemoteDebugShaders NO-SOURCE
build	Build Debug APK	2025-10-16T21:42:30.8878652Z > Task :app:generateRemoteDebugAssets UP-TO-DATE
build	Build Debug APK	2025-10-16T21:42:30.8882182Z > Task :app:mergeRemoteDebugAssets
build	Build Debug APK	2025-10-16T21:42:30.8885663Z > Task :app:compressRemoteDebugAssets
build	Build Debug APK	2025-10-16T21:42:30.9825603Z > Task :app:checkRemoteDebugDuplicateClasses
build	Build Debug APK	2025-10-16T21:42:30.9828076Z > Task :app:desugarRemoteDebugFileDependencies
build	Build Debug APK	2025-10-16T21:42:33.0878547Z > Task :app:processRemoteDebugResources
build	Build Debug APK	2025-10-16T21:42:36.8829645Z > Task :app:mergeExtDexRemoteDebug
build	Build Debug APK	2025-10-16T21:42:36.9858352Z > Task :app:mergeLibDexRemoteDebug
build	Build Debug APK	2025-10-16T21:42:36.9859259Z > Task :app:mergeRemoteDebugJniLibFolders
build	Build Debug APK	2025-10-16T21:42:36.9859946Z > Task :app:mergeRemoteDebugNativeLibs
build	Build Debug APK	2025-10-16T21:42:37.0855956Z > Task :app:stripRemoteDebugDebugSymbols
build	Build Debug APK	2025-10-16T21:42:37.0860055Z > Task :app:validateSigningRemoteDebug
build	Build Debug APK	2025-10-16T21:42:37.0863698Z > Task :app:writeRemoteDebugAppMetadata
build	Build Debug APK	2025-10-16T21:42:37.0867505Z > Task :app:writeRemoteDebugSigningConfigVersions
build	Build Debug APK	2025-10-16T21:42:37.3875005Z 
build	Build Debug APK	2025-10-16T21:42:37.3908203Z > Task :app:kaptGenerateStubsRemoteDebugKotlin
build	Build Debug APK	2025-10-16T21:42:37.3909276Z w: Kapt currently doesn't support language version 2.0+. Falling back to 1.9.
build	Build Debug APK	2025-10-16T21:42:37.3910083Z 
build	Build Debug APK	2025-10-16T21:42:37.3910431Z > Task :app:kaptRemoteDebugKotlin SKIPPED
build	Build Debug APK	2025-10-16T21:42:39.3858738Z 
build	Build Debug APK	2025-10-16T21:42:39.3859667Z > Task :app:compileLocalDebugKotlin
build	Build Debug APK	2025-10-16T21:42:39.3861972Z w: file:///home/runner/work/truth-android-client/truth-android-client/app/src/main/java/com/truth/training/client/p2p/P2PDiscoveryService.kt:54:28 'fun resolveService(p0: NsdServiceInfo!, p1: NsdManager.ResolveListener!): Unit' is deprecated. Deprecated in Java.
build	Build Debug APK	2025-10-16T21:42:39.3868863Z w: file:///home/runner/work/truth-android-client/truth-android-client/app/src/main/java/com/truth/training/client/p2p/P2PDiscoveryService.kt:57:45 'var host: InetAddress!' is deprecated. Deprecated in Java.
build	Build Debug APK	2025-10-16T21:42:39.4842051Z 
build	Build Debug APK	2025-10-16T21:42:39.4844111Z > Task :app:compileMockDebugKotlin
build	Build Debug APK	2025-10-16T21:42:39.4845866Z w: file:///home/runner/work/truth-android-client/truth-android-client/app/src/main/java/com/truth/training/client/p2p/P2PDiscoveryService.kt:54:28 'fun resolveService(p0: NsdServiceInfo!, p1: NsdManager.ResolveListener!): Unit' is deprecated. Deprecated in Java.
build	Build Debug APK	2025-10-16T21:42:39.4848692Z w: file:///home/runner/work/truth-android-client/truth-android-client/app/src/main/java/com/truth/training/client/p2p/P2PDiscoveryService.kt:57:45 'var host: InetAddress!' is deprecated. Deprecated in Java.
build	Build Debug APK	2025-10-16T21:42:42.7823996Z 
build	Build Debug APK	2025-10-16T21:42:42.7828255Z > Task :app:compileRemoteDebugKotlin
build	Build Debug APK	2025-10-16T21:42:42.7833621Z w: file:///home/runner/work/truth-android-client/truth-android-client/app/src/main/java/com/truth/training/client/p2p/P2PDiscoveryService.kt:54:28 'fun resolveService(p0: NsdServiceInfo!, p1: NsdManager.ResolveListener!): Unit' is deprecated. Deprecated in Java.
build	Build Debug APK	2025-10-16T21:42:42.7838210Z w: file:///home/runner/work/truth-android-client/truth-android-client/app/src/main/java/com/truth/training/client/p2p/P2PDiscoveryService.kt:57:45 'var host: InetAddress!' is deprecated. Deprecated in Java.
build	Build Debug APK	2025-10-16T21:42:47.0829791Z 
build	Build Debug APK	2025-10-16T21:42:47.0831100Z > Task :app:compileLocalDebugJavaWithJavac
build	Build Debug APK	2025-10-16T21:42:47.6824979Z > Task :app:dexBuilderLocalDebug
build	Build Debug APK	2025-10-16T21:42:47.7825745Z > Task :app:mergeLocalDebugGlobalSynthetics
build	Build Debug APK	2025-10-16T21:42:47.7826901Z > Task :app:processLocalDebugJavaRes
build	Build Debug APK	2025-10-16T21:42:48.3824964Z > Task :app:mergeProjectDexLocalDebug
build	Build Debug APK	2025-10-16T21:42:48.6824916Z > Task :app:compileMockDebugJavaWithJavac
build	Build Debug APK	2025-10-16T21:42:49.0824892Z > Task :app:mergeLocalDebugJavaResource
build	Build Debug APK	2025-10-16T21:42:49.1864084Z > Task :app:dexBuilderMockDebug
build	Build Debug APK	2025-10-16T21:42:49.1874632Z > Task :app:mergeMockDebugGlobalSynthetics
build	Build Debug APK	2025-10-16T21:42:49.1875437Z > Task :app:processMockDebugJavaRes
build	Build Debug APK	2025-10-16T21:42:49.5824836Z > Task :app:mergeProjectDexMockDebug
build	Build Debug APK	2025-10-16T21:42:49.8825103Z > Task :app:compileRemoteDebugJavaWithJavac
build	Build Debug APK	2025-10-16T21:42:49.8829136Z > Task :app:mergeMockDebugJavaResource
build	Build Debug APK	2025-10-16T21:42:50.4826194Z > Task :app:dexBuilderRemoteDebug
build	Build Debug APK	2025-10-16T21:42:50.4827026Z 
build	Build Debug APK	2025-10-16T21:42:50.4827606Z > Task :app:packageLocalDebug
build	Build Debug APK	2025-10-16T21:42:50.4828330Z There are no .so files available to package in the APK for x86_64.
build	Build Debug APK	2025-10-16T21:42:50.4828935Z 
build	Build Debug APK	2025-10-16T21:42:50.4829324Z > Task :app:createLocalDebugApkListingFileRedirect
build	Build Debug APK	2025-10-16T21:42:50.5823894Z 
build	Build Debug APK	2025-10-16T21:42:50.5830424Z > Task :app:packageMockDebug
build	Build Debug APK	2025-10-16T21:42:50.5834140Z There are no .so files available to package in the APK for x86_64.
build	Build Debug APK	2025-10-16T21:42:50.5837744Z 
build	Build Debug APK	2025-10-16T21:42:50.5840940Z > Task :app:assembleLocalDebug
build	Build Debug APK	2025-10-16T21:42:50.5844410Z > Task :app:createMockDebugApkListingFileRedirect
build	Build Debug APK	2025-10-16T21:42:50.5847917Z > Task :app:assembleMockDebug
build	Build Debug APK	2025-10-16T21:42:50.5850072Z > Task :app:processRemoteDebugJavaRes
build	Build Debug APK	2025-10-16T21:42:50.5852190Z > Task :app:mergeRemoteDebugGlobalSynthetics
build	Build Debug APK	2025-10-16T21:42:50.6850008Z > Task :app:mergeProjectDexRemoteDebug
build	Build Debug APK	2025-10-16T21:42:51.0824768Z > Task :app:mergeRemoteDebugJavaResource
build	Build Debug APK	2025-10-16T21:42:51.3830242Z 
build	Build Debug APK	2025-10-16T21:42:51.3833126Z > Task :app:packageRemoteDebug
build	Build Debug APK	2025-10-16T21:42:51.3837758Z There are no .so files available to package in the APK for x86_64.
build	Build Debug APK	2025-10-16T21:42:51.3841638Z 
build	Build Debug APK	2025-10-16T21:42:51.3845449Z > Task :app:createRemoteDebugApkListingFileRedirect
build	Build Debug APK	2025-10-16T21:42:51.3848175Z > Task :app:assembleRemoteDebug
build	Build Debug APK	2025-10-16T21:42:51.3848617Z > Task :app:assembleDebug
build	Build Debug APK	2025-10-16T21:42:51.4723911Z 
build	Build Debug APK	2025-10-16T21:42:51.4725482Z [Incubating] Problems report is available at: file:///home/runner/work/truth-android-client/truth-android-client/build/reports/problems/problems-report.html
build	Build Debug APK	2025-10-16T21:42:51.4726854Z 
build	Build Debug APK	2025-10-16T21:42:51.4733783Z Deprecated Gradle features were used in this build, making it incompatible with Gradle 10.0.
build	Build Debug APK	2025-10-16T21:42:51.4738436Z 
build	Build Debug APK	2025-10-16T21:42:51.4745537Z You can use '--warning-mode all' to show the individual deprecation warnings and determine if they come from your own scripts or plugins.
build	Build Debug APK	2025-10-16T21:42:51.4746665Z 
build	Build Debug APK	2025-10-16T21:42:51.4748365Z For more on this, please refer to https://docs.gradle.org/9.0-milestone-1/userguide/command_line_interface.html#sec:command_line_warnings in the Gradle documentation.
build	Build Debug APK	2025-10-16T21:42:51.4778802Z 
build	Build Debug APK	2025-10-16T21:42:51.4779562Z BUILD SUCCESSFUL in 4m 16s
build	Build Debug APK	2025-10-16T21:42:51.4780144Z 120 actionable tasks: 120 executed
build	Upload build artifacts	ï»¿2025-10-16T21:42:51.8080699Z ##[group]Run actions/upload-artifact@v4
build	Upload build artifacts	2025-10-16T21:42:51.8081183Z with:
build	Upload build artifacts	2025-10-16T21:42:51.8081479Z   name: truth-android-build
build	Upload build artifacts	2025-10-16T21:42:51.8082110Z   path: app/build/outputs/apk/debug/app-debug.apk
build	Upload build artifacts	app/src/main/jniLibs/**/*.so
build	Upload build artifacts	
build	Upload build artifacts	2025-10-16T21:42:51.8082786Z   if-no-files-found: warn
build	Upload build artifacts	2025-10-16T21:42:51.8083151Z   compression-level: 6
build	Upload build artifacts	2025-10-16T21:42:51.8083496Z   overwrite: false
build	Upload build artifacts	2025-10-16T21:42:51.8083828Z   include-hidden-files: false
build	Upload build artifacts	2025-10-16T21:42:51.8084196Z env:
build	Upload build artifacts	2025-10-16T21:42:51.8084655Z   JAVA_HOME: /opt/hostedtoolcache/Java_Temurin-Hotspot_jdk/17.0.16-8/x64
build	Upload build artifacts	2025-10-16T21:42:51.8085462Z   JAVA_HOME_17_X64: /opt/hostedtoolcache/Java_Temurin-Hotspot_jdk/17.0.16-8/x64
build	Upload build artifacts	2025-10-16T21:42:51.8086133Z   ANDROID_SDK_ROOT: /usr/local/lib/android/sdk
build	Upload build artifacts	2025-10-16T21:42:51.8086612Z   ANDROID_HOME: /usr/local/lib/android/sdk
build	Upload build artifacts	2025-10-16T21:42:51.8087153Z   ANDROID_NDK_HOME: /usr/local/lib/android/sdk/ndk/26.1.10909125
build	Upload build artifacts	2025-10-16T21:42:51.8087996Z   ANDROID_NDK_ROOT: /usr/local/lib/android/sdk/ndk/26.1.10909125
build	Upload build artifacts	2025-10-16T21:42:51.8088661Z   NDK_HOME: /usr/local/lib/android/sdk/ndk/26.1.10909125
build	Upload build artifacts	2025-10-16T21:42:51.8089154Z   CARGO_HOME: /home/runner/.cargo
build	Upload build artifacts	2025-10-16T21:42:51.8089541Z   CARGO_INCREMENTAL: 0
build	Upload build artifacts	2025-10-16T21:42:51.8089880Z   CARGO_TERM_COLOR: always
build	Upload build artifacts	2025-10-16T21:42:51.8090220Z ##[endgroup]
build	Upload build artifacts	2025-10-16T21:42:52.1344325Z Multiple search paths detected. Calculating the least common ancestor of all paths
build	Upload build artifacts	2025-10-16T21:42:52.1349854Z The least common ancestor is /home/runner/work/truth-android-client/truth-android-client/app. This will be the root directory of the artifact
build	Upload build artifacts	2025-10-16T21:42:52.1351386Z With the provided path, there will be 1 file uploaded
build	Upload build artifacts	2025-10-16T21:42:52.1358104Z Artifact name is valid!
build	Upload build artifacts	2025-10-16T21:42:52.1359783Z Root directory input is valid!
build	Upload build artifacts	2025-10-16T21:42:52.3518690Z Beginning upload of artifact content to blob storage
build	Upload build artifacts	2025-10-16T21:42:52.7129864Z Uploaded bytes 323757
build	Upload build artifacts	2025-10-16T21:42:52.7631058Z Finished uploading artifact content to blob storage!
build	Upload build artifacts	2025-10-16T21:42:52.7635402Z SHA256 digest of uploaded artifact zip is 5b7fe8d605375884217a4f7ff420e59f627e8ca14658f47fc9bfd67714666684
build	Upload build artifacts	2025-10-16T21:42:52.7637995Z Finalizing artifact upload
build	Upload build artifacts	2025-10-16T21:42:52.8625499Z Artifact truth-android-build.zip successfully finalized. Artifact ID 4293738325
build	Upload build artifacts	2025-10-16T21:42:52.8627362Z Artifact truth-android-build has been successfully uploaded! Final size is 323757 bytes. Artifact ID is 4293738325
build	Upload build artifacts	2025-10-16T21:42:52.8633969Z Artifact download URL: https://github.com/ekwator/truth-android-client/actions/runs/18575468242/artifacts/4293738325
build	â Done	ï»¿2025-10-16T21:42:52.8766207Z ##[group]Run echo "Android client and native library built, signed, and uploaded successfully!"
build	â Done	2025-10-16T21:42:52.8767522Z [36;1mecho "Android client and native library built, signed, and uploaded successfully!"[0m
build	â Done	2025-10-16T21:42:52.8812582Z shell: /usr/bin/bash -e {0}
build	â Done	2025-10-16T21:42:52.8812975Z env:
build	â Done	2025-10-16T21:42:52.8813467Z   JAVA_HOME: /opt/hostedtoolcache/Java_Temurin-Hotspot_jdk/17.0.16-8/x64
build	â Done	2025-10-16T21:42:52.8814316Z   JAVA_HOME_17_X64: /opt/hostedtoolcache/Java_Temurin-Hotspot_jdk/17.0.16-8/x64
build	â Done	2025-10-16T21:42:52.8814998Z   ANDROID_SDK_ROOT: /usr/local/lib/android/sdk
build	â Done	2025-10-16T21:42:52.8815490Z   ANDROID_HOME: /usr/local/lib/android/sdk
build	â Done	2025-10-16T21:42:52.8816041Z   ANDROID_NDK_HOME: /usr/local/lib/android/sdk/ndk/26.1.10909125
build	â Done	2025-10-16T21:42:52.8816693Z   ANDROID_NDK_ROOT: /usr/local/lib/android/sdk/ndk/26.1.10909125
build	â Done	2025-10-16T21:42:52.8817457Z   NDK_HOME: /usr/local/lib/android/sdk/ndk/26.1.10909125
build	â Done	2025-10-16T21:42:52.8817973Z   CARGO_HOME: /home/runner/.cargo
build	â Done	2025-10-16T21:42:52.8818420Z   CARGO_INCREMENTAL: 0
build	â Done	2025-10-16T21:42:52.8818782Z   CARGO_TERM_COLOR: always
build	â Done	2025-10-16T21:42:52.8819143Z ##[endgroup]
build	â Done	2025-10-16T21:42:52.8887813Z Android client and native library built, signed, and uploaded successfully!
build	Post Cache Gradle	ï»¿2025-10-16T21:42:53.8624732Z Post job cleanup.
build	Post Cache Gradle	2025-10-16T21:42:54.0317478Z [command]/usr/bin/tar --posix -cf cache.tzst --exclude cache.tzst -P -C /home/runner/work/truth-android-client/truth-android-client --files-from manifest.txt --use-compress-program zstdmt
build	Post Cache Gradle	2025-10-16T21:42:57.5015649Z Sent 30882942 of 366427262 (8.4%), 29.5 MBs/sec
build	Post Cache Gradle	2025-10-16T21:42:58.0205845Z Sent 366427262 of 366427262 (100.0%), 229.6 MBs/sec
build	Post Cache Gradle	2025-10-16T21:42:58.1614161Z Cache saved with key: gradle-Linux-b47f0cd60aa549a9809c3c69b48c631d0cd50e98d0e5163e3ba65d9555931e93
build	Post Cache Cargo	ï»¿2025-10-16T21:42:58.8139231Z Post job cleanup.
build	Post Cache Cargo	2025-10-16T21:42:58.9504105Z [command]/usr/bin/tar --posix -cf cache.tzst --exclude cache.tzst -P -C /home/runner/work/truth-android-client/truth-android-client --files-from manifest.txt --use-compress-program zstdmt
build	Post Cache Cargo	2025-10-16T21:43:00.7343679Z Sent 40894464 of 63848159 (64.0%), 39.0 MBs/sec
build	Post Cache Cargo	2025-10-16T21:43:01.2061213Z Sent 63848159 of 63848159 (100.0%), 41.4 MBs/sec
build	Post Cache Cargo	2025-10-16T21:43:01.2885866Z Cache saved with key: cargo-Linux-
build	Post Setup Java	ï»¿2025-10-16T21:43:01.3022495Z Post job cleanup.
build	Post Checkout	ï»¿2025-10-16T21:43:01.4726772Z Post job cleanup.
build	Post Checkout	2025-10-16T21:43:01.5709373Z [command]/usr/bin/git version
build	Post Checkout	2025-10-16T21:43:01.5745500Z git version 2.51.0
build	Post Checkout	2025-10-16T21:43:01.5789901Z Temporarily overriding HOME='/home/runner/work/_temp/47fe8f7e-cdf8-4c82-b452-32d553df80fb' before making global git config changes
build	Post Checkout	2025-10-16T21:43:01.5791245Z Adding repository directory to the temporary git global config as a safe directory
build	Post Checkout	2025-10-16T21:43:01.5802729Z [command]/usr/bin/git config --global --add safe.directory /home/runner/work/truth-android-client/truth-android-client
build	Post Checkout	2025-10-16T21:43:01.5835478Z [command]/usr/bin/git config --local --name-only --get-regexp core\.sshCommand
build	Post Checkout	2025-10-16T21:43:01.5867064Z [command]/usr/bin/git submodule foreach --recursive sh -c "git config --local --name-only --get-regexp 'core\.sshCommand' && git config --local --unset-all 'core.sshCommand' || :"
build	Post Checkout	2025-10-16T21:43:01.6085548Z [command]/usr/bin/git config --local --name-only --get-regexp http\.https\:\/\/github\.com\/\.extraheader
build	Post Checkout	2025-10-16T21:43:01.6106180Z http.https://github.com/.extraheader
build	Post Checkout	2025-10-16T21:43:01.6118661Z [command]/usr/bin/git config --local --unset-all http.https://github.com/.extraheader
build	Post Checkout	2025-10-16T21:43:01.6148017Z [command]/usr/bin/git submodule foreach --recursive sh -c "git config --local --name-only --get-regexp 'http\.https\:\/\/github\.com\/\.extraheader' && git config --local --unset-all 'http.https://github.com/.extraheader' || :"
build	Complete job	ï»¿2025-10-16T21:43:01.6466560Z Cleaning up orphan processes
build	Complete job	2025-10-16T21:43:01.6733315Z Terminate orphan process: pid (8390) (java)
build	Complete job	2025-10-16T21:43:01.6757602Z Terminate orphan process: pid (8669) (java)
